Component: ARM Compiler 5.06 update 6 (build 750) Tool: armlink [4d35ed]

==============================================================================

Section Cross References

    startup_stm32f746xx.o(RESET) refers to startup_stm32f746xx.o(STACK) for __initial_sp
    startup_stm32f746xx.o(RESET) refers to startup_stm32f746xx.o(.text) for Reset_Handler
    startup_stm32f746xx.o(RESET) refers to stm32f7xx_it.o(i.NMI_Handler) for NMI_Handler
    startup_stm32f746xx.o(RESET) refers to stm32f7xx_it.o(i.HardFault_Handler) for HardFault_Handler
    startup_stm32f746xx.o(RESET) refers to stm32f7xx_it.o(i.MemManage_Handler) for MemManage_Handler
    startup_stm32f746xx.o(RESET) refers to stm32f7xx_it.o(i.BusFault_Handler) for BusFault_Handler
    startup_stm32f746xx.o(RESET) refers to stm32f7xx_it.o(i.UsageFault_Handler) for UsageFault_Handler
    startup_stm32f746xx.o(RESET) refers to stm32f7xx_it.o(i.SVC_Handler) for SVC_Handler
    startup_stm32f746xx.o(RESET) refers to stm32f7xx_it.o(i.DebugMon_Handler) for DebugMon_Handler
    startup_stm32f746xx.o(RESET) refers to stm32f7xx_it.o(i.PendSV_Handler) for PendSV_Handler
    startup_stm32f746xx.o(RESET) refers to stm32f7xx_it.o(i.SysTick_Handler) for SysTick_Handler
    startup_stm32f746xx.o(RESET) refers to stm32f7xx_it.o(i.TIM7_IRQHandler) for TIM7_IRQHandler
    startup_stm32f746xx.o(.text) refers to system_stm32f7xx.o(i.SystemInit) for SystemInit
    startup_stm32f746xx.o(.text) refers to entry.o(.ARM.Collect$$$$00000000) for __main
    main.o(i.HAL_TIM_PeriodElapsedCallback) refers to objecttime.o(i.ObjectGUI_TimeAdd) for ObjectGUI_TimeAdd
    main.o(i.MX_DMA2D_Init) refers to stm32f7xx_hal_dma2d.o(i.HAL_DMA2D_Init) for HAL_DMA2D_Init
    main.o(i.MX_DMA2D_Init) refers to stm32f7xx_hal_dma2d.o(i.HAL_DMA2D_ConfigLayer) for HAL_DMA2D_ConfigLayer
    main.o(i.MX_DMA2D_Init) refers to main.o(.bss) for .bss
    main.o(i.MX_FMC_Init) refers to memseta.o(.text) for __aeabi_memclr4
    main.o(i.MX_FMC_Init) refers to stm32f7xx_hal_sdram.o(i.HAL_SDRAM_Init) for HAL_SDRAM_Init
    main.o(i.MX_FMC_Init) refers to main.o(.bss) for .bss
    main.o(i.MX_GPIO_Init) refers to memseta.o(.text) for __aeabi_memclr4
    main.o(i.MX_GPIO_Init) refers to stm32f7xx_hal_gpio.o(i.HAL_GPIO_WritePin) for HAL_GPIO_WritePin
    main.o(i.MX_GPIO_Init) refers to stm32f7xx_hal_gpio.o(i.HAL_GPIO_Init) for HAL_GPIO_Init
    main.o(i.MX_LTDC_Init) refers to memseta.o(.text) for __aeabi_memclr4
    main.o(i.MX_LTDC_Init) refers to stm32f7xx_hal_ltdc.o(i.HAL_LTDC_Init) for HAL_LTDC_Init
    main.o(i.MX_LTDC_Init) refers to stm32f7xx_hal_ltdc.o(i.HAL_LTDC_ConfigLayer) for HAL_LTDC_ConfigLayer
    main.o(i.MX_LTDC_Init) refers to main.o(.bss) for .bss
    main.o(i.MX_USART1_UART_Init) refers to stm32f7xx_hal_uart.o(i.HAL_UART_Init) for HAL_UART_Init
    main.o(i.MX_USART1_UART_Init) refers to main.o(.bss) for .bss
    main.o(i.SystemClock_Config) refers to memseta.o(.text) for __aeabi_memclr4
    main.o(i.SystemClock_Config) refers to stm32f7xx_hal_rcc.o(i.HAL_RCC_OscConfig) for HAL_RCC_OscConfig
    main.o(i.SystemClock_Config) refers to stm32f7xx_hal_pwr_ex.o(i.HAL_PWREx_EnableOverDrive) for HAL_PWREx_EnableOverDrive
    main.o(i.SystemClock_Config) refers to stm32f7xx_hal_rcc.o(i.HAL_RCC_ClockConfig) for HAL_RCC_ClockConfig
    main.o(i.SystemClock_Config) refers to stm32f7xx_hal_rcc_ex.o(i.HAL_RCCEx_PeriphCLKConfig) for HAL_RCCEx_PeriphCLKConfig
    main.o(i.fputc) refers to stm32f7xx_hal_uart.o(i.HAL_UART_Transmit) for HAL_UART_Transmit
    main.o(i.fputc) refers to main.o(.bss) for .bss
    main.o(i.main) refers to stm32f7xx_hal.o(i.HAL_Init) for HAL_Init
    main.o(i.main) refers to main.o(i.SystemClock_Config) for SystemClock_Config
    main.o(i.main) refers to main.o(i.MX_GPIO_Init) for MX_GPIO_Init
    main.o(i.main) refers to main.o(i.MX_DMA2D_Init) for MX_DMA2D_Init
    main.o(i.main) refers to main.o(i.MX_FMC_Init) for MX_FMC_Init
    main.o(i.main) refers to main.o(i.MX_LTDC_Init) for MX_LTDC_Init
    main.o(i.main) refers to stm32f7xx_hal_tim.o(i.HAL_TIM_Base_Init) for HAL_TIM_Base_Init
    main.o(i.main) refers to stm32f7xx_hal_tim_ex.o(i.HAL_TIMEx_MasterConfigSynchronization) for HAL_TIMEx_MasterConfigSynchronization
    main.o(i.main) refers to main.o(i.MX_USART1_UART_Init) for MX_USART1_UART_Init
    main.o(i.main) refers to stm32f7xx_hal_cortex.o(i.HAL_MPU_Disable) for HAL_MPU_Disable
    main.o(i.main) refers to stm32f7xx_hal_cortex.o(i.HAL_MPU_ConfigRegion) for HAL_MPU_ConfigRegion
    main.o(i.main) refers to stm32f7xx_hal_cortex.o(i.HAL_MPU_Enable) for HAL_MPU_Enable
    main.o(i.main) refers to stm32746g_discovery_sdram.o(i.BSP_SDRAM_Init) for BSP_SDRAM_Init
    main.o(i.main) refers to stm32746g_discovery_lcd.o(i.BSP_LCD_Init) for BSP_LCD_Init
    main.o(i.main) refers to stm32746g_discovery_lcd.o(i.BSP_LCD_LayerDefaultInit) for BSP_LCD_LayerDefaultInit
    main.o(i.main) refers to stm32746g_discovery_lcd.o(i.BSP_LCD_SelectLayer) for BSP_LCD_SelectLayer
[...]
    I2C_RequestMemoryWrite                   0x080033a9   Thumb Code    94  stm32f7xx_hal_i2c.o(i.I2C_RequestMemoryWrite)
    i.I2C_TransferConfig                     0x0800340c   Section        0  stm32f7xx_hal_i2c.o(i.I2C_TransferConfig)
    I2C_TransferConfig                       0x0800340d   Thumb Code    40  stm32f7xx_hal_i2c.o(i.I2C_TransferConfig)
    i.I2C_WaitOnFlagUntilTimeout             0x08003438   Section        0  stm32f7xx_hal_i2c.o(i.I2C_WaitOnFlagUntilTimeout)
    I2C_WaitOnFlagUntilTimeout               0x08003439   Thumb Code    90  stm32f7xx_hal_i2c.o(i.I2C_WaitOnFlagUntilTimeout)
    i.I2C_WaitOnSTOPFlagUntilTimeout         0x08003492   Section        0  stm32f7xx_hal_i2c.o(i.I2C_WaitOnSTOPFlagUntilTimeout)
    I2C_WaitOnSTOPFlagUntilTimeout           0x08003493   Thumb Code    78  stm32f7xx_hal_i2c.o(i.I2C_WaitOnSTOPFlagUntilTimeout)
    i.I2C_WaitOnTXISFlagUntilTimeout         0x080034e0   Section        0  stm32f7xx_hal_i2c.o(i.I2C_WaitOnTXISFlagUntilTimeout)
    I2C_WaitOnTXISFlagUntilTimeout           0x080034e1   Thumb Code    82  stm32f7xx_hal_i2c.o(i.I2C_WaitOnTXISFlagUntilTimeout)
    i.I2Cx_Error                             0x08003532   Section        0  stm32746g_discovery.o(i.I2Cx_Error)
    I2Cx_Error                               0x08003533   Thumb Code    18  stm32746g_discovery.o(i.I2Cx_Error)
    i.I2Cx_Init                              0x08003544   Section        0  stm32746g_discovery.o(i.I2Cx_Init)
    I2Cx_Init                                0x08003545   Thumb Code    64  stm32746g_discovery.o(i.I2Cx_Init)
    i.I2Cx_MspInit                           0x08003594   Section        0  stm32746g_discovery.o(i.I2Cx_MspInit)
    I2Cx_MspInit                             0x08003595   Thumb Code   266  stm32746g_discovery.o(i.I2Cx_MspInit)
    i.I2Cx_ReadMultiple                      0x080036b8   Section        0  stm32746g_discovery.o(i.I2Cx_ReadMultiple)
    I2Cx_ReadMultiple                        0x080036b9   Thumb Code    42  stm32746g_discovery.o(i.I2Cx_ReadMultiple)
    i.I2Cx_WriteMultiple                     0x080036e2   Section        0  stm32746g_discovery.o(i.I2Cx_WriteMultiple)
    I2Cx_WriteMultiple                       0x080036e3   Thumb Code    42  stm32746g_discovery.o(i.I2Cx_WriteMultiple)
    i.LL_FillBuffer                          0x0800370c   Section        0  stm32746g_discovery_lcd.o(i.LL_FillBuffer)
    LL_FillBuffer                            0x0800370d   Thumb Code   116  stm32746g_discovery_lcd.o(i.LL_FillBuffer)
    i.LTDC_SetConfig                         0x0800378c   Section        0  stm32f7xx_hal_ltdc.o(i.LTDC_SetConfig)
    LTDC_SetConfig                           0x0800378d   Thumb Code   464  stm32f7xx_hal_ltdc.o(i.LTDC_SetConfig)
    i.MX_DMA2D_Init                          0x0800395c   Section        0  main.o(i.MX_DMA2D_Init)
    MX_DMA2D_Init                            0x0800395d   Thumb Code    52  main.o(i.MX_DMA2D_Init)
    i.MX_FMC_Init                            0x08003998   Section        0  main.o(i.MX_FMC_Init)
    MX_FMC_Init                              0x08003999   Thumb Code    80  main.o(i.MX_FMC_Init)
    i.MX_GPIO_Init                           0x080039f0   Section        0  main.o(i.MX_GPIO_Init)
    MX_GPIO_Init                             0x080039f1   Thumb Code  1258  main.o(i.MX_GPIO_Init)
    i.MX_LTDC_Init                           0x08003ef0   Section        0  main.o(i.MX_LTDC_Init)
    MX_LTDC_Init                             0x08003ef1   Thumb Code   204  main.o(i.MX_LTDC_Init)
    i.MX_USART1_UART_Init                    0x08003fc4   Section        0  main.o(i.MX_USART1_UART_Init)
    MX_USART1_UART_Init                      0x08003fc5   Thumb Code    48  main.o(i.MX_USART1_UART_Init)
    i.MemManage_Handler                      0x08003ffc   Section        0  stm32f7xx_it.o(i.MemManage_Handler)
    i.NMI_Handler                            0x08003ffe   Section        0  stm32f7xx_it.o(i.NMI_Handler)
    i.ObjectGUI_TimeAdd                      0x08004000   Section        0  objecttime.o(i.ObjectGUI_TimeAdd)
    i.ObjectGUI_delay                        0x08004010   Section        0  objecttime.o(i.ObjectGUI_delay)
    i.ObjectLCDSetPixel                      0x08004024   Section        0  object.o(i.ObjectLCDSetPixel)
    i.PendSV_Handler                         0x0800404a   Section        0  stm32f7xx_it.o(i.PendSV_Handler)
    i.SVC_Handler                            0x0800404c   Section        0  stm32f7xx_it.o(i.SVC_Handler)
    i.SysTick_Handler                        0x0800404e   Section        0  stm32f7xx_it.o(i.SysTick_Handler)
    i.SystemClock_Config                     0x08004054   Section        0  main.o(i.SystemClock_Config)
    i.SystemInit                             0x08004118   Section        0  system_stm32f7xx.o(i.SystemInit)
    i.TIM7_IRQHandler                        0x08004134   Section        0  stm32f7xx_it.o(i.TIM7_IRQHandler)
    i.TIM_Base_SetConfig                     0x08004140   Section        0  stm32f7xx_hal_tim.o(i.TIM_Base_SetConfig)
    i.TS_IO_Delay                            0x0800420c   Section        0  stm32746g_discovery.o(i.TS_IO_Delay)
    i.TS_IO_Init                             0x08004210   Section        0  stm32746g_discovery.o(i.TS_IO_Init)
    i.TS_IO_Read                             0x0800421c   Section        0  stm32746g_discovery.o(i.TS_IO_Read)
    i.TS_IO_Write                            0x08004244   Section        0  stm32746g_discovery.o(i.TS_IO_Write)
    i.UART_AdvFeatureConfig                  0x08004264   Section        0  stm32f7xx_hal_uart.o(i.UART_AdvFeatureConfig)
    i.UART_CheckIdleState                    0x0800432c   Section        0  stm32f7xx_hal_uart.o(i.UART_CheckIdleState)
    i.UART_SetConfig                         0x08004368   Section        0  stm32f7xx_hal_uart.o(i.UART_SetConfig)
    i.UART_WaitOnFlagUntilTimeout            0x080045c4   Section        0  stm32f7xx_hal_uart.o(i.UART_WaitOnFlagUntilTimeout)
    i.UsageFault_Handler                     0x08004668   Section        0  stm32f7xx_it.o(i.UsageFault_Handler)
    i.__0printf$bare                         0x0800466c   Section        0  printfb.o(i.__0printf$bare)
    i.__NVIC_SetPriority                     0x0800467c   Section        0  stm32f7xx_hal_cortex.o(i.__NVIC_SetPriority)
    __NVIC_SetPriority                       0x0800467d   Thumb Code    34  stm32f7xx_hal_cortex.o(i.__NVIC_SetPriority)
    i.__hardfp_sqrt                          0x0800469e   Section        0  sqrt.o(i.__hardfp_sqrt)
    i.__scatterload_copy                     0x08004718   Section       14  handlers.o(i.__scatterload_copy)
    i.__scatterload_null                     0x08004726   Section        2  handlers.o(i.__scatterload_null)
    i.__scatterload_zeroinit                 0x08004728   Section       14  handlers.o(i.__scatterload_zeroinit)
    i.__set_errno                            0x08004738   Section        0  errno.o(i.__set_errno)
    i._printf_core                           0x08004744   Section        0  printfb.o(i._printf_core)
    _printf_core                             0x08004745   Thumb Code    34  printfb.o(i._printf_core)
    i.fputc                                  0x08004768   Section        0  main.o(i.fputc)
    i.free                                   0x08004780   Section        0  malloc.o(i.free)
    i.ft5336_I2C_InitializeIfRequired        0x080047d0   Section        0  ft5336.o(i.ft5336_I2C_InitializeIfRequired)
    ft5336_I2C_InitializeIfRequired          0x080047d1   Thumb Code    20  ft5336.o(i.ft5336_I2C_InitializeIfRequired)
    i.ft5336_Init                            0x080047e8   Section        0  ft5336.o(i.ft5336_Init)
    i.ft5336_ReadID                          0x080047f8   Section        0  ft5336.o(i.ft5336_ReadID)
    i.ft5336_Reset                           0x08004832   Section        0  ft5336.o(i.ft5336_Reset)
    i.ft5336_TS_ClearIT                      0x08004834   Section        0  ft5336.o(i.ft5336_TS_ClearIT)
    i.ft5336_TS_DetectTouch                  0x08004838   Section        0  ft5336.o(i.ft5336_TS_DetectTouch)
    i.ft5336_TS_DisableIT                    0x08004878   Section        0  ft5336.o(i.ft5336_TS_DisableIT)
    i.ft5336_TS_EnableIT                     0x08004882   Section        0  ft5336.o(i.ft5336_TS_EnableIT)
    i.ft5336_TS_GetGestureID                 0x0800488c   Section        0  ft5336.o(i.ft5336_TS_GetGestureID)
    i.ft5336_TS_GetTouchInfo                 0x080048ac   Section        0  ft5336.o(i.ft5336_TS_GetTouchInfo)
    i.ft5336_TS_GetXY                        0x08004978   Section        0  ft5336.o(i.ft5336_TS_GetXY)
    i.ft5336_TS_ITStatus                     0x08004a98   Section        0  ft5336.o(i.ft5336_TS_ITStatus)
    i.ft5336_TS_Start                        0x08004a9c   Section        0  ft5336.o(i.ft5336_TS_Start)
    i.main                                   0x08004aa0   Section        0  main.o(i.main)
    i.malloc                                 0x08004c9c   Section        0  malloc.o(i.malloc)
    i.ucIsTouchBound_LR                      0x08004d08   Section        0  object.o(i.ucIsTouchBound_LR)
    i.ucIsTouchBound_TB                      0x08004d24   Section        0  object.o(i.ucIsTouchBound_TB)
    i.ucObjectGroup_GetGroupObjNum           0x08004d40   Section        0  objectgroup.o(i.ucObjectGroup_GetGroupObjNum)
    i.uiFindObjectAtPixel                    0x08004d56   Section        0  object.o(i.uiFindObjectAtPixel)
    i.uiGetObjectPixel                       0x08004de6   Section        0  object.o(i.uiGetObjectPixel)
    i.uiGetPicturePixel                      0x08004e0a   Section        0  object.o(i.uiGetPicturePixel)
    i.vBallJump_Group                        0x08004e16   Section        0  objuserfunc.o(i.vBallJump_Group)
    i.vDetectPress_NewDel                    0x08004e74   Section        0  objuserfunc.o(i.vDetectPress_NewDel)
    i.vInLCDRange                            0x08005070   Section        0  object.o(i.vInLCDRange)
    vInLCDRange                              0x08005071   Thumb Code   110  object.o(i.vInLCDRange)
    i.vPressMove_Group                       0x080050e0   Section        0  objectgroup.o(i.vPressMove_Group)
    i.vTS_PressControl                       0x0800536c   Section        0  objuserfunc.o(i.vTS_PressControl)
    i.xDeleteObject                          0x080053ac   Section        0  object.o(i.xDeleteObject)
    i.xDeletePyObj                           0x080053c4   Section        0  pyobj.o(i.xDeletePyObj)
    i.xFindPicOverlapXYWL                    0x080053cc   Section        0  object.o(i.xFindPicOverlapXYWL)
    i.xGetObject                             0x08005476   Section        0  object.o(i.xGetObject)
    i.xGetPyObjByObj                         0x0800547e   Section        0  pyobj.o(i.xGetPyObjByObj)
    i.xInitObject                            0x080054a8   Section        0  object.o(i.xInitObject)
    i.xInitPyObj                             0x080054b2   Section        0  pyobj.o(i.xInitPyObj)
    i.xIsObjectOverlappingTP                 0x080054bc   Section        0  object.o(i.xIsObjectOverlappingTP)
    i.xIsPicOverlapping                      0x080054ee   Section        0  object.o(i.xIsPicOverlapping)
    i.xIsPicOverlappingTP                    0x0800552c   Section        0  object.o(i.xIsPicOverlappingTP)
    i.xMoveObject                            0x080055e8   Section        0  object.o(i.xMoveObject)
    i.xMovePyObj                             0x080055f8   Section        0  pyobj.o(i.xMovePyObj)
    i.xNewObject                             0x0800598c   Section        0  object.o(i.xNewObject)
    i.xNewPyObj                              0x08005994   Section        0  pyobj.o(i.xNewPyObj)
    i.xObjectData                            0x0800599c   Section        0  object.o(i.xObjectData)
    i.xObjectGroup_AddObj                    0x08005a74   Section        0  objectgroup.o(i.xObjectGroup_AddObj)
    i.xObjectGroup_FindEmptyGroupNum         0x08005ab4   Section        0  objectgroup.o(i.xObjectGroup_FindEmptyGroupNum)
    xObjectGroup_FindEmptyGroupNum           0x08005ab5   Thumb Code    64  objectgroup.o(i.xObjectGroup_FindEmptyGroupNum)
    i.xObjectGroup_GetObj                    0x08005af8   Section        0  objectgroup.o(i.xObjectGroup_GetObj)
    i.xObjectGroup_GetTop                    0x08005b18   Section        0  objectgroup.o(i.xObjectGroup_GetTop)
    i.xObjectGroup_IsObjInGroup              0x08005b24   Section        0  objectgroup.o(i.xObjectGroup_IsObjInGroup)
    i.xObjectGroup_New                       0x08005b38   Section        0  objectgroup.o(i.xObjectGroup_New)
    i.xObjectGroup_RemoveObjFromAllGroup     0x08005b78   Section        0  objectgroup.o(i.xObjectGroup_RemoveObjFromAllGroup)
    i.xObjectType_ImportPic                  0x08005bc0   Section        0  object.o(i.xObjectType_ImportPic)
    i.xPointInObject                         0x08005bd4   Section        0  object.o(i.xPointInObject)
    i.xPyObjData                             0x08005bfc   Section        0  pyobj.o(i.xPyObjData)
    i.xSetObjectTo                           0x08005cf0   Section        0  object.o(i.xSetObjectTo)
    i.xSetVisible                            0x08005e74   Section        0  object.o(i.xSetVisible)
    .constdata                               0x08005e8a   Section        8  stm32f7xx_hal_dma.o(.constdata)
    flagBitshiftOffset                       0x08005e8a   Data           8  stm32f7xx_hal_dma.o(.constdata)
    .constdata                               0x08005e92   Section       16  system_stm32f7xx.o(.constdata)
    .constdata                               0x08005ea2   Section        8  system_stm32f7xx.o(.constdata)
    .constdata                               0x08005eaa   Section     6840  stm32746g_discovery_lcd.o(.constdata)
    .data                                    0x20000000   Section        8  stm32f7xx_hal_msp.o(.data)
    FMC_Initialized                          0x20000000   Data           4  stm32f7xx_hal_msp.o(.data)
    FMC_DeInitialized                        0x20000004   Data           4  stm32f7xx_hal_msp.o(.data)
    .data                                    0x20000008   Section       12  stm32f7xx_hal.o(.data)
    .data                                    0x20000014   Section        4  system_stm32f7xx.o(.data)
    .data                                    0x20000018   Section       12  stm32746g_discovery_lcd.o(.data)
    ActiveLayer                              0x20000018   Data           4  stm32746g_discovery_lcd.o(.data)
    .data                                    0x20000024   Section        2  stm32746g_discovery_sdram.o(.data)
    sdramstatus                              0x20000024   Data           1  stm32746g_discovery_sdram.o(.data)
    sdramstatus                              0x20000025   Data           1  stm32746g_discovery_sdram.o(.data)
    .data                                    0x20000028   Section       12  stm32746g_discovery_ts.o(.data)
    tsOrientation                            0x20000028   Data           1  stm32746g_discovery_ts.o(.data)
    I2cAddress                               0x20000029   Data           1  stm32746g_discovery_ts.o(.data)
    tsXBoundary                              0x2000002a   Data           2  stm32746g_discovery_ts.o(.data)
    tsYBoundary                              0x2000002c   Data           2  stm32746g_discovery_ts.o(.data)
    tsDriver                                 0x20000030   Data           4  stm32746g_discovery_ts.o(.data)
    .data                                    0x20000034   Section       40  ft5336.o(.data)
    .data                                    0x2000005c   Section        5  ft5336.o(.data)
    coord                                    0x2000005c   Data           2  ft5336.o(.data)
    ft5336_handle                            0x2000005e   Data           3  ft5336.o(.data)
    .data                                    0x20000061   Section        8  object.o(.data)
    ObjectEmpty                              0x20000061   Data           8  object.o(.data)
    .data                                    0x2000006c   Section       24  objectgroup.o(.data)
    GroupNum_pre                             0x2000006e   Data           1  objectgroup.o(.data)
    ObjNum_pre                               0x20000074   Data           4  objectgroup.o(.data)
    Group_ptr                                0x20000078   Data           4  objectgroup.o(.data)
    PressX_pre_ptr                           0x2000007c   Data           4  objectgroup.o(.data)
    PressY_pre_ptr                           0x20000080   Data           4  objectgroup.o(.data)
    .data                                    0x20000084   Section        8  objecttime.o(.data)
    ObjecTime_pre                            0x20000084   Data           4  objecttime.o(.data)
    .data                                    0x2000008c   Section        8  pyobj.o(.data)
    PyObjEmpty                               0x2000008c   Data           8  pyobj.o(.data)
    .data                                    0x20000094   Section       12  objuserfunc.o(.data)
    key                                      0x20000094   Data           1  objuserfunc.o(.data)
    pre_key                                  0x20000095   Data           1  objuserfunc.o(.data)
    debounce                                 0x20000096   Data           1  objuserfunc.o(.data)
    Pressed_pre                              0x20000097   Data           1  objuserfunc.o(.data)
    .data                                    0x200000a0   Section        4  rand.o(.data)
    _rand_state                              0x200000a0   Data           4  rand.o(.data)
    .data                                    0x200000a4   Section        4  stdout.o(.data)
    .data                                    0x200000a8   Section        4  mvars.o(.data)
    .data                                    0x200000ac   Section        4  mvars.o(.data)
    .data                                    0x200000b0   Section        4  errno.o(.data)
    _errno                                   0x200000b0   Data           4  errno.o(.data)
    .bss                                     0x200000b4   Section      476  main.o(.bss)
    .bss                                     0x20000290   Section      152  stm32746g_discovery.o(.bss)
    hI2cAudioHandler                         0x20000290   Data          76  stm32746g_discovery.o(.bss)
    hI2cExtHandler                           0x200002dc   Data          76  stm32746g_discovery.o(.bss)
    .bss                                     0x20000328   Section      388  stm32746g_discovery_lcd.o(.bss)
    periph_clk_init_struct                   0x20000328   Data         132  stm32746g_discovery_lcd.o(.bss)
    hDma2dHandler                            0x20000454   Data          64  stm32746g_discovery_lcd.o(.bss)
    DrawProp                                 0x20000494   Data          24  stm32746g_discovery_lcd.o(.bss)
    .bss                                     0x200004ac   Section      288  stm32746g_discovery_sdram.o(.bss)
    dma_handle                               0x200004ac   Data          96  stm32746g_discovery_sdram.o(.bss)
    dma_handle                               0x2000050c   Data          96  stm32746g_discovery_sdram.o(.bss)
    Timing                                   0x200005a0   Data          28  stm32746g_discovery_sdram.o(.bss)
    Command                                  0x200005bc   Data          16  stm32746g_discovery_sdram.o(.bss)
    .bss                                     0x200005cc   Section       40  stm32746g_discovery_ts.o(.bss)
    _x                                       0x200005cc   Data          20  stm32746g_discovery_ts.o(.bss)
    _y                                       0x200005e0   Data          20  stm32746g_discovery_ts.o(.bss)
    .bss                                     0x200005f4   Section       32  object.o(.bss)
    ObjectList                               0x200005f4   Data          32  object.o(.bss)
    .bss                                     0x20000614   Section       32  pyobj.o(.bss)
    PyObjList                                0x20000614   Data          32  pyobj.o(.bss)
    .bss                                     0x20000634   Section       24  objuserfunc.o(.bss)
    HEAP                                     0x20000650   Section     8192  startup_stm32f746xx.o(HEAP)
    STACK                                    0x20002650   Section     1024  startup_stm32f746xx.o(STACK)

    Global Symbols

    Symbol Name                              Value     Ov Type        Size  Object(Section)

    BuildAttributes$$THM_ISAv4$E$P$D$K$B$S$7EM$VFPi5$EXTD16$VFPS$VFMA$PE$PLD8$A:L22UL41UL21$X:L11$S22US41US21$IEEE1$IW$USESV6$~STKCKD$USESV7$~SHL$OTIME$ROPI$IEEEJ$EBA8$MICROLIB$REQ8$PRES8$EABIv2 0x00000000   Number         0  anon$$obj.o ABSOLUTE
    __ARM_use_no_argv                        0x00000000   Number         0  main.o ABSOLUTE
    __cpp_initialize__aeabi_                  - Undefined Weak Reference
    __cxa_finalize                            - Undefined Weak Reference
    __decompress                              - Undefined Weak Reference
    _clock_init                               - Undefined Weak Reference
    _microlib_exit                            - Undefined Weak Reference
    __Vectors_Size                           0x000001c8   Number         0  startup_stm32f746xx.o ABSOLUTE
    __Vectors                                0x08000000   Data           4  startup_stm32f746xx.o(RESET)
    __Vectors_End                            0x080001c8   Data           0  startup_stm32f746xx.o(RESET)
    __main                                   0x080001c9   Thumb Code     0  entry.o(.ARM.Collect$$$$00000000)
    _main_stk                                0x080001c9   Thumb Code     0  entry2.o(.ARM.Collect$$$$00000001)
    _main_scatterload                        0x080001cd   Thumb Code     0  entry5.o(.ARM.Collect$$$$00000004)
    __main_after_scatterload                 0x080001d1   Thumb Code     0  entry5.o(.ARM.Collect$$$$00000004)
    _main_clock                              0x080001d1   Thumb Code     0  entry7b.o(.ARM.Collect$$$$00000008)
    _main_cpp_init                           0x080001d1   Thumb Code     0  entry8b.o(.ARM.Collect$$$$0000000A)
    _main_init                               0x080001d1   Thumb Code     0  entry9a.o(.ARM.Collect$$$$0000000B)
    __rt_final_cpp                           0x080001d9   Thumb Code     0  entry10a.o(.ARM.Collect$$$$0000000D)
    __rt_final_exit                          0x080001d9   Thumb Code     0  entry11a.o(.ARM.Collect$$$$0000000F)
    Reset_Handler                            0x080001dd   Thumb Code     8  startup_stm32f746xx.o(.text)
    ADC_IRQHandler                           0x080001f7   Thumb Code     0  startup_stm32f746xx.o(.text)
    CAN1_RX0_IRQHandler                      0x080001f7   Thumb Code     0  startup_stm32f746xx.o(.text)
    CAN1_RX1_IRQHandler                      0x080001f7   Thumb Code     0  startup_stm32f746xx.o(.text)
    CAN1_SCE_IRQHandler                      0x080001f7   Thumb Code     0  startup_stm32f746xx.o(.text)
    CAN1_TX_IRQHandler                       0x080001f7   Thumb Code     0  startup_stm32f746xx.o(.text)
    CAN2_RX0_IRQHandler                      0x080001f7   Thumb Code     0  startup_stm32f746xx.o(.text)
    CAN2_RX1_IRQHandler                      0x080001f7   Thumb Code     0  startup_stm32f746xx.o(.text)
    CAN2_SCE_IRQHandler                      0x080001f7   Thumb Code     0  startup_stm32f746xx.o(.text)
    CAN2_TX_IRQHandler                       0x080001f7   Thumb Code     0  startup_stm32f746xx.o(.text)
    CEC_IRQHandler                           0x080001f7   Thumb Code     0  startup_stm32f746xx.o(.text)
    DCMI_IRQHandler                          0x080001f7   Thumb Code     0  startup_stm32f746xx.o(.text)
    DMA1_Stream0_IRQHandler                  0x080001f7   Thumb Code     0  startup_stm32f746xx.o(.text)
    DMA1_Stream1_IRQHandler                  0x080001f7   Thumb Code     0  startup_stm32f746xx.o(.text)
    DMA1_Stream2_IRQHandler                  0x080001f7   Thumb Code     0  startup_stm32f746xx.o(.text)
    DMA1_Stream3_IRQHandler                  0x080001f7   Thumb Code     0  startup_stm32f746xx.o(.text)
    DMA1_Stream4_IRQHandler                  0x080001f7   Thumb Code     0  startup_stm32f746xx.o(.text)
    DMA1_Stream5_IRQHandler                  0x080001f7   Thumb Code     0  startup_stm32f746xx.o(.text)
    DMA1_Stream6_IRQHandler                  0x080001f7   Thumb Code     0  startup_stm32f746xx.o(.text)
    DMA1_Stream7_IRQHandler                  0x080001f7   Thumb Code     0  startup_stm32f746xx.o(.text)
    DMA2D_IRQHandler                         0x080001f7   Thumb Code     0  startup_stm32f746xx.o(.text)
    DMA2_Stream0_IRQHandler                  0x080001f7   Thumb Code     0  startup_stm32f746xx.o(.text)
    DMA2_Stream1_IRQHandler                  0x080001f7   Thumb Code     0  startup_stm32f746xx.o(.text)
    DMA2_Stream2_IRQHandler                  0x080001f7   Thumb Code     0  startup_stm32f746xx.o(.text)
    DMA2_Stream3_IRQHandler                  0x080001f7   Thumb Code     0  startup_stm32f746xx.o(.text)
    DMA2_Stream4_IRQHandler                  0x080001f7   Thumb Code     0  startup_stm32f746xx.o(.text)
    DMA2_Stream5_IRQHandler                  0x080001f7   Thumb Code     0  startup_stm32f746xx.o(.text)
    DMA2_Stream6_IRQHandler                  0x080001f7   Thumb Code     0  startup_stm32f746xx.o(.text)
    DMA2_Stream7_IRQHandler                  0x080001f7   Thumb Code     0  startup_stm32f746xx.o(.text)
    ETH_IRQHandler                           0x080001f7   Thumb Code     0  startup_stm32f746xx.o(.text)
    ETH_WKUP_IRQHandler                      0x080001f7   Thumb Code     0  startup_stm32f746xx.o(.text)
    EXTI0_IRQHandler                         0x080001f7   Thumb Code     0  startup_stm32f746xx.o(.text)
    EXTI15_10_IRQHandler                     0x080001f7   Thumb Code     0  startup_stm32f746xx.o(.text)
    EXTI1_IRQHandler                         0x080001f7   Thumb Code     0  startup_stm32f746xx.o(.text)
    EXTI2_IRQHandler                         0x080001f7   Thumb Code     0  startup_stm32f746xx.o(.text)
    EXTI3_IRQHandler                         0x080001f7   Thumb Code     0  startup_stm32f746xx.o(.text)
    EXTI4_IRQHandler                         0x080001f7   Thumb Code     0  startup_stm32f746xx.o(.text)
    EXTI9_5_IRQHandler                       0x080001f7   Thumb Code     0  startup_stm32f746xx.o(.text)
    FLASH_IRQHandler                         0x080001f7   Thumb Code     0  startup_stm32f746xx.o(.text)
    FMC_IRQHandler                           0x080001f7   Thumb Code     0  startup_stm32f746xx.o(.text)
    FPU_IRQHandler                           0x080001f7   Thumb Code     0  startup_stm32f746xx.o(.text)
    I2C1_ER_IRQHandler                       0x080001f7   Thumb Code     0  startup_stm32f746xx.o(.text)
    I2C1_EV_IRQHandler                       0x080001f7   Thumb Code     0  startup_stm32f746xx.o(.text)
    I2C2_ER_IRQHandler                       0x080001f7   Thumb Code     0  startup_stm32f746xx.o(.text)
    I2C2_EV_IRQHandler                       0x080001f7   Thumb Code     0  startup_stm32f746xx.o(.text)
    I2C3_ER_IRQHandler                       0x080001f7   Thumb Code     0  startup_stm32f746xx.o(.text)
    I2C3_EV_IRQHandler                       0x080001f7   Thumb Code     0  startup_stm32f746xx.o(.text)
    I2C4_ER_IRQHandler                       0x080001f7   Thumb Code     0  startup_stm32f746xx.o(.text)
    I2C4_EV_IRQHandler                       0x080001f7   Thumb Code     0  startup_stm32f746xx.o(.text)
    LPTIM1_IRQHandler                        0x080001f7   Thumb Code     0  startup_stm32f746xx.o(.text)
    LTDC_ER_IRQHandler                       0x080001f7   Thumb Code     0  startup_stm32f746xx.o(.text)
    LTDC_IRQHandler                          0x080001f7   Thumb Code     0  startup_stm32f746xx.o(.text)
    OTG_FS_IRQHandler                        0x080001f7   Thumb Code     0  startup_stm32f746xx.o(.text)
    OTG_FS_WKUP_IRQHandler                   0x080001f7   Thumb Code     0  startup_stm32f746xx.o(.text)
    OTG_HS_EP1_IN_IRQHandler                 0x080001f7   Thumb Code     0  startup_stm32f746xx.o(.text)
    OTG_HS_EP1_OUT_IRQHandler                0x080001f7   Thumb Code     0  startup_stm32f746xx.o(.text)
    OTG_HS_IRQHandler                        0x080001f7   Thumb Code     0  startup_stm32f746xx.o(.text)
    OTG_HS_WKUP_IRQHandler                   0x080001f7   Thumb Code     0  startup_stm32f746xx.o(.text)
    PVD_IRQHandler                           0x080001f7   Thumb Code     0  startup_stm32f746xx.o(.text)
    QUADSPI_IRQHandler                       0x080001f7   Thumb Code     0  startup_stm32f746xx.o(.text)
    RCC_IRQHandler                           0x080001f7   Thumb Code     0  startup_stm32f746xx.o(.text)
    RNG_IRQHandler                           0x080001f7   Thumb Code     0  startup_stm32f746xx.o(.text)
    RTC_Alarm_IRQHandler                     0x080001f7   Thumb Code     0  startup_stm32f746xx.o(.text)
    RTC_WKUP_IRQHandler                      0x080001f7   Thumb Code     0  startup_stm32f746xx.o(.text)
    SAI1_IRQHandler                          0x080001f7   Thumb Code     0  startup_stm32f746xx.o(.text)
    SAI2_IRQHandler                          0x080001f7   Thumb Code     0  startup_stm32f746xx.o(.text)
    SDMMC1_IRQHandler                        0x080001f7   Thumb Code     0  startup_stm32f746xx.o(.text)
    SPDIF_RX_IRQHandler                      0x080001f7   Thumb Code     0  startup_stm32f746xx.o(.text)
    SPI1_IRQHandler                          0x080001f7   Thumb Code     0  startup_stm32f746xx.o(.text)
    SPI2_IRQHandler                          0x080001f7   Thumb Code     0  startup_stm32f746xx.o(.text)
    SPI3_IRQHandler                          0x080001f7   Thumb Code     0  startup_stm32f746xx.o(.text)
    SPI4_IRQHandler                          0x080001f7   Thumb Code     0  startup_stm32f746xx.o(.text)
    SPI5_IRQHandler                          0x080001f7   Thumb Code     0  startup_stm32f746xx.o(.text)
    SPI6_IRQHandler                          0x080001f7   Thumb Code     0  startup_stm32f746xx.o(.text)
    TAMP_STAMP_IRQHandler                    0x080001f7   Thumb Code     0  startup_stm32f746xx.o(.text)
    TIM1_BRK_TIM9_IRQHandler                 0x080001f7   Thumb Code     0  startup_stm32f746xx.o(.text)
    TIM1_CC_IRQHandler                       0x080001f7   Thumb Code     0  startup_stm32f746xx.o(.text)
    TIM1_TRG_COM_TIM11_IRQHandler            0x080001f7   Thumb Code     0  startup_stm32f746xx.o(.text)
    TIM1_UP_TIM10_IRQHandler                 0x080001f7   Thumb Code     0  startup_stm32f746xx.o(.text)
    TIM2_IRQHandler                          0x080001f7   Thumb Code     0  startup_stm32f746xx.o(.text)
    TIM3_IRQHandler                          0x080001f7   Thumb Code     0  startup_stm32f746xx.o(.text)
    TIM4_IRQHandler                          0x080001f7   Thumb Code     0  startup_stm32f746xx.o(.text)
    TIM5_IRQHandler                          0x080001f7   Thumb Code     0  startup_stm32f746xx.o(.text)
    TIM6_DAC_IRQHandler                      0x080001f7   Thumb Code     0  startup_stm32f746xx.o(.text)
    TIM8_BRK_TIM12_IRQHandler                0x080001f7   Thumb Code     0  startup_stm32f746xx.o(.text)
    TIM8_CC_IRQHandler                       0x080001f7   Thumb Code     0  startup_stm32f746xx.o(.text)
    TIM8_TRG_COM_TIM14_IRQHandler            0x080001f7   Thumb Code     0  startup_stm32f746xx.o(.text)
    TIM8_UP_TIM13_IRQHandler                 0x080001f7   Thumb Code     0  startup_stm32f746xx.o(.text)
    UART4_IRQHandler                         0x080001f7   Thumb Code     0  startup_stm32f746xx.o(.text)
    UART5_IRQHandler                         0x080001f7   Thumb Code     0  startup_stm32f746xx.o(.text)
    UART7_IRQHandler                         0x080001f7   Thumb Code     0  startup_stm32f746xx.o(.text)
    UART8_IRQHandler                         0x080001f7   Thumb Code     0  startup_stm32f746xx.o(.text)
    USART1_IRQHandler                        0x080001f7   Thumb Code     0  startup_stm32f746xx.o(.text)
    USART2_IRQHandler                        0x080001f7   Thumb Code     0  startup_stm32f746xx.o(.text)
    USART3_IRQHandler                        0x080001f7   Thumb Code     0  startup_stm32f746xx.o(.text)
    USART6_IRQHandler                        0x080001f7   Thumb Code     0  startup_stm32f746xx.o(.text)
    WWDG_IRQHandler                          0x080001f7   Thumb Code     0  startup_stm32f746xx.o(.text)
    __aeabi_uldivmod                         0x08000201   Thumb Code    98  uldiv.o(.text)
    rand                                     0x08000265   Thumb Code    20  rand.o(.text)
    srand                                    0x08000279   Thumb Code     6  rand.o(.text)
    __aeabi_memcpy                           0x08000289   Thumb Code    36  memcpya.o(.text)
    __aeabi_memcpy4                          0x08000289   Thumb Code     0  memcpya.o(.text)
    __aeabi_memcpy8                          0x08000289   Thumb Code     0  memcpya.o(.text)
    __aeabi_memset                           0x080002ad   Thumb Code    14  memseta.o(.text)
    __aeabi_memset4                          0x080002ad   Thumb Code     0  memseta.o(.text)
    __aeabi_memset8                          0x080002ad   Thumb Code     0  memseta.o(.text)
    __aeabi_memclr                           0x080002bb   Thumb Code     4  memseta.o(.text)
    __aeabi_memclr4                          0x080002bb   Thumb Code     0  memseta.o(.text)
    __aeabi_memclr8                          0x080002bb   Thumb Code     0  memseta.o(.text)
    _memset$wrapper                          0x080002bf   Thumb Code    18  memseta.o(.text)
    calloc                                   0x080002d1   Thumb Code    28  calloc.o(.text)
    __aeabi_f2d                              0x080002ed   Thumb Code    38  f2d.o(.text)
    __aeabi_d2f                              0x08000313   Thumb Code    56  d2f.o(.text)
    __aeabi_llsl                             0x0800034b   Thumb Code    30  llshl.o(.text)
    _ll_shift_l                              0x0800034b   Thumb Code     0  llshl.o(.text)
    __aeabi_llsr                             0x08000369   Thumb Code    32  llushr.o(.text)
    _ll_ushift_r                             0x08000369   Thumb Code     0  llushr.o(.text)
    __I$use$fp                               0x08000389   Thumb Code     0  iusefp.o(.text)
    _float_round                             0x08000389   Thumb Code    18  fepilogue.o(.text)
    _float_epilogue                          0x0800039b   Thumb Code    92  fepilogue.o(.text)
    _dsqrt                                   0x080003f7   Thumb Code   162  dsqrt.o(.text)
    __scatterload                            0x08000499   Thumb Code    28  init.o(.text)
    __scatterload_rt2                        0x08000499   Thumb Code     0  init.o(.text)
    _double_round                            0x080004bd   Thumb Code    30  depilogue.o(.text)
    _double_epilogue                         0x080004db   Thumb Code   156  depilogue.o(.text)
    BSP_LCD_Clear                            0x08000579   Thumb Code    48  stm32746g_discovery_lcd.o(i.BSP_LCD_Clear)
    BSP_LCD_ClockConfig                      0x080005b1   Thumb Code    26  stm32746g_discovery_lcd.o(i.BSP_LCD_ClockConfig)
    BSP_LCD_DisplayChar                      0x080005d1   Thumb Code    44  stm32746g_discovery_lcd.o(i.BSP_LCD_DisplayChar)
    BSP_LCD_DisplayOn                        0x08000605   Thumb Code    38  stm32746g_discovery_lcd.o(i.BSP_LCD_DisplayOn)
    BSP_LCD_DisplayStringAt                  0x08000639   Thumb Code   192  stm32746g_discovery_lcd.o(i.BSP_LCD_DisplayStringAt)
    BSP_LCD_DrawPixel                        0x08000701   Thumb Code    90  stm32746g_discovery_lcd.o(i.BSP_LCD_DrawPixel)
    BSP_LCD_GetXSize                         0x08000765   Thumb Code    22  stm32746g_discovery_lcd.o(i.BSP_LCD_GetXSize)
    BSP_LCD_GetYSize                         0x08000785   Thumb Code    22  stm32746g_discovery_lcd.o(i.BSP_LCD_GetYSize)
    BSP_LCD_Init                             0x080007a5   Thumb Code   142  stm32746g_discovery_lcd.o(i.BSP_LCD_Init)
    BSP_LCD_LayerDefaultInit                 0x08000849   Thumb Code   112  stm32746g_discovery_lcd.o(i.BSP_LCD_LayerDefaultInit)
    BSP_LCD_MspInit                          0x080008c1   Thumb Code   286  stm32746g_discovery_lcd.o(i.BSP_LCD_MspInit)
    BSP_LCD_ReadPixel                        0x080009f9   Thumb Code   168  stm32746g_discovery_lcd.o(i.BSP_LCD_ReadPixel)
    BSP_LCD_SelectLayer                      0x08000aa9   Thumb Code     6  stm32746g_discovery_lcd.o(i.BSP_LCD_SelectLayer)
    BSP_LCD_SetBackColor                     0x08000ab5   Thumb Code    18  stm32746g_discovery_lcd.o(i.BSP_LCD_SetBackColor)
    BSP_LCD_SetFont                          0x08000ad1   Thumb Code    18  stm32746g_discovery_lcd.o(i.BSP_LCD_SetFont)
    BSP_LCD_SetTextColor                     0x08000aed   Thumb Code    16  stm32746g_discovery_lcd.o(i.BSP_LCD_SetTextColor)
    BSP_SDRAM_Init                           0x08000b05   Thumb Code   108  stm32746g_discovery_sdram.o(i.BSP_SDRAM_Init)
    BSP_SDRAM_Initialization_sequence        0x08000b7d   Thumb Code   134  stm32746g_discovery_sdram.o(i.BSP_SDRAM_Initialization_sequence)
    BSP_SDRAM_MspInit                        0x08000c09   Thumb Code   322  stm32746g_discovery_sdram.o(i.BSP_SDRAM_MspInit)
    BSP_TS_GetState                          0x08000d71   Thumb Code   360  stm32746g_discovery_ts.o(i.BSP_TS_GetState)
    BSP_TS_Get_GestureId                     0x08000ee1   Thumb Code    88  stm32746g_discovery_ts.o(i.BSP_TS_Get_GestureId)
    BSP_TS_Init                              0x08000f3d   Thumb Code    50  stm32746g_discovery_ts.o(i.BSP_TS_Init)
    BusFault_Handler                         0x08000f79   Thumb Code     2  stm32f7xx_it.o(i.BusFault_Handler)
    DebugMon_Handler                         0x08001089   Thumb Code     2  stm32f7xx_it.o(i.DebugMon_Handler)
    DrawCircleToPicture                      0x0800113d   Thumb Code   474  object.o(i.DrawCircleToPicture)
    FMC_SDRAM_Init                           0x08001335   Thumb Code    94  stm32f7xx_ll_fmc.o(i.FMC_SDRAM_Init)
    FMC_SDRAM_ProgramRefreshRate             0x08001393   Thumb Code    12  stm32f7xx_ll_fmc.o(i.FMC_SDRAM_ProgramRefreshRate)
    FMC_SDRAM_SendCommand                    0x0800139f   Thumb Code    32  stm32f7xx_ll_fmc.o(i.FMC_SDRAM_SendCommand)
    FMC_SDRAM_Timing_Init                    0x080013c1   Thumb Code   134  stm32f7xx_ll_fmc.o(i.FMC_SDRAM_Timing_Init)
    HAL_DMA2D_ConfigLayer                    0x0800144d   Thumb Code   156  stm32f7xx_hal_dma2d.o(i.HAL_DMA2D_ConfigLayer)
    HAL_DMA2D_Init                           0x080014ed   Thumb Code    90  stm32f7xx_hal_dma2d.o(i.HAL_DMA2D_Init)
    HAL_DMA2D_MspInit                        0x08001549   Thumb Code    30  stm32f7xx_hal_msp.o(i.HAL_DMA2D_MspInit)
    HAL_DMA2D_PollForTransfer                0x08001571   Thumb Code   270  stm32f7xx_hal_dma2d.o(i.HAL_DMA2D_PollForTransfer)
    HAL_DMA2D_Start                          0x0800167f   Thumb Code    52  stm32f7xx_hal_dma2d.o(i.HAL_DMA2D_Start)
    HAL_DMA_DeInit                           0x080016b3   Thumb Code    98  stm32f7xx_hal_dma.o(i.HAL_DMA_DeInit)
    HAL_DMA_Init                             0x08001715   Thumb Code   222  stm32f7xx_hal_dma.o(i.HAL_DMA_Init)
    HAL_Delay                                0x080017f9   Thumb Code    32  stm32f7xx_hal.o(i.HAL_Delay)
    HAL_GPIO_Init                            0x080018d1   Thumb Code   420  stm32f7xx_hal_gpio.o(i.HAL_GPIO_Init)
    HAL_GPIO_WritePin                        0x08001aa9   Thumb Code    10  stm32f7xx_hal_gpio.o(i.HAL_GPIO_WritePin)
    HAL_GetTick                              0x08001ab5   Thumb Code     6  stm32f7xx_hal.o(i.HAL_GetTick)
    HAL_I2C_DeInit                           0x08001ac1   Thumb Code    52  stm32f7xx_hal_i2c.o(i.HAL_I2C_DeInit)
    HAL_I2C_GetState                         0x08001af5   Thumb Code     6  stm32f7xx_hal_i2c.o(i.HAL_I2C_GetState)
    HAL_I2C_Init                             0x08001afd   Thumb Code   180  stm32f7xx_hal_i2c.o(i.HAL_I2C_Init)
    HAL_I2C_Mem_Read                         0x08001bb5   Thumb Code   346  stm32f7xx_hal_i2c.o(i.HAL_I2C_Mem_Read)
    HAL_I2C_Mem_Write                        0x08001d19   Thumb Code   340  stm32f7xx_hal_i2c.o(i.HAL_I2C_Mem_Write)
    HAL_I2C_MspDeInit                        0x08001e71   Thumb Code     2  stm32f7xx_hal_i2c.o(i.HAL_I2C_MspDeInit)
    HAL_I2C_MspInit                          0x08001e73   Thumb Code     2  stm32f7xx_hal_i2c.o(i.HAL_I2C_MspInit)
    HAL_IncTick                              0x08001e75   Thumb Code    12  stm32f7xx_hal.o(i.HAL_IncTick)
    HAL_Init                                 0x08001e85   Thumb Code    22  stm32f7xx_hal.o(i.HAL_Init)
    HAL_InitTick                             0x08001e9d   Thumb Code    54  stm32f7xx_hal.o(i.HAL_InitTick)
    HAL_LTDC_ConfigLayer                     0x08001edd   Thumb Code    82  stm32f7xx_hal_ltdc.o(i.HAL_LTDC_ConfigLayer)
    HAL_LTDC_GetState                        0x08001f2f   Thumb Code     6  stm32f7xx_hal_ltdc.o(i.HAL_LTDC_GetState)
    HAL_LTDC_Init                            0x08001f35   Thumb Code   242  stm32f7xx_hal_ltdc.o(i.HAL_LTDC_Init)
    HAL_LTDC_MspInit                         0x0800202d   Thumb Code   240  stm32f7xx_hal_msp.o(i.HAL_LTDC_MspInit)
    HAL_MPU_ConfigRegion                     0x08002139   Thumb Code    86  stm32f7xx_hal_cortex.o(i.HAL_MPU_ConfigRegion)
    HAL_MPU_Disable                          0x08002195   Thumb Code    24  stm32f7xx_hal_cortex.o(i.HAL_MPU_Disable)
    HAL_MPU_Enable                           0x080021b1   Thumb Code    30  stm32f7xx_hal_cortex.o(i.HAL_MPU_Enable)
    HAL_MspInit                              0x080021d5   Thumb Code    42  stm32f7xx_hal_msp.o(i.HAL_MspInit)
    HAL_NVIC_EnableIRQ                       0x08002205   Thumb Code    26  stm32f7xx_hal_cortex.o(i.HAL_NVIC_EnableIRQ)
    HAL_NVIC_SetPriority                     0x08002221   Thumb Code    60  stm32f7xx_hal_cortex.o(i.HAL_NVIC_SetPriority)
    HAL_NVIC_SetPriorityGrouping             0x08002261   Thumb Code    28  stm32f7xx_hal_cortex.o(i.HAL_NVIC_SetPriorityGrouping)
    HAL_PWREx_EnableOverDrive                0x08002285   Thumb Code   100  stm32f7xx_hal_pwr_ex.o(i.HAL_PWREx_EnableOverDrive)
    HAL_RCCEx_PeriphCLKConfig                0x080022f1   Thumb Code  1276  stm32f7xx_hal_rcc_ex.o(i.HAL_RCCEx_PeriphCLKConfig)
    HAL_RCC_ClockConfig                      0x080027ed   Thumb Code   284  stm32f7xx_hal_rcc.o(i.HAL_RCC_ClockConfig)
    HAL_RCC_GetPCLK1Freq                     0x0800291d   Thumb Code    20  stm32f7xx_hal_rcc.o(i.HAL_RCC_GetPCLK1Freq)
    HAL_RCC_GetPCLK2Freq                     0x0800293d   Thumb Code    20  stm32f7xx_hal_rcc.o(i.HAL_RCC_GetPCLK2Freq)
    HAL_RCC_GetSysClockFreq                  0x0800295d   Thumb Code    88  stm32f7xx_hal_rcc.o(i.HAL_RCC_GetSysClockFreq)
    HAL_RCC_OscConfig                        0x080029c1   Thumb Code   888  stm32f7xx_hal_rcc.o(i.HAL_RCC_OscConfig)
    HAL_SDRAM_Init                           0x08002d45   Thumb Code    66  stm32f7xx_hal_sdram.o(i.HAL_SDRAM_Init)
    HAL_SDRAM_MspInit                        0x08002d87   Thumb Code     4  stm32f7xx_hal_msp.o(i.HAL_SDRAM_MspInit)
    HAL_SDRAM_ProgramRefreshRate             0x08002d8b   Thumb Code    34  stm32f7xx_hal_sdram.o(i.HAL_SDRAM_ProgramRefreshRate)
    HAL_SDRAM_SendCommand                    0x08002dad   Thumb Code    48  stm32f7xx_hal_sdram.o(i.HAL_SDRAM_SendCommand)
    HAL_SYSTICK_Config                       0x08002ddd   Thumb Code    38  stm32f7xx_hal_cortex.o(i.HAL_SYSTICK_Config)
    HAL_TIMEx_Break2Callback                 0x08002e03   Thumb Code     2  stm32f7xx_hal_tim_ex.o(i.HAL_TIMEx_Break2Callback)
    HAL_TIMEx_BreakCallback                  0x08002e05   Thumb Code     2  stm32f7xx_hal_tim_ex.o(i.HAL_TIMEx_BreakCallback)
    HAL_TIMEx_CommutCallback                 0x08002e07   Thumb Code     2  stm32f7xx_hal_tim_ex.o(i.HAL_TIMEx_CommutCallback)
    HAL_TIMEx_MasterConfigSynchronization    0x08002e09   Thumb Code   134  stm32f7xx_hal_tim_ex.o(i.HAL_TIMEx_MasterConfigSynchronization)
    HAL_TIM_Base_Init                        0x08002ead   Thumb Code    54  stm32f7xx_hal_tim.o(i.HAL_TIM_Base_Init)
    HAL_TIM_Base_MspInit                     0x08002ee5   Thumb Code    50  stm32f7xx_hal_msp.o(i.HAL_TIM_Base_MspInit)
    HAL_TIM_Base_Start_IT                    0x08002f21   Thumb Code    40  stm32f7xx_hal_tim.o(i.HAL_TIM_Base_Start_IT)
    HAL_TIM_IC_CaptureCallback               0x08002f4d   Thumb Code     2  stm32f7xx_hal_tim.o(i.HAL_TIM_IC_CaptureCallback)
    HAL_TIM_IRQHandler                       0x08002f4f   Thumb Code   386  stm32f7xx_hal_tim.o(i.HAL_TIM_IRQHandler)
    HAL_TIM_OC_DelayElapsedCallback          0x080030d1   Thumb Code     2  stm32f7xx_hal_tim.o(i.HAL_TIM_OC_DelayElapsedCallback)
    HAL_TIM_PWM_PulseFinishedCallback        0x080030d3   Thumb Code     2  stm32f7xx_hal_tim.o(i.HAL_TIM_PWM_PulseFinishedCallback)
    HAL_TIM_PeriodElapsedCallback            0x080030d5   Thumb Code    14  main.o(i.HAL_TIM_PeriodElapsedCallback)
    HAL_TIM_TriggerCallback                  0x080030e9   Thumb Code     2  stm32f7xx_hal_tim.o(i.HAL_TIM_TriggerCallback)
    HAL_UART_Init                            0x080030eb   Thumb Code   102  stm32f7xx_hal_uart.o(i.HAL_UART_Init)
    HAL_UART_MspInit                         0x08003151   Thumb Code   126  stm32f7xx_hal_msp.o(i.HAL_UART_MspInit)
    HAL_UART_Transmit                        0x080031e1   Thumb Code   184  stm32f7xx_hal_uart.o(i.HAL_UART_Transmit)
    HardFault_Handler                        0x08003299   Thumb Code     2  stm32f7xx_it.o(i.HardFault_Handler)
    MemManage_Handler                        0x08003ffd   Thumb Code     2  stm32f7xx_it.o(i.MemManage_Handler)
    NMI_Handler                              0x08003fff   Thumb Code     2  stm32f7xx_it.o(i.NMI_Handler)
    ObjectGUI_TimeAdd                        0x08004001   Thumb Code    10  objecttime.o(i.ObjectGUI_TimeAdd)
    ObjectGUI_delay                          0x08004011   Thumb Code    14  objecttime.o(i.ObjectGUI_delay)
    ObjectLCDSetPixel                        0x08004025   Thumb Code    38  object.o(i.ObjectLCDSetPixel)
    PendSV_Handler                           0x0800404b   Thumb Code     2  stm32f7xx_it.o(i.PendSV_Handler)
    SVC_Handler                              0x0800404d   Thumb Code     2  stm32f7xx_it.o(i.SVC_Handler)
    SysTick_Handler                          0x0800404f   Thumb Code     4  stm32f7xx_it.o(i.SysTick_Handler)
    SystemClock_Config                       0x08004055   Thumb Code   188  main.o(i.SystemClock_Config)
    SystemInit                               0x08004119   Thumb Code    22  system_stm32f7xx.o(i.SystemInit)
    TIM7_IRQHandler                          0x08004135   Thumb Code     6  stm32f7xx_it.o(i.TIM7_IRQHandler)
    TIM_Base_SetConfig                       0x08004141   Thumb Code   158  stm32f7xx_hal_tim.o(i.TIM_Base_SetConfig)
    TS_IO_Delay                              0x0800420d   Thumb Code     4  stm32746g_discovery.o(i.TS_IO_Delay)
    TS_IO_Init                               0x08004211   Thumb Code     6  stm32746g_discovery.o(i.TS_IO_Init)
    TS_IO_Read                               0x0800421d   Thumb Code    34  stm32746g_discovery.o(i.TS_IO_Read)
    TS_IO_Write                              0x08004245   Thumb Code    26  stm32746g_discovery.o(i.TS_IO_Write)
    UART_AdvFeatureConfig                    0x08004265   Thumb Code   200  stm32f7xx_hal_uart.o(i.UART_AdvFeatureConfig)
    UART_CheckIdleState                      0x0800432d   Thumb Code    60  stm32f7xx_hal_uart.o(i.UART_CheckIdleState)
    UART_SetConfig                           0x08004369   Thumb Code   554  stm32f7xx_hal_uart.o(i.UART_SetConfig)
    UART_WaitOnFlagUntilTimeout              0x080045c5   Thumb Code   164  stm32f7xx_hal_uart.o(i.UART_WaitOnFlagUntilTimeout)
    UsageFault_Handler                       0x08004669   Thumb Code     2  stm32f7xx_it.o(i.UsageFault_Handler)
    __0printf$bare                           0x0800466d   Thumb Code     8  printfb.o(i.__0printf$bare)
    __1printf$bare                           0x0800466d   Thumb Code     0  printfb.o(i.__0printf$bare)
    __2printf                                0x0800466d   Thumb Code     0  printfb.o(i.__0printf$bare)
    __hardfp_sqrt                            0x0800469f   Thumb Code   122  sqrt.o(i.__hardfp_sqrt)
    __scatterload_copy                       0x08004719   Thumb Code    14  handlers.o(i.__scatterload_copy)
    __scatterload_null                       0x08004727   Thumb Code     2  handlers.o(i.__scatterload_null)
    __scatterload_zeroinit                   0x08004729   Thumb Code    14  handlers.o(i.__scatterload_zeroinit)
    __set_errno                              0x08004739   Thumb Code     6  errno.o(i.__set_errno)
    fputc                                    0x08004769   Thumb Code    20  main.o(i.fputc)
    free                                     0x08004781   Thumb Code    76  malloc.o(i.free)
    ft5336_Init                              0x080047e9   Thumb Code    16  ft5336.o(i.ft5336_Init)
    ft5336_ReadID                            0x080047f9   Thumb Code    58  ft5336.o(i.ft5336_ReadID)
    ft5336_Reset                             0x08004833   Thumb Code     2  ft5336.o(i.ft5336_Reset)
    ft5336_TS_ClearIT                        0x08004835   Thumb Code     2  ft5336.o(i.ft5336_TS_ClearIT)
    ft5336_TS_DetectTouch                    0x08004839   Thumb Code    60  ft5336.o(i.ft5336_TS_DetectTouch)
    ft5336_TS_DisableIT                      0x08004879   Thumb Code    10  ft5336.o(i.ft5336_TS_DisableIT)
    ft5336_TS_EnableIT                       0x08004883   Thumb Code    10  ft5336.o(i.ft5336_TS_EnableIT)
    ft5336_TS_GetGestureID                   0x0800488d   Thumb Code    30  ft5336.o(i.ft5336_TS_GetGestureID)
    ft5336_TS_GetTouchInfo                   0x080048ad   Thumb Code   200  ft5336.o(i.ft5336_TS_GetTouchInfo)
    ft5336_TS_GetXY                          0x08004979   Thumb Code   282  ft5336.o(i.ft5336_TS_GetXY)
    ft5336_TS_ITStatus                       0x08004a99   Thumb Code     4  ft5336.o(i.ft5336_TS_ITStatus)
    ft5336_TS_Start                          0x08004a9d   Thumb Code     4  ft5336.o(i.ft5336_TS_Start)
    main                                     0x08004aa1   Thumb Code   436  main.o(i.main)
    malloc                                   0x08004c9d   Thumb Code    92  malloc.o(i.malloc)
    ucIsTouchBound_LR                        0x08004d09   Thumb Code    28  object.o(i.ucIsTouchBound_LR)
    ucIsTouchBound_TB                        0x08004d25   Thumb Code    28  object.o(i.ucIsTouchBound_TB)
    ucObjectGroup_GetGroupObjNum             0x08004d41   Thumb Code    22  objectgroup.o(i.ucObjectGroup_GetGroupObjNum)
    uiFindObjectAtPixel                      0x08004d57   Thumb Code   144  object.o(i.uiFindObjectAtPixel)
    uiGetObjectPixel                         0x08004de7   Thumb Code    36  object.o(i.uiGetObjectPixel)
    uiGetPicturePixel                        0x08004e0b   Thumb Code    12  object.o(i.uiGetPicturePixel)
    vBallJump_Group                          0x08004e17   Thumb Code    92  objuserfunc.o(i.vBallJump_Group)
    vDetectPress_NewDel                      0x08004e75   Thumb Code   464  objuserfunc.o(i.vDetectPress_NewDel)
    vPressMove_Group                         0x080050e1   Thumb Code   646  objectgroup.o(i.vPressMove_Group)
    vTS_PressControl                         0x0800536d   Thumb Code    64  objuserfunc.o(i.vTS_PressControl)
    xDeleteObject                            0x080053ad   Thumb Code    24  object.o(i.xDeleteObject)
    xDeletePyObj                             0x080053c5   Thumb Code     8  pyobj.o(i.xDeletePyObj)
    xFindPicOverlapXYWL                      0x080053cd   Thumb Code   170  object.o(i.xFindPicOverlapXYWL)
    xGetObject                               0x08005477   Thumb Code     8  object.o(i.xGetObject)
    xGetPyObjByObj                           0x0800547f   Thumb Code    42  pyobj.o(i.xGetPyObjByObj)
    xInitObject                              0x080054a9   Thumb Code    10  object.o(i.xInitObject)
    xInitPyObj                               0x080054b3   Thumb Code    10  pyobj.o(i.xInitPyObj)
    xIsObjectOverlappingTP                   0x080054bd   Thumb Code    50  object.o(i.xIsObjectOverlappingTP)
    xIsPicOverlapping                        0x080054ef   Thumb Code    62  object.o(i.xIsPicOverlapping)
    xIsPicOverlappingTP                      0x0800552d   Thumb Code   182  object.o(i.xIsPicOverlappingTP)
    xMoveObject                              0x080055e9   Thumb Code    16  object.o(i.xMoveObject)
    xMovePyObj                               0x080055f9   Thumb Code   910  pyobj.o(i.xMovePyObj)
    xNewObject                               0x0800598d   Thumb Code     8  object.o(i.xNewObject)
    xNewPyObj                                0x08005995   Thumb Code     8  pyobj.o(i.xNewPyObj)
    xObjectData                              0x0800599d   Thumb Code   206  object.o(i.xObjectData)
    xObjectGroup_AddObj                      0x08005a75   Thumb Code    64  objectgroup.o(i.xObjectGroup_AddObj)
    xObjectGroup_GetObj                      0x08005af9   Thumb Code    30  objectgroup.o(i.xObjectGroup_GetObj)
    xObjectGroup_GetTop                      0x08005b19   Thumb Code     6  objectgroup.o(i.xObjectGroup_GetTop)
    xObjectGroup_IsObjInGroup                0x08005b25   Thumb Code    20  objectgroup.o(i.xObjectGroup_IsObjInGroup)
    xObjectGroup_New                         0x08005b39   Thumb Code    60  objectgroup.o(i.xObjectGroup_New)
    xObjectGroup_RemoveObjFromAllGroup       0x08005b79   Thumb Code    66  objectgroup.o(i.xObjectGroup_RemoveObjFromAllGroup)
    xObjectType_ImportPic                    0x08005bc1   Thumb Code    20  object.o(i.xObjectType_ImportPic)
    xPointInObject                           0x08005bd5   Thumb Code    40  object.o(i.xPointInObject)
    xPyObjData                               0x08005bfd   Thumb Code   234  pyobj.o(i.xPyObjData)
    xSetObjectTo                             0x08005cf1   Thumb Code   382  object.o(i.xSetObjectTo)
    xSetVisible                              0x08005e75   Thumb Code    22  object.o(i.xSetVisible)
    AHBPrescTable                            0x08005e92   Data          16  system_stm32f7xx.o(.constdata)
    APBPrescTable                            0x08005ea2   Data           8  system_stm32f7xx.o(.constdata)
    Font24_Table                             0x08005eaa   Data        6840  stm32746g_discovery_lcd.o(.constdata)
    Region$$Table$$Base                      0x08007964   Number         0  anon$$obj.o(Region$$Table)
    Region$$Table$$Limit                     0x08007984   Number         0  anon$$obj.o(Region$$Table)
    uwTickFreq                               0x20000008   Data           1  stm32f7xx_hal.o(.data)
    uwTickPrio                               0x2000000c   Data           4  stm32f7xx_hal.o(.data)
    uwTick                                   0x20000010   Data           4  stm32f7xx_hal.o(.data)
    SystemCoreClock                          0x20000014   Data           4  system_stm32f7xx.o(.data)
    Font24                                   0x2000001c   Data           8  stm32746g_discovery_lcd.o(.data)
    ft5336_ts_drv                            0x20000034   Data          40  ft5336.o(.data)
    ObjectGroup_Number                       0x2000006c   Data           1  objectgroup.o(.data)
    ObjectGroup_BiggistNum                   0x2000006d   Data           1  objectgroup.o(.data)
    GroupTop                                 0x20000070   Data           4  objectgroup.o(.data)
    ObjecTime                                0x20000088   Data           4  objecttime.o(.data)
    BallGroup_Orange                         0x20000098   Data           4  objuserfunc.o(.data)
    BallGroup_Blue                           0x2000009c   Data           4  objuserfunc.o(.data)
    __stdout                                 0x200000a4   Data           4  stdout.o(.data)
    __microlib_freelist                      0x200000a8   Data           4  mvars.o(.data)
    __microlib_freelist_initialised          0x200000ac   Data           4  mvars.o(.data)
    hdma2d                                   0x200000b4   Data          64  main.o(.bss)
    hltdc                                    0x200000f4   Data         168  main.o(.bss)
    htim7                                    0x2000019c   Data          64  main.o(.bss)
    huart1                                   0x200001dc   Data         128  main.o(.bss)
    hsdram1                                  0x2000025c   Data          52  main.o(.bss)
    hLtdcHandler                             0x200003ac   Data         168  stm32746g_discovery_lcd.o(.bss)
    sdramHandle                              0x2000056c   Data          52  stm32746g_discovery_sdram.o(.bss)
    Picture_Orange                           0x20000634   Data          12  objuserfunc.o(.bss)
    Picture_Blue                             0x20000640   Data          12  objuserfunc.o(.bss)
    __heap_base                              0x20000650   Data           0  startup_stm32f746xx.o(HEAP)
    __heap_limit                             0x20002650   Data           0  startup_stm32f746xx.o(HEAP)
    __initial_sp                             0x20002a50   Data           0  startup_stm32f746xx.o(STACK)



==============================================================================

Memory Map of the image

  Image Entry point : 0x080001c9

  Load Region LR_IROM1 (Base: 0x08000000, Size: 0x00007a38, Max: 0x00100000, ABSOLUTE)

    Execution Region ER_IROM1 (Exec base: 0x08000000, Load base: 0x08000000, Size: 0x00007984, Max: 0x00100000, ABSOLUTE)

    Exec Addr    Load Addr    Size         Type   Attr      Idx    E Section Name        Object

    0x08000000   0x08000000   0x000001c8   Data   RO            3    RESET               startup_stm32f746xx.o
    0x080001c8   0x080001c8   0x00000000   Code   RO         5771  * .ARM.Collect$$$$00000000  mc_w.l(entry.o)
    0x080001c8   0x080001c8   0x00000004   Code   RO         6079    .ARM.Collect$$$$00000001  mc_w.l(entry2.o)
    0x080001cc   0x080001cc   0x00000004   Code   RO         6082    .ARM.Collect$$$$00000004  mc_w.l(entry5.o)
    0x080001d0   0x080001d0   0x00000000   Code   RO         6084    .ARM.Collect$$$$00000008  mc_w.l(entry7b.o)
    0x080001d0   0x080001d0   0x00000000   Code   RO         6086    .ARM.Collect$$$$0000000A  mc_w.l(entry8b.o)
    0x080001d0   0x080001d0   0x00000008   Code   RO         6087    .ARM.Collect$$$$0000000B  mc_w.l(entry9a.o)
    0x080001d8   0x080001d8   0x00000000   Code   RO         6089    .ARM.Collect$$$$0000000D  mc_w.l(entry10a.o)
    0x080001d8   0x080001d8   0x00000000   Code   RO         6091    .ARM.Collect$$$$0000000F  mc_w.l(entry11a.o)
    0x080001d8   0x080001d8   0x00000004   Code   RO         6080    .ARM.Collect$$$$00002712  mc_w.l(entry2.o)
    0x080001dc   0x080001dc   0x00000024   Code   RO            4    .text               startup_stm32f746xx.o
    0x08000200   0x08000200   0x00000062   Code   RO         5774    .text               mc_w.l(uldiv.o)
    0x08000262   0x08000262   0x00000002   PAD
    0x08000264   0x08000264   0x00000024   Code   RO         5776    .text               mc_w.l(rand.o)
    0x08000288   0x08000288   0x00000024   Code   RO         5779    .text               mc_w.l(memcpya.o)
    0x080002ac   0x080002ac   0x00000024   Code   RO         5781    .text               mc_w.l(memseta.o)
    0x080002d0   0x080002d0   0x0000001c   Code   RO         6073    .text               mc_w.l(calloc.o)
    0x080002ec   0x080002ec   0x00000026   Code   RO         6075    .text               mf_w.l(f2d.o)
    0x08000312   0x08000312   0x00000038   Code   RO         6077    .text               mf_w.l(d2f.o)
    0x0800034a   0x0800034a   0x0000001e   Code   RO         6096    .text               mc_w.l(llshl.o)
    0x08000368   0x08000368   0x00000020   Code   RO         6098    .text               mc_w.l(llushr.o)
    0x08000388   0x08000388   0x00000000   Code   RO         6109    .text               mc_w.l(iusefp.o)
    0x08000388   0x08000388   0x0000006e   Code   RO         6110    .text               mf_w.l(fepilogue.o)
    0x080003f6   0x080003f6   0x000000a2   Code   RO         6118    .text               mf_w.l(dsqrt.o)
    0x08000498   0x08000498   0x00000024   Code   RO         6126    .text               mc_w.l(init.o)
    0x080004bc   0x080004bc   0x000000ba   Code   RO         6130    .text               mf_w.l(depilogue.o)
    0x08000576   0x08000576   0x00000002   PAD
    0x08000578   0x08000578   0x00000038   Code   RO         4622    i.BSP_LCD_Clear     stm32746g_discovery_lcd.o
    0x080005b0   0x080005b0   0x00000020   Code   RO         4624    i.BSP_LCD_ClockConfig  stm32746g_discovery_lcd.o
    0x080005d0   0x080005d0   0x00000034   Code   RO         4626    i.BSP_LCD_DisplayChar  stm32746g_discovery_lcd.o
    0x08000604   0x08000604   0x00000034   Code   RO         4628    i.BSP_LCD_DisplayOn  stm32746g_discovery_lcd.o
    0x08000638   0x08000638   0x000000c8   Code   RO         4629    i.BSP_LCD_DisplayStringAt  stm32746g_discovery_lcd.o
    0x08000700   0x08000700   0x00000064   Code   RO         4636    i.BSP_LCD_DrawPixel  stm32746g_discovery_lcd.o
    0x08000764   0x08000764   0x00000020   Code   RO         4647    i.BSP_LCD_GetXSize  stm32746g_discovery_lcd.o
    0x08000784   0x08000784   0x00000020   Code   RO         4648    i.BSP_LCD_GetYSize  stm32746g_discovery_lcd.o
    0x080007a4   0x080007a4   0x000000a4   Code   RO         4649    i.BSP_LCD_Init      stm32746g_discovery_lcd.o
    0x08000848   0x08000848   0x00000078   Code   RO         4650    i.BSP_LCD_LayerDefaultInit  stm32746g_discovery_lcd.o
    0x080008c0   0x080008c0   0x00000138   Code   RO         4653    i.BSP_LCD_MspInit   stm32746g_discovery_lcd.o
    0x080009f8   0x080009f8   0x000000b0   Code   RO         4654    i.BSP_LCD_ReadPixel  stm32746g_discovery_lcd.o
    0x08000aa8   0x08000aa8   0x0000000c   Code   RO         4658    i.BSP_LCD_SelectLayer  stm32746g_discovery_lcd.o
    0x08000ab4   0x08000ab4   0x0000001c   Code   RO         4659    i.BSP_LCD_SetBackColor  stm32746g_discovery_lcd.o
    0x08000ad0   0x08000ad0   0x0000001c   Code   RO         4662    i.BSP_LCD_SetFont   stm32746g_discovery_lcd.o
    0x08000aec   0x08000aec   0x00000018   Code   RO         4669    i.BSP_LCD_SetTextColor  stm32746g_discovery_lcd.o
    0x08000b04   0x08000b04   0x00000078   Code   RO         5003    i.BSP_SDRAM_Init    stm32746g_discovery_sdram.o
    0x08000b7c   0x08000b7c   0x0000008c   Code   RO         5004    i.BSP_SDRAM_Initialization_sequence  stm32746g_discovery_sdram.o
    0x08000c08   0x08000c08   0x00000168   Code   RO         5006    i.BSP_SDRAM_MspInit  stm32746g_discovery_sdram.o
    0x08000d70   0x08000d70   0x00000170   Code   RO         5085    i.BSP_TS_GetState   stm32746g_discovery_ts.o
    0x08000ee0   0x08000ee0   0x0000005c   Code   RO         5086    i.BSP_TS_Get_GestureId  stm32746g_discovery_ts.o
    0x08000f3c   0x08000f3c   0x0000003c   Code   RO         5090    i.BSP_TS_Init       stm32746g_discovery_ts.o
    0x08000f78   0x08000f78   0x00000002   Code   RO          268    i.BusFault_Handler  stm32f7xx_it.o
    0x08000f7a   0x08000f7a   0x00000092   Code   RO          684    i.DMA2D_SetConfig   stm32f7xx_hal_dma2d.o
    0x0800100c   0x0800100c   0x00000028   Code   RO         1295    i.DMA_CalcBaseAndBitshift  stm32f7xx_hal_dma.o
    0x08001034   0x08001034   0x00000054   Code   RO         1296    i.DMA_CheckFifoParam  stm32f7xx_hal_dma.o
    0x08001088   0x08001088   0x00000002   Code   RO          269    i.DebugMon_Handler  stm32f7xx_it.o
    0x0800108a   0x0800108a   0x00000002   PAD
    0x0800108c   0x0800108c   0x000000b0   Code   RO         4674    i.DrawChar          stm32746g_discovery_lcd.o
    0x0800113c   0x0800113c   0x000001f8   Code   RO         5246    i.DrawCircleToPicture  object.o
    0x08001334   0x08001334   0x0000005e   Code   RO         2430    i.FMC_SDRAM_Init    stm32f7xx_ll_fmc.o
    0x08001392   0x08001392   0x0000000c   Code   RO         2431    i.FMC_SDRAM_ProgramRefreshRate  stm32f7xx_ll_fmc.o
    0x0800139e   0x0800139e   0x00000020   Code   RO         2432    i.FMC_SDRAM_SendCommand  stm32f7xx_ll_fmc.o
    0x080013be   0x080013be   0x00000002   PAD
    0x080013c0   0x080013c0   0x0000008c   Code   RO         2434    i.FMC_SDRAM_Timing_Init  stm32f7xx_ll_fmc.o
    0x0800144c   0x0800144c   0x000000a0   Code   RO          696    i.HAL_DMA2D_ConfigLayer  stm32f7xx_hal_dma2d.o
    0x080014ec   0x080014ec   0x0000005a   Code   RO          704    i.HAL_DMA2D_Init    stm32f7xx_hal_dma2d.o
    0x08001546   0x08001546   0x00000002   PAD
    0x08001548   0x08001548   0x00000028   Code   RO          355    i.HAL_DMA2D_MspInit  stm32f7xx_hal_msp.o
    0x08001570   0x08001570   0x0000010e   Code   RO          708    i.HAL_DMA2D_PollForTransfer  stm32f7xx_hal_dma2d.o
    0x0800167e   0x0800167e   0x00000034   Code   RO          711    i.HAL_DMA2D_Start   stm32f7xx_hal_dma2d.o
    0x080016b2   0x080016b2   0x00000062   Code   RO         1300    i.HAL_DMA_DeInit    stm32f7xx_hal_dma.o
    0x08001714   0x08001714   0x000000e4   Code   RO         1304    i.HAL_DMA_Init      stm32f7xx_hal_dma.o
    0x080017f8   0x080017f8   0x00000024   Code   RO         1665    i.HAL_Delay         stm32f7xx_hal.o
    0x0800181c   0x0800181c   0x000000b4   Code   RO          356    i.HAL_FMC_MspInit   stm32f7xx_hal_msp.o
    0x080018d0   0x080018d0   0x000001d8   Code   RO         1232    i.HAL_GPIO_Init     stm32f7xx_hal_gpio.o
    0x08001aa8   0x08001aa8   0x0000000a   Code   RO         1236    i.HAL_GPIO_WritePin  stm32f7xx_hal_gpio.o
    0x08001ab2   0x08001ab2   0x00000002   PAD
    0x08001ab4   0x08001ab4   0x0000000c   Code   RO         1673    i.HAL_GetTick       stm32f7xx_hal.o
    0x08001ac0   0x08001ac0   0x00000034   Code   RO         1858    i.HAL_I2C_DeInit    stm32f7xx_hal_i2c.o
    0x08001af4   0x08001af4   0x00000006   Code   RO         1866    i.HAL_I2C_GetState  stm32f7xx_hal_i2c.o
    0x08001afa   0x08001afa   0x00000002   PAD
    0x08001afc   0x08001afc   0x000000b8   Code   RO         1867    i.HAL_I2C_Init      stm32f7xx_hal_i2c.o
    0x08001bb4   0x08001bb4   0x00000164   Code   RO         1885    i.HAL_I2C_Mem_Read  stm32f7xx_hal_i2c.o
    0x08001d18   0x08001d18   0x00000158   Code   RO         1888    i.HAL_I2C_Mem_Write  stm32f7xx_hal_i2c.o
    0x08001e70   0x08001e70   0x00000002   Code   RO         1891    i.HAL_I2C_MspDeInit  stm32f7xx_hal_i2c.o
    0x08001e72   0x08001e72   0x00000002   Code   RO         1892    i.HAL_I2C_MspInit   stm32f7xx_hal_i2c.o
    0x08001e74   0x08001e74   0x00000010   Code   RO         1679    i.HAL_IncTick       stm32f7xx_hal.o
    0x08001e84   0x08001e84   0x00000016   Code   RO         1680    i.HAL_Init          stm32f7xx_hal.o
    0x08001e9a   0x08001e9a   0x00000002   PAD
    0x08001e9c   0x08001e9c   0x00000040   Code   RO         1681    i.HAL_InitTick      stm32f7xx_hal.o
    0x08001edc   0x08001edc   0x00000052   Code   RO         2724    i.HAL_LTDC_ConfigLayer  stm32f7xx_hal_ltdc.o
    0x08001f2e   0x08001f2e   0x00000006   Code   RO         2739    i.HAL_LTDC_GetState  stm32f7xx_hal_ltdc.o
    0x08001f34   0x08001f34   0x000000f8   Code   RO         2741    i.HAL_LTDC_Init     stm32f7xx_hal_ltdc.o
    0x0800202c   0x0800202c   0x0000010c   Code   RO          358    i.HAL_LTDC_MspInit  stm32f7xx_hal_msp.o
    0x08002138   0x08002138   0x0000005c   Code   RO          445    i.HAL_MPU_ConfigRegion  stm32f7xx_hal_cortex.o
    0x08002194   0x08002194   0x0000001c   Code   RO          446    i.HAL_MPU_Disable   stm32f7xx_hal_cortex.o
    0x080021b0   0x080021b0   0x00000024   Code   RO          447    i.HAL_MPU_Enable    stm32f7xx_hal_cortex.o
    0x080021d4   0x080021d4   0x00000030   Code   RO          359    i.HAL_MspInit       stm32f7xx_hal_msp.o
    0x08002204   0x08002204   0x0000001a   Code   RO          450    i.HAL_NVIC_EnableIRQ  stm32f7xx_hal_cortex.o
    0x0800221e   0x0800221e   0x00000002   PAD
    0x08002220   0x08002220   0x00000040   Code   RO          456    i.HAL_NVIC_SetPriority  stm32f7xx_hal_cortex.o
    0x08002260   0x08002260   0x00000024   Code   RO          457    i.HAL_NVIC_SetPriorityGrouping  stm32f7xx_hal_cortex.o
    0x08002284   0x08002284   0x0000006c   Code   RO         1572    i.HAL_PWREx_EnableOverDrive  stm32f7xx_hal_pwr_ex.o
    0x080022f0   0x080022f0   0x000004fc   Code   RO          993    i.HAL_RCCEx_PeriphCLKConfig  stm32f7xx_hal_rcc_ex.o
    0x080027ec   0x080027ec   0x00000130   Code   RO          886    i.HAL_RCC_ClockConfig  stm32f7xx_hal_rcc.o
    0x0800291c   0x0800291c   0x00000020   Code   RO          893    i.HAL_RCC_GetPCLK1Freq  stm32f7xx_hal_rcc.o
    0x0800293c   0x0800293c   0x00000020   Code   RO          894    i.HAL_RCC_GetPCLK2Freq  stm32f7xx_hal_rcc.o
    0x0800295c   0x0800295c   0x00000064   Code   RO          895    i.HAL_RCC_GetSysClockFreq  stm32f7xx_hal_rcc.o
    0x080029c0   0x080029c0   0x00000384   Code   RO          898    i.HAL_RCC_OscConfig  stm32f7xx_hal_rcc.o
    0x08002d44   0x08002d44   0x00000042   Code   RO         2571    i.HAL_SDRAM_Init    stm32f7xx_hal_sdram.o
    0x08002d86   0x08002d86   0x00000004   Code   RO          361    i.HAL_SDRAM_MspInit  stm32f7xx_hal_msp.o
    0x08002d8a   0x08002d8a   0x00000022   Code   RO         2574    i.HAL_SDRAM_ProgramRefreshRate  stm32f7xx_hal_sdram.o
    0x08002dac   0x08002dac   0x00000030   Code   RO         2580    i.HAL_SDRAM_SendCommand  stm32f7xx_hal_sdram.o
    0x08002ddc   0x08002ddc   0x00000026   Code   RO          461    i.HAL_SYSTICK_Config  stm32f7xx_hal_cortex.o
    0x08002e02   0x08002e02   0x00000002   Code   RO         3701    i.HAL_TIMEx_Break2Callback  stm32f7xx_hal_tim_ex.o
    0x08002e04   0x08002e04   0x00000002   Code   RO         3702    i.HAL_TIMEx_BreakCallback  stm32f7xx_hal_tim_ex.o
    0x08002e06   0x08002e06   0x00000002   Code   RO         3703    i.HAL_TIMEx_CommutCallback  stm32f7xx_hal_tim_ex.o
    0x08002e08   0x08002e08   0x000000a4   Code   RO         3721    i.HAL_TIMEx_MasterConfigSynchronization  stm32f7xx_hal_tim_ex.o
    0x08002eac   0x08002eac   0x00000036   Code   RO         3016    i.HAL_TIM_Base_Init  stm32f7xx_hal_tim.o
    0x08002ee2   0x08002ee2   0x00000002   PAD
    0x08002ee4   0x08002ee4   0x0000003c   Code   RO          363    i.HAL_TIM_Base_MspInit  stm32f7xx_hal_msp.o
    0x08002f20   0x08002f20   0x0000002c   Code   RO         3021    i.HAL_TIM_Base_Start_IT  stm32f7xx_hal_tim.o
    0x08002f4c   0x08002f4c   0x00000002   Code   RO         3045    i.HAL_TIM_IC_CaptureCallback  stm32f7xx_hal_tim.o
    0x08002f4e   0x08002f4e   0x00000182   Code   RO         3059    i.HAL_TIM_IRQHandler  stm32f7xx_hal_tim.o
    0x080030d0   0x080030d0   0x00000002   Code   RO         3062    i.HAL_TIM_OC_DelayElapsedCallback  stm32f7xx_hal_tim.o
    0x080030d2   0x080030d2   0x00000002   Code   RO         3089    i.HAL_TIM_PWM_PulseFinishedCallback  stm32f7xx_hal_tim.o
    0x080030d4   0x080030d4   0x00000014   Code   RO           14    i.HAL_TIM_PeriodElapsedCallback  main.o
    0x080030e8   0x080030e8   0x00000002   Code   RO         3102    i.HAL_TIM_TriggerCallback  stm32f7xx_hal_tim.o
    0x080030ea   0x080030ea   0x00000066   Code   RO         3992    i.HAL_UART_Init     stm32f7xx_hal_uart.o
    0x08003150   0x08003150   0x00000090   Code   RO          365    i.HAL_UART_MspInit  stm32f7xx_hal_msp.o
    0x080031e0   0x080031e0   0x000000b8   Code   RO         4001    i.HAL_UART_Transmit  stm32f7xx_hal_uart.o
    0x08003298   0x08003298   0x00000002   Code   RO          270    i.HardFault_Handler  stm32f7xx_it.o
    0x0800329a   0x0800329a   0x00000022   Code   RO         1914    i.I2C_Flush_TXDR    stm32f7xx_hal_i2c.o
    0x080032bc   0x080032bc   0x00000088   Code   RO         1922    i.I2C_IsAcknowledgeFailed  stm32f7xx_hal_i2c.o
    0x08003344   0x08003344   0x00000064   Code   RO         1925    i.I2C_RequestMemoryRead  stm32f7xx_hal_i2c.o
    0x080033a8   0x080033a8   0x00000064   Code   RO         1926    i.I2C_RequestMemoryWrite  stm32f7xx_hal_i2c.o
    0x0800340c   0x0800340c   0x0000002c   Code   RO         1929    i.I2C_TransferConfig  stm32f7xx_hal_i2c.o
    0x08003438   0x08003438   0x0000005a   Code   RO         1930    i.I2C_WaitOnFlagUntilTimeout  stm32f7xx_hal_i2c.o
    0x08003492   0x08003492   0x0000004e   Code   RO         1932    i.I2C_WaitOnSTOPFlagUntilTimeout  stm32f7xx_hal_i2c.o
    0x080034e0   0x080034e0   0x00000052   Code   RO         1933    i.I2C_WaitOnTXISFlagUntilTimeout  stm32f7xx_hal_i2c.o
    0x08003532   0x08003532   0x00000012   Code   RO         4430    i.I2Cx_Error        stm32746g_discovery.o
    0x08003544   0x08003544   0x00000050   Code   RO         4431    i.I2Cx_Init         stm32746g_discovery.o
    0x08003594   0x08003594   0x00000124   Code   RO         4432    i.I2Cx_MspInit      stm32746g_discovery.o
    0x080036b8   0x080036b8   0x0000002a   Code   RO         4433    i.I2Cx_ReadMultiple  stm32746g_discovery.o
    0x080036e2   0x080036e2   0x0000002a   Code   RO         4434    i.I2Cx_WriteMultiple  stm32746g_discovery.o
    0x0800370c   0x0800370c   0x00000080   Code   RO         4677    i.LL_FillBuffer     stm32746g_discovery_lcd.o
    0x0800378c   0x0800378c   0x000001d0   Code   RO         2760    i.LTDC_SetConfig    stm32f7xx_hal_ltdc.o
    0x0800395c   0x0800395c   0x0000003c   Code   RO           15    i.MX_DMA2D_Init     main.o
    0x08003998   0x08003998   0x00000058   Code   RO           16    i.MX_FMC_Init       main.o
    0x080039f0   0x080039f0   0x00000500   Code   RO           17    i.MX_GPIO_Init      main.o
    0x08003ef0   0x08003ef0   0x000000d4   Code   RO           18    i.MX_LTDC_Init      main.o
    0x08003fc4   0x08003fc4   0x00000038   Code   RO           19    i.MX_USART1_UART_Init  main.o
    0x08003ffc   0x08003ffc   0x00000002   Code   RO          271    i.MemManage_Handler  stm32f7xx_it.o
    0x08003ffe   0x08003ffe   0x00000002   Code   RO          272    i.NMI_Handler       stm32f7xx_it.o
    0x08004000   0x08004000   0x00000010   Code   RO         5585    i.ObjectGUI_TimeAdd  objecttime.o
    0x08004010   0x08004010   0x00000014   Code   RO         5586    i.ObjectGUI_delay   objecttime.o
    0x08004024   0x08004024   0x00000026   Code   RO         5247    i.ObjectLCDSetPixel  object.o
    0x0800404a   0x0800404a   0x00000002   Code   RO          273    i.PendSV_Handler    stm32f7xx_it.o
    0x0800404c   0x0800404c   0x00000002   Code   RO          274    i.SVC_Handler       stm32f7xx_it.o
    0x0800404e   0x0800404e   0x00000004   Code   RO          275    i.SysTick_Handler   stm32f7xx_it.o
    0x08004052   0x08004052   0x00000002   PAD
    0x08004054   0x08004054   0x000000c4   Code   RO           20    i.SystemClock_Config  main.o
    0x08004118   0x08004118   0x0000001c   Code   RO         4369    i.SystemInit        system_stm32f7xx.o
    0x08004134   0x08004134   0x0000000c   Code   RO          276    i.TIM7_IRQHandler   stm32f7xx_it.o
    0x08004140   0x08004140   0x000000cc   Code   RO         3104    i.TIM_Base_SetConfig  stm32f7xx_hal_tim.o
    0x0800420c   0x0800420c   0x00000004   Code   RO         4435    i.TS_IO_Delay       stm32746g_discovery.o
    0x08004210   0x08004210   0x0000000c   Code   RO         4436    i.TS_IO_Init        stm32746g_discovery.o
    0x0800421c   0x0800421c   0x00000028   Code   RO         4437    i.TS_IO_Read        stm32746g_discovery.o
    0x08004244   0x08004244   0x00000020   Code   RO         4438    i.TS_IO_Write       stm32746g_discovery.o
    0x08004264   0x08004264   0x000000c8   Code   RO         4006    i.UART_AdvFeatureConfig  stm32f7xx_hal_uart.o
    0x0800432c   0x0800432c   0x0000003c   Code   RO         4007    i.UART_CheckIdleState  stm32f7xx_hal_uart.o
    0x08004368   0x08004368   0x0000025c   Code   RO         4022    i.UART_SetConfig    stm32f7xx_hal_uart.o
    0x080045c4   0x080045c4   0x000000a4   Code   RO         4025    i.UART_WaitOnFlagUntilTimeout  stm32f7xx_hal_uart.o
    0x08004668   0x08004668   0x00000002   Code   RO          277    i.UsageFault_Handler  stm32f7xx_it.o
    0x0800466a   0x0800466a   0x00000002   PAD
    0x0800466c   0x0800466c   0x00000010   Code   RO         5786    i.__0printf$bare    mc_w.l(printfb.o)
    0x0800467c   0x0800467c   0x00000022   Code   RO          463    i.__NVIC_SetPriority  stm32f7xx_hal_cortex.o
    0x0800469e   0x0800469e   0x0000007a   Code   RO         5759    i.__hardfp_sqrt     m_wm.l(sqrt.o)
    0x08004718   0x08004718   0x0000000e   Code   RO         6134    i.__scatterload_copy  mc_w.l(handlers.o)
    0x08004726   0x08004726   0x00000002   Code   RO         6135    i.__scatterload_null  mc_w.l(handlers.o)
    0x08004728   0x08004728   0x0000000e   Code   RO         6136    i.__scatterload_zeroinit  mc_w.l(handlers.o)
    0x08004736   0x08004736   0x00000002   PAD
    0x08004738   0x08004738   0x0000000c   Code   RO         6104    i.__set_errno       mc_w.l(errno.o)
    0x08004744   0x08004744   0x00000022   Code   RO         5793    i._printf_core      mc_w.l(printfb.o)
    0x08004766   0x08004766   0x00000002   PAD
    0x08004768   0x08004768   0x00000018   Code   RO           21    i.fputc             main.o
    0x08004780   0x08004780   0x00000050   Code   RO         6045    i.free              mc_w.l(malloc.o)
    0x080047d0   0x080047d0   0x00000018   Code   RO         5150    i.ft5336_I2C_InitializeIfRequired  ft5336.o
    0x080047e8   0x080047e8   0x00000010   Code   RO         5151    i.ft5336_Init       ft5336.o
    0x080047f8   0x080047f8   0x0000003a   Code   RO         5152    i.ft5336_ReadID     ft5336.o
    0x08004832   0x08004832   0x00000002   Code   RO         5153    i.ft5336_Reset      ft5336.o
    0x08004834   0x08004834   0x00000002   Code   RO         5154    i.ft5336_TS_ClearIT  ft5336.o
    0x08004836   0x08004836   0x00000002   PAD
    0x08004838   0x08004838   0x00000040   Code   RO         5155    i.ft5336_TS_DetectTouch  ft5336.o
    0x08004878   0x08004878   0x0000000a   Code   RO         5156    i.ft5336_TS_DisableIT  ft5336.o
    0x08004882   0x08004882   0x0000000a   Code   RO         5157    i.ft5336_TS_EnableIT  ft5336.o
    0x0800488c   0x0800488c   0x0000001e   Code   RO         5158    i.ft5336_TS_GetGestureID  ft5336.o
    0x080048aa   0x080048aa   0x00000002   PAD
    0x080048ac   0x080048ac   0x000000cc   Code   RO         5159    i.ft5336_TS_GetTouchInfo  ft5336.o
    0x08004978   0x08004978   0x00000120   Code   RO         5160    i.ft5336_TS_GetXY   ft5336.o
    0x08004a98   0x08004a98   0x00000004   Code   RO         5161    i.ft5336_TS_ITStatus  ft5336.o
    0x08004a9c   0x08004a9c   0x00000004   Code   RO         5162    i.ft5336_TS_Start   ft5336.o
    0x08004aa0   0x08004aa0   0x000001fc   Code   RO           22    i.main              main.o
    0x08004c9c   0x08004c9c   0x0000006c   Code   RO         6046    i.malloc            mc_w.l(malloc.o)
    0x08004d08   0x08004d08   0x0000001c   Code   RO         5248    i.ucIsTouchBound_LR  object.o
    0x08004d24   0x08004d24   0x0000001c   Code   RO         5249    i.ucIsTouchBound_TB  object.o
    0x08004d40   0x08004d40   0x00000016   Code   RO         5475    i.ucObjectGroup_GetGroupObjNum  objectgroup.o
    0x08004d56   0x08004d56   0x00000090   Code   RO         5250    i.uiFindObjectAtPixel  object.o
    0x08004de6   0x08004de6   0x00000024   Code   RO         5251    i.uiGetObjectPixel  object.o
    0x08004e0a   0x08004e0a   0x0000000c   Code   RO         5252    i.uiGetPicturePixel  object.o
    0x08004e16   0x08004e16   0x0000005c   Code   RO         5713    i.vBallJump_Group   objuserfunc.o
    0x08004e72   0x08004e72   0x00000002   PAD
    0x08004e74   0x08004e74   0x000001fc   Code   RO         5714    i.vDetectPress_NewDel  objuserfunc.o
    0x08005070   0x08005070   0x0000006e   Code   RO         5253    i.vInLCDRange       object.o
    0x080050de   0x080050de   0x00000002   PAD
    0x080050e0   0x080050e0   0x0000028c   Code   RO         5476    i.vPressMove_Group  objectgroup.o
    0x0800536c   0x0800536c   0x00000040   Code   RO         5715    i.vTS_PressControl  objuserfunc.o
    0x080053ac   0x080053ac   0x00000018   Code   RO         5257    i.xDeleteObject     object.o
    0x080053c4   0x080053c4   0x00000008   Code   RO         5634    i.xDeletePyObj      pyobj.o
    0x080053cc   0x080053cc   0x000000aa   Code   RO         5259    i.xFindPicOverlapXYWL  object.o
    0x08005476   0x08005476   0x00000008   Code   RO         5261    i.xGetObject        object.o
    0x0800547e   0x0800547e   0x0000002a   Code   RO         5637    i.xGetPyObjByObj    pyobj.o
    0x080054a8   0x080054a8   0x0000000a   Code   RO         5263    i.xInitObject       object.o
    0x080054b2   0x080054b2   0x0000000a   Code   RO         5638    i.xInitPyObj        pyobj.o
    0x080054bc   0x080054bc   0x00000032   Code   RO         5265    i.xIsObjectOverlappingTP  object.o
    0x080054ee   0x080054ee   0x0000003e   Code   RO         5267    i.xIsPicOverlapping  object.o
    0x0800552c   0x0800552c   0x000000bc   Code   RO         5268    i.xIsPicOverlappingTP  object.o
    0x080055e8   0x080055e8   0x00000010   Code   RO         5269    i.xMoveObject       object.o
    0x080055f8   0x080055f8   0x00000394   Code   RO         5639    i.xMovePyObj        pyobj.o
    0x0800598c   0x0800598c   0x00000008   Code   RO         5270    i.xNewObject        object.o
    0x08005994   0x08005994   0x00000008   Code   RO         5640    i.xNewPyObj         pyobj.o
    0x0800599c   0x0800599c   0x000000d8   Code   RO         5271    i.xObjectData       object.o
    0x08005a74   0x08005a74   0x00000040   Code   RO         5477    i.xObjectGroup_AddObj  objectgroup.o
    0x08005ab4   0x08005ab4   0x00000044   Code   RO         5479    i.xObjectGroup_FindEmptyGroupNum  objectgroup.o
    0x08005af8   0x08005af8   0x0000001e   Code   RO         5481    i.xObjectGroup_GetObj  objectgroup.o
    0x08005b16   0x08005b16   0x00000002   PAD
    0x08005b18   0x08005b18   0x0000000c   Code   RO         5482    i.xObjectGroup_GetTop  objectgroup.o
    0x08005b24   0x08005b24   0x00000014   Code   RO         5483    i.xObjectGroup_IsObjInGroup  objectgroup.o
    0x08005b38   0x08005b38   0x00000040   Code   RO         5484    i.xObjectGroup_New  objectgroup.o
    0x08005b78   0x08005b78   0x00000048   Code   RO         5486    i.xObjectGroup_RemoveObjFromAllGroup  objectgroup.o
    0x08005bc0   0x08005bc0   0x00000014   Code   RO         5272    i.xObjectType_ImportPic  object.o
    0x08005bd4   0x08005bd4   0x00000028   Code   RO         5274    i.xPointInObject    object.o
    0x08005bfc   0x08005bfc   0x000000f4   Code   RO         5641    i.xPyObjData        pyobj.o
    0x08005cf0   0x08005cf0   0x00000184   Code   RO         5275    i.xSetObjectTo      object.o
    0x08005e74   0x08005e74   0x00000016   Code   RO         5276    i.xSetVisible       object.o
    0x08005e8a   0x08005e8a   0x00000008   Data   RO         1310    .constdata          stm32f7xx_hal_dma.o
    0x08005e92   0x08005e92   0x00000010   Data   RO         4370    .constdata          system_stm32f7xx.o
    0x08005ea2   0x08005ea2   0x00000008   Data   RO         4371    .constdata          system_stm32f7xx.o
    0x08005eaa   0x08005eaa   0x00001ab8   Data   RO         4679    .constdata          stm32746g_discovery_lcd.o
    0x08007962   0x08007962   0x00000002   PAD
    0x08007964   0x08007964   0x00000020   Data   RO         6132    Region$$Table       anon$$obj.o


    Execution Region RW_IRAM1 (Exec base: 0x20000000, Load base: 0x08007984, Size: 0x00002a50, Max: 0x00050000, ABSOLUTE)

    Exec Addr    Load Addr    Size         Type   Attr      Idx    E Section Name        Object

    0x20000000   0x08007984   0x00000008   Data   RW          366    .data               stm32f7xx_hal_msp.o
    0x20000008   0x0800798c   0x0000000c   Data   RW         1687    .data               stm32f7xx_hal.o
    0x20000014   0x08007998   0x00000004   Data   RW         4372    .data               system_stm32f7xx.o
    0x20000018   0x0800799c   0x0000000c   Data   RW         4684    .data               stm32746g_discovery_lcd.o
    0x20000024   0x080079a8   0x00000002   Data   RW         5013    .data               stm32746g_discovery_sdram.o
    0x20000026   0x080079aa   0x00000002   PAD
    0x20000028   0x080079ac   0x0000000c   Data   RW         5093    .data               stm32746g_discovery_ts.o
    0x20000034   0x080079b8   0x00000028   Data   RW         5163    .data               ft5336.o
    0x2000005c   0x080079e0   0x00000005   Data   RW         5164    .data               ft5336.o
    0x20000061   0x080079e5   0x00000008   Data   RW         5278    .data               object.o
    0x20000069   0x080079ed   0x00000003   PAD
    0x2000006c   0x080079f0   0x00000018   Data   RW         5487    .data               objectgroup.o
    0x20000084   0x08007a08   0x00000008   Data   RW         5587    .data               objecttime.o
    0x2000008c   0x08007a10   0x00000008   Data   RW         5643    .data               pyobj.o
    0x20000094   0x08007a18   0x0000000c   Data   RW         5717    .data               objuserfunc.o
    0x200000a0   0x08007a24   0x00000004   Data   RW         5777    .data               mc_w.l(rand.o)
    0x200000a4   0x08007a28   0x00000004   Data   RW         6093    .data               mc_w.l(stdout.o)
    0x200000a8   0x08007a2c   0x00000004   Data   RW         6100    .data               mc_w.l(mvars.o)
    0x200000ac   0x08007a30   0x00000004   Data   RW         6101    .data               mc_w.l(mvars.o)
    0x200000b0   0x08007a34   0x00000004   Data   RW         6105    .data               mc_w.l(errno.o)
    0x200000b4        -       0x000001dc   Zero   RW           23    .bss                main.o
    0x20000290        -       0x00000098   Zero   RW         4439    .bss                stm32746g_discovery.o
    0x20000328        -       0x00000184   Zero   RW         4678    .bss                stm32746g_discovery_lcd.o
    0x200004ac        -       0x00000120   Zero   RW         5012    .bss                stm32746g_discovery_sdram.o
    0x200005cc        -       0x00000028   Zero   RW         5092    .bss                stm32746g_discovery_ts.o
    0x200005f4        -       0x00000020   Zero   RW         5277    .bss                object.o
    0x20000614        -       0x00000020   Zero   RW         5642    .bss                pyobj.o
    0x20000634        -       0x00000018   Zero   RW         5716    .bss                objuserfunc.o
    0x2000064c   0x08007a38   0x00000004   PAD
    0x20000650        -       0x00002000   Zero   RW            2    HEAP                startup_stm32f746xx.o
    0x20002650        -       0x00000400   Zero   RW            1    STACK               startup_stm32f746xx.o


==============================================================================

Image component sizes


      Code (inc. data)   RO Data    RW Data    ZI Data      Debug   Object Name

       716         38          0         45          0      17235   ft5336.o
      2444        196          0          0        476     904922   main.o
      2122         58          0          8         32      23397   object.o
      1004         26          0         24          0      14295   objectgroup.o
        36         12          0          8          0       1398   objecttime.o
       664         44          0         12         24       4184   objuserfunc.o
      1228         22          0          8         32       8759   pyobj.o
        36          8        456          0       9216        844   startup_stm32f746xx.o
       562         60          0          0        152       8568   stm32746g_discovery.o
      1724        192       6840         12        388      22189   stm32746g_discovery_lcd.o
       620         56          0          2        288       4924   stm32746g_discovery_sdram.o
       520         22          0         12         40       3927   stm32746g_discovery_ts.o
       150         24          0         12          0       9117   stm32f7xx_hal.o
       354         28          0          0          0     900469   stm32f7xx_hal_cortex.o
       450         12          8          0          0       3732   stm32f7xx_hal_dma.o
       718          4          0          0          0       5191   stm32f7xx_hal_dma2d.o
       482         52          0          0          0       2584   stm32f7xx_hal_gpio.o
      1610         38          0          0          0      14280   stm32f7xx_hal_i2c.o
       800          6          0          0          0       3707   stm32f7xx_hal_ltdc.o
       744        106          0          8          0       5383   stm32f7xx_hal_msp.o
       108          8          0          0          0       1284   stm32f7xx_hal_pwr_ex.o
      1368         68          0          0          0       5232   stm32f7xx_hal_rcc.o
      1276         16          0          0          0       2300   stm32f7xx_hal_rcc_ex.o
       148          0          0          0          0       2752   stm32f7xx_hal_sdram.o
       696         50          0          0          0       6829   stm32f7xx_hal_tim.o
       170         30          0          0          0       3124   stm32f7xx_hal_tim_ex.o
      1314         70          0          0          0       6353   stm32f7xx_hal_uart.o
        32          6          0          0          0       4896   stm32f7xx_it.o
       278          6          0          0          0       3428   stm32f7xx_ll_fmc.o
        28          6         24          4          0       1187   system_stm32f7xx.o

    ----------------------------------------------------------------------
     22432       1264       7362        160      10652    1996490   Object Totals
         0          0         32          0          0          0   (incl. Generated)
        30          0          2          5          4          0   (incl. Padding)

    ----------------------------------------------------------------------

      Code (inc. data)   RO Data    RW Data    ZI Data      Debug   Library Member Name

       122          0          0          0          0        148   sqrt.o
        28          0          0          0          0         76   calloc.o
         0          0          0          0          0          0   entry.o
         0          0          0          0          0          0   entry10a.o
         0          0          0          0          0          0   entry11a.o
         8          4          0          0          0          0   entry2.o
         4          0          0          0          0          0   entry5.o
         0          0          0          0          0          0   entry7b.o
         0          0          0          0          0          0   entry8b.o
         8          4          0          0          0          0   entry9a.o
        12          6          0          4          0         68   errno.o
        30          0          0          0          0          0   handlers.o
        36          8          0          0          0         68   init.o
         0          0          0          0          0          0   iusefp.o
        30          0          0          0          0         68   llshl.o
        32          0          0          0          0         68   llushr.o
       188         20          0          0          0        160   malloc.o
        36          0          0          0          0         68   memcpya.o
        36          0          0          0          0        108   memseta.o
         0          0          0          8          0          0   mvars.o
        50          8          0          0          0        152   printfb.o
        36         10          0          4          0        136   rand.o
         0          0          0          4          0          0   stdout.o
        98          0          0          0          0         92   uldiv.o
        56          0          0          0          0         88   d2f.o
       186          0          0          0          0        176   depilogue.o
       162          0          0          0          0        100   dsqrt.o
        38          0          0          0          0         68   f2d.o
       110          0          0          0          0        168   fepilogue.o

    ----------------------------------------------------------------------
      1314         60          0         20          0       1812   Library Totals
         8          0          0          0          0          0   (incl. Padding)

    ----------------------------------------------------------------------

      Code (inc. data)   RO Data    RW Data    ZI Data      Debug   Library Name

       122          0          0          0          0        148   m_wm.l
       632         60          0         20          0       1064   mc_w.l
       552          0          0          0          0        600   mf_w.l

    ----------------------------------------------------------------------
      1314         60          0         20          0       1812   Library Totals

    ----------------------------------------------------------------------

==============================================================================


      Code (inc. data)   RO Data    RW Data    ZI Data      Debug   

     23746       1324       7362        180      10652    1979374   Grand Totals
     23746       1324       7362        180      10652    1979374   ELF Image Totals
     23746       1324       7362        180          0          0   ROM Totals

==============================================================================

    Total RO  Size (Code + RO Data)                31108 (  30.38kB)
    Total RW  Size (RW Data + ZI Data)             10832 (  10.58kB)
    Total ROM Size (Code + RO Data + RW Data)      31288 (  30.55kB)

==============================================================================

