<!doctype html public "-//w3c//dtd html 4.0 transitional//en">
<html><head>
<title>Static Call Graph - [B10702233_Demo\B10702233_Demo.axf]</title></head>
<body><HR>
<H1>Static Call Graph for image B10702233_Demo\B10702233_Demo.axf</H1><HR>
<BR><P>#&#060CALLGRAPH&#062# ARM Linker, 5060750: Last Updated: Mon Jan 04 15:48:02 2021
<BR><P>
<H3>Maximum Stack Usage =        504 bytes + Unknown(Cycles, Untraceable Function Pointers)</H3><H3>
Call chain for Maximum Stack Depth:</H3>
main &rArr; vPressMove_Group &rArr; BSP_TS_GetState &rArr; BSP_TS_Get_GestureId &rArr; ft5336_TS_GetGestureID &rArr; TS_IO_Read &rArr; I2Cx_ReadMultiple &rArr; HAL_I2C_Mem_Read &rArr; I2C_RequestMemoryRead &rArr; I2C_WaitOnTXISFlagUntilTimeout &rArr; I2C_IsAcknowledgeFailed
<P>
<H3>
Mutually Recursive functions
</H3> <LI><a href="#[1c]">ADC_IRQHandler</a>&nbsp;&nbsp;&nbsp;&rArr;&nbsp;&nbsp;&nbsp;<a href="#[1c]">ADC_IRQHandler</a><BR>
 <LI><a href="#[4]">BusFault_Handler</a>&nbsp;&nbsp;&nbsp;&rArr;&nbsp;&nbsp;&nbsp;<a href="#[4]">BusFault_Handler</a><BR>
 <LI><a href="#[2]">HardFault_Handler</a>&nbsp;&nbsp;&nbsp;&rArr;&nbsp;&nbsp;&nbsp;<a href="#[2]">HardFault_Handler</a><BR>
 <LI><a href="#[3]">MemManage_Handler</a>&nbsp;&nbsp;&nbsp;&rArr;&nbsp;&nbsp;&nbsp;<a href="#[3]">MemManage_Handler</a><BR>
 <LI><a href="#[1]">NMI_Handler</a>&nbsp;&nbsp;&nbsp;&rArr;&nbsp;&nbsp;&nbsp;<a href="#[1]">NMI_Handler</a><BR>
 <LI><a href="#[5]">UsageFault_Handler</a>&nbsp;&nbsp;&nbsp;&rArr;&nbsp;&nbsp;&nbsp;<a href="#[5]">UsageFault_Handler</a><BR>
 <LI><a href="#[11a]">xGetObject</a>&nbsp;&nbsp;&nbsp;&rArr;&nbsp;&nbsp;&nbsp;<a href="#[12d]">xObjectData</a><BR>
</UL>
<P>
<H3>
Function Pointers
</H3><UL>
 <LI><a href="#[1c]">ADC_IRQHandler</a> from startup_stm32f746xx.o(.text) referenced from startup_stm32f746xx.o(RESET)
 <LI><a href="#[4]">BusFault_Handler</a> from stm32f7xx_it.o(i.BusFault_Handler) referenced from startup_stm32f746xx.o(RESET)
 <LI><a href="#[1e]">CAN1_RX0_IRQHandler</a> from startup_stm32f746xx.o(.text) referenced from startup_stm32f746xx.o(RESET)
 <LI><a href="#[1f]">CAN1_RX1_IRQHandler</a> from startup_stm32f746xx.o(.text) referenced from startup_stm32f746xx.o(RESET)
 <LI><a href="#[20]">CAN1_SCE_IRQHandler</a> from startup_stm32f746xx.o(.text) referenced from startup_stm32f746xx.o(RESET)
 <LI><a href="#[1d]">CAN1_TX_IRQHandler</a> from startup_stm32f746xx.o(.text) referenced from startup_stm32f746xx.o(RESET)
 <LI><a href="#[4a]">CAN2_RX0_IRQHandler</a> from startup_stm32f746xx.o(.text) referenced from startup_stm32f746xx.o(RESET)
 <LI><a href="#[4b]">CAN2_RX1_IRQHandler</a> from startup_stm32f746xx.o(.text) referenced from startup_stm32f746xx.o(RESET)
 <LI><a href="#[4c]">CAN2_SCE_IRQHandler</a> from startup_stm32f746xx.o(.text) referenced from startup_stm32f746xx.o(RESET)
 <LI><a href="#[49]">CAN2_TX_IRQHandler</a> from startup_stm32f746xx.o(.text) referenced from startup_stm32f746xx.o(RESET)
 <LI><a href="#[67]">CEC_IRQHandler</a> from startup_stm32f746xx.o(.text) referenced from startup_stm32f746xx.o(RESET)
 <LI><a href="#[58]">DCMI_IRQHandler</a> from startup_stm32f746xx.o(.text) referenced from startup_stm32f746xx.o(RESET)
 <LI><a href="#[15]">DMA1_Stream0_IRQHandler</a> from startup_stm32f746xx.o(.text) referenced from startup_stm32f746xx.o(RESET)
 <LI><a href="#[16]">DMA1_Stream1_IRQHandler</a> from startup_stm32f746xx.o(.text) referenced from startup_stm32f746xx.o(RESET)
 <LI><a href="#[17]">DMA1_Stream2_IRQHandler</a> from startup_stm32f746xx.o(.text) referenced from startup_stm32f746xx.o(RESET)
 <LI><a href="#[18]">DMA1_Stream3_IRQHandler</a> from startup_stm32f746xx.o(.text) referenced from startup_stm32f746xx.o(RESET)
 <LI><a href="#[19]">DMA1_Stream4_IRQHandler</a> from startup_stm32f746xx.o(.text) referenced from startup_stm32f746xx.o(RESET)
 <LI><a href="#[1a]">DMA1_Stream5_IRQHandler</a> from startup_stm32f746xx.o(.text) referenced from startup_stm32f746xx.o(RESET)
 <LI><a href="#[1b]">DMA1_Stream6_IRQHandler</a> from startup_stm32f746xx.o(.text) referenced from startup_stm32f746xx.o(RESET)
 <LI><a href="#[39]">DMA1_Stream7_IRQHandler</a> from startup_stm32f746xx.o(.text) referenced from startup_stm32f746xx.o(RESET)
 <LI><a href="#[63]">DMA2D_IRQHandler</a> from startup_stm32f746xx.o(.text) referenced from startup_stm32f746xx.o(RESET)
 <LI><a href="#[42]">DMA2_Stream0_IRQHandler</a> from startup_stm32f746xx.o(.text) referenced from startup_stm32f746xx.o(RESET)
 <LI><a href="#[43]">DMA2_Stream1_IRQHandler</a> from startup_stm32f746xx.o(.text) referenced from startup_stm32f746xx.o(RESET)
 <LI><a href="#[44]">DMA2_Stream2_IRQHandler</a> from startup_stm32f746xx.o(.text) referenced from startup_stm32f746xx.o(RESET)
 <LI><a href="#[45]">DMA2_Stream3_IRQHandler</a> from startup_stm32f746xx.o(.text) referenced from startup_stm32f746xx.o(RESET)
 <LI><a href="#[46]">DMA2_Stream4_IRQHandler</a> from startup_stm32f746xx.o(.text) referenced from startup_stm32f746xx.o(RESET)
 <LI><a href="#[4e]">DMA2_Stream5_IRQHandler</a> from startup_stm32f746xx.o(.text) referenced from startup_stm32f746xx.o(RESET)
 <LI><a href="#[4f]">DMA2_Stream6_IRQHandler</a> from startup_stm32f746xx.o(.text) referenced from startup_stm32f746xx.o(RESET)
 <LI><a href="#[50]">DMA2_Stream7_IRQHandler</a> from startup_stm32f746xx.o(.text) referenced from startup_stm32f746xx.o(RESET)
 <LI><a href="#[7]">DebugMon_Handler</a> from stm32f7xx_it.o(i.DebugMon_Handler) referenced from startup_stm32f746xx.o(RESET)
 <LI><a href="#[47]">ETH_IRQHandler</a> from startup_stm32f746xx.o(.text) referenced from startup_stm32f746xx.o(RESET)
 <LI><a href="#[48]">ETH_WKUP_IRQHandler</a> from startup_stm32f746xx.o(.text) referenced from startup_stm32f746xx.o(RESET)
 <LI><a href="#[10]">EXTI0_IRQHandler</a> from startup_stm32f746xx.o(.text) referenced from startup_stm32f746xx.o(RESET)
 <LI><a href="#[32]">EXTI15_10_IRQHandler</a> from startup_stm32f746xx.o(.text) referenced from startup_stm32f746xx.o(RESET)
 <LI><a href="#[11]">EXTI1_IRQHandler</a> from startup_stm32f746xx.o(.text) referenced from startup_stm32f746xx.o(RESET)
 <LI><a href="#[12]">EXTI2_IRQHandler</a> from startup_stm32f746xx.o(.text) referenced from startup_stm32f746xx.o(RESET)
 <LI><a href="#[13]">EXTI3_IRQHandler</a> from startup_stm32f746xx.o(.text) referenced from startup_stm32f746xx.o(RESET)
 <LI><a href="#[14]">EXTI4_IRQHandler</a> from startup_stm32f746xx.o(.text) referenced from startup_stm32f746xx.o(RESET)
 <LI><a href="#[21]">EXTI9_5_IRQHandler</a> from startup_stm32f746xx.o(.text) referenced from startup_stm32f746xx.o(RESET)
 <LI><a href="#[e]">FLASH_IRQHandler</a> from startup_stm32f746xx.o(.text) referenced from startup_stm32f746xx.o(RESET)
 <LI><a href="#[3a]">FMC_IRQHandler</a> from startup_stm32f746xx.o(.text) referenced from startup_stm32f746xx.o(RESET)
 <LI><a href="#[5a]">FPU_IRQHandler</a> from startup_stm32f746xx.o(.text) referenced from startup_stm32f746xx.o(RESET)
 <LI><a href="#[2]">HardFault_Handler</a> from stm32f7xx_it.o(i.HardFault_Handler) referenced from startup_stm32f746xx.o(RESET)
 <LI><a href="#[2a]">I2C1_ER_IRQHandler</a> from startup_stm32f746xx.o(.text) referenced from startup_stm32f746xx.o(RESET)
 <LI><a href="#[29]">I2C1_EV_IRQHandler</a> from startup_stm32f746xx.o(.text) referenced from startup_stm32f746xx.o(RESET)
 <LI><a href="#[2c]">I2C2_ER_IRQHandler</a> from startup_stm32f746xx.o(.text) referenced from startup_stm32f746xx.o(RESET)
 <LI><a href="#[2b]">I2C2_EV_IRQHandler</a> from startup_stm32f746xx.o(.text) referenced from startup_stm32f746xx.o(RESET)
 <LI><a href="#[53]">I2C3_ER_IRQHandler</a> from startup_stm32f746xx.o(.text) referenced from startup_stm32f746xx.o(RESET)
 <LI><a href="#[52]">I2C3_EV_IRQHandler</a> from startup_stm32f746xx.o(.text) referenced from startup_stm32f746xx.o(RESET)
 <LI><a href="#[69]">I2C4_ER_IRQHandler</a> from startup_stm32f746xx.o(.text) referenced from startup_stm32f746xx.o(RESET)
 <LI><a href="#[68]">I2C4_EV_IRQHandler</a> from startup_stm32f746xx.o(.text) referenced from startup_stm32f746xx.o(RESET)
 <LI><a href="#[66]">LPTIM1_IRQHandler</a> from startup_stm32f746xx.o(.text) referenced from startup_stm32f746xx.o(RESET)
 <LI><a href="#[62]">LTDC_ER_IRQHandler</a> from startup_stm32f746xx.o(.text) referenced from startup_stm32f746xx.o(RESET)
 <LI><a href="#[61]">LTDC_IRQHandler</a> from startup_stm32f746xx.o(.text) referenced from startup_stm32f746xx.o(RESET)
 <LI><a href="#[3]">MemManage_Handler</a> from stm32f7xx_it.o(i.MemManage_Handler) referenced from startup_stm32f746xx.o(RESET)
 <LI><a href="#[1]">NMI_Handler</a> from stm32f7xx_it.o(i.NMI_Handler) referenced from startup_stm32f746xx.o(RESET)
 <LI><a href="#[4d]">OTG_FS_IRQHandler</a> from startup_stm32f746xx.o(.text) referenced from startup_stm32f746xx.o(RESET)
 <LI><a href="#[34]">OTG_FS_WKUP_IRQHandler</a> from startup_stm32f746xx.o(.text) referenced from startup_stm32f746xx.o(RESET)
 <LI><a href="#[55]">OTG_HS_EP1_IN_IRQHandler</a> from startup_stm32f746xx.o(.text) referenced from startup_stm32f746xx.o(RESET)
 <LI><a href="#[54]">OTG_HS_EP1_OUT_IRQHandler</a> from startup_stm32f746xx.o(.text) referenced from startup_stm32f746xx.o(RESET)
 <LI><a href="#[57]">OTG_HS_IRQHandler</a> from startup_stm32f746xx.o(.text) referenced from startup_stm32f746xx.o(RESET)
 <LI><a href="#[56]">OTG_HS_WKUP_IRQHandler</a> from startup_stm32f746xx.o(.text) referenced from startup_stm32f746xx.o(RESET)
 <LI><a href="#[b]">PVD_IRQHandler</a> from startup_stm32f746xx.o(.text) referenced from startup_stm32f746xx.o(RESET)
 <LI><a href="#[8]">PendSV_Handler</a> from stm32f7xx_it.o(i.PendSV_Handler) referenced from startup_stm32f746xx.o(RESET)
 <LI><a href="#[65]">QUADSPI_IRQHandler</a> from startup_stm32f746xx.o(.text) referenced from startup_stm32f746xx.o(RESET)
 <LI><a href="#[f]">RCC_IRQHandler</a> from startup_stm32f746xx.o(.text) referenced from startup_stm32f746xx.o(RESET)
 <LI><a href="#[59]">RNG_IRQHandler</a> from startup_stm32f746xx.o(.text) referenced from startup_stm32f746xx.o(RESET)
 <LI><a href="#[33]">RTC_Alarm_IRQHandler</a> from startup_stm32f746xx.o(.text) referenced from startup_stm32f746xx.o(RESET)
 <LI><a href="#[d]">RTC_WKUP_IRQHandler</a> from startup_stm32f746xx.o(.text) referenced from startup_stm32f746xx.o(RESET)
 <LI><a href="#[0]">Reset_Handler</a> from startup_stm32f746xx.o(.text) referenced from startup_stm32f746xx.o(RESET)
 <LI><a href="#[60]">SAI1_IRQHandler</a> from startup_stm32f746xx.o(.text) referenced from startup_stm32f746xx.o(RESET)
 <LI><a href="#[64]">SAI2_IRQHandler</a> from startup_stm32f746xx.o(.text) referenced from startup_stm32f746xx.o(RESET)
 <LI><a href="#[3b]">SDMMC1_IRQHandler</a> from startup_stm32f746xx.o(.text) referenced from startup_stm32f746xx.o(RESET)
 <LI><a href="#[6a]">SPDIF_RX_IRQHandler</a> from startup_stm32f746xx.o(.text) referenced from startup_stm32f746xx.o(RESET)
 <LI><a href="#[2d]">SPI1_IRQHandler</a> from startup_stm32f746xx.o(.text) referenced from startup_stm32f746xx.o(RESET)
 <LI><a href="#[2e]">SPI2_IRQHandler</a> from startup_stm32f746xx.o(.text) referenced from startup_stm32f746xx.o(RESET)
 <LI><a href="#[3d]">SPI3_IRQHandler</a> from startup_stm32f746xx.o(.text) referenced from startup_stm32f746xx.o(RESET)
 <LI><a href="#[5d]">SPI4_IRQHandler</a> from startup_stm32f746xx.o(.text) referenced from startup_stm32f746xx.o(RESET)
 <LI><a href="#[5e]">SPI5_IRQHandler</a> from startup_stm32f746xx.o(.text) referenced from startup_stm32f746xx.o(RESET)
 <LI><a href="#[5f]">SPI6_IRQHandler</a> from startup_stm32f746xx.o(.text) referenced from startup_stm32f746xx.o(RESET)
 <LI><a href="#[6]">SVC_Handler</a> from stm32f7xx_it.o(i.SVC_Handler) referenced from startup_stm32f746xx.o(RESET)
 <LI><a href="#[9]">SysTick_Handler</a> from stm32f7xx_it.o(i.SysTick_Handler) referenced from startup_stm32f746xx.o(RESET)
 <LI><a href="#[6c]">SystemInit</a> from system_stm32f7xx.o(i.SystemInit) referenced from startup_stm32f746xx.o(.text)
 <LI><a href="#[c]">TAMP_STAMP_IRQHandler</a> from startup_stm32f746xx.o(.text) referenced from startup_stm32f746xx.o(RESET)
 <LI><a href="#[22]">TIM1_BRK_TIM9_IRQHandler</a> from startup_stm32f746xx.o(.text) referenced from startup_stm32f746xx.o(RESET)
 <LI><a href="#[25]">TIM1_CC_IRQHandler</a> from startup_stm32f746xx.o(.text) referenced from startup_stm32f746xx.o(RESET)
 <LI><a href="#[24]">TIM1_TRG_COM_TIM11_IRQHandler</a> from startup_stm32f746xx.o(.text) referenced from startup_stm32f746xx.o(RESET)
 <LI><a href="#[23]">TIM1_UP_TIM10_IRQHandler</a> from startup_stm32f746xx.o(.text) referenced from startup_stm32f746xx.o(RESET)
 <LI><a href="#[26]">TIM2_IRQHandler</a> from startup_stm32f746xx.o(.text) referenced from startup_stm32f746xx.o(RESET)
 <LI><a href="#[27]">TIM3_IRQHandler</a> from startup_stm32f746xx.o(.text) referenced from startup_stm32f746xx.o(RESET)
 <LI><a href="#[28]">TIM4_IRQHandler</a> from startup_stm32f746xx.o(.text) referenced from startup_stm32f746xx.o(RESET)
 <LI><a href="#[3c]">TIM5_IRQHandler</a> from startup_stm32f746xx.o(.text) referenced from startup_stm32f746xx.o(RESET)
 <LI><a href="#[40]">TIM6_DAC_IRQHandler</a> from startup_stm32f746xx.o(.text) referenced from startup_stm32f746xx.o(RESET)
 <LI><a href="#[41]">TIM7_IRQHandler</a> from stm32f7xx_it.o(i.TIM7_IRQHandler) referenced from startup_stm32f746xx.o(RESET)
 <LI><a href="#[35]">TIM8_BRK_TIM12_IRQHandler</a> from startup_stm32f746xx.o(.text) referenced from startup_stm32f746xx.o(RESET)
 <LI><a href="#[38]">TIM8_CC_IRQHandler</a> from startup_stm32f746xx.o(.text) referenced from startup_stm32f746xx.o(RESET)
 <LI><a href="#[37]">TIM8_TRG_COM_TIM14_IRQHandler</a> from startup_stm32f746xx.o(.text) referenced from startup_stm32f746xx.o(RESET)
 <LI><a href="#[36]">TIM8_UP_TIM13_IRQHandler</a> from startup_stm32f746xx.o(.text) referenced from startup_stm32f746xx.o(RESET)
 <LI><a href="#[3e]">UART4_IRQHandler</a> from startup_stm32f746xx.o(.text) referenced from startup_stm32f746xx.o(RESET)
 <LI><a href="#[3f]">UART5_IRQHandler</a> from startup_stm32f746xx.o(.text) referenced from startup_stm32f746xx.o(RESET)
 <LI><a href="#[5b]">UART7_IRQHandler</a> from startup_stm32f746xx.o(.text) referenced from startup_stm32f746xx.o(RESET)
 <LI><a href="#[5c]">UART8_IRQHandler</a> from startup_stm32f746xx.o(.text) referenced from startup_stm32f746xx.o(RESET)
 <LI><a href="#[2f]">USART1_IRQHandler</a> from startup_stm32f746xx.o(.text) referenced from startup_stm32f746xx.o(RESET)
 <LI><a href="#[30]">USART2_IRQHandler</a> from startup_stm32f746xx.o(.text) referenced from startup_stm32f746xx.o(RESET)
 <LI><a href="#[31]">USART3_IRQHandler</a> from startup_stm32f746xx.o(.text) referenced from startup_stm32f746xx.o(RESET)
 <LI><a href="#[51]">USART6_IRQHandler</a> from startup_stm32f746xx.o(.text) referenced from startup_stm32f746xx.o(RESET)
 <LI><a href="#[5]">UsageFault_Handler</a> from stm32f7xx_it.o(i.UsageFault_Handler) referenced from startup_stm32f746xx.o(RESET)
 <LI><a href="#[a]">WWDG_IRQHandler</a> from startup_stm32f746xx.o(.text) referenced from startup_stm32f746xx.o(RESET)
 <LI><a href="#[6d]">__main</a> from entry.o(.ARM.Collect$$$$00000000) referenced from startup_stm32f746xx.o(.text)
 <LI><a href="#[6e]">fputc</a> from main.o(i.fputc) referenced from printfb.o(i.__0printf$bare)
 <LI><a href="#[70]">ft5336_Init</a> from ft5336.o(i.ft5336_Init) referenced from ft5336.o(.data)
 <LI><a href="#[71]">ft5336_ReadID</a> from ft5336.o(i.ft5336_ReadID) referenced from ft5336.o(.data)
 <LI><a href="#[72]">ft5336_Reset</a> from ft5336.o(i.ft5336_Reset) referenced from ft5336.o(.data)
 <LI><a href="#[77]">ft5336_TS_ClearIT</a> from ft5336.o(i.ft5336_TS_ClearIT) referenced from ft5336.o(.data)
 <LI><a href="#[74]">ft5336_TS_DetectTouch</a> from ft5336.o(i.ft5336_TS_DetectTouch) referenced from ft5336.o(.data)
 <LI><a href="#[79]">ft5336_TS_DisableIT</a> from ft5336.o(i.ft5336_TS_DisableIT) referenced from ft5336.o(.data)
 <LI><a href="#[76]">ft5336_TS_EnableIT</a> from ft5336.o(i.ft5336_TS_EnableIT) referenced from ft5336.o(.data)
 <LI><a href="#[75]">ft5336_TS_GetXY</a> from ft5336.o(i.ft5336_TS_GetXY) referenced from ft5336.o(.data)
 <LI><a href="#[78]">ft5336_TS_ITStatus</a> from ft5336.o(i.ft5336_TS_ITStatus) referenced from ft5336.o(.data)
 <LI><a href="#[73]">ft5336_TS_Start</a> from ft5336.o(i.ft5336_TS_Start) referenced from ft5336.o(.data)
 <LI><a href="#[6b]">main</a> from main.o(i.main) referenced from entry9a.o(.ARM.Collect$$$$0000000B)
 <LI><a href="#[6f]">vDetectPress_NewDel</a> from objuserfunc.o(i.vDetectPress_NewDel) referenced from main.o(i.main)
</UL>
<P>
<H3>
Global Symbols
</H3>
<P><STRONG><a name="[6d]"></a>__main</STRONG> (Thumb, 0 bytes, Stack size unknown bytes, entry.o(.ARM.Collect$$$$00000000))
<BR>[Address Reference Count : 1]<UL><LI> startup_stm32f746xx.o(.text)
</UL>
<P><STRONG><a name="[13b]"></a>_main_stk</STRONG> (Thumb, 0 bytes, Stack size unknown bytes, entry2.o(.ARM.Collect$$$$00000001))

<P><STRONG><a name="[7a]"></a>_main_scatterload</STRONG> (Thumb, 0 bytes, Stack size unknown bytes, entry5.o(.ARM.Collect$$$$00000004))
<BR><BR>[Calls]<UL><LI><a href="#[7b]">&gt;&gt;</a>&nbsp;&nbsp;&nbsp;__scatterload
</UL>

<P><STRONG><a name="[88]"></a>__main_after_scatterload</STRONG> (Thumb, 0 bytes, Stack size unknown bytes, entry5.o(.ARM.Collect$$$$00000004))
<BR><BR>[Called By]<UL><LI><a href="#[7b]">&gt;&gt;</a>&nbsp;&nbsp;&nbsp;__scatterload
</UL>

<P><STRONG><a name="[13c]"></a>_main_clock</STRONG> (Thumb, 0 bytes, Stack size unknown bytes, entry7b.o(.ARM.Collect$$$$00000008))

<P><STRONG><a name="[13d]"></a>_main_cpp_init</STRONG> (Thumb, 0 bytes, Stack size unknown bytes, entry8b.o(.ARM.Collect$$$$0000000A))

<P><STRONG><a name="[13e]"></a>_main_init</STRONG> (Thumb, 0 bytes, Stack size unknown bytes, entry9a.o(.ARM.Collect$$$$0000000B))

<P><STRONG><a name="[13f]"></a>__rt_final_cpp</STRONG> (Thumb, 0 bytes, Stack size unknown bytes, entry10a.o(.ARM.Collect$$$$0000000D))

<P><STRONG><a name="[140]"></a>__rt_final_exit</STRONG> (Thumb, 0 bytes, Stack size unknown bytes, entry11a.o(.ARM.Collect$$$$0000000F))

<P><STRONG><a name="[0]"></a>Reset_Handler</STRONG> (Thumb, 8 bytes, Stack size 0 bytes, startup_stm32f746xx.o(.text))
<BR>[Address Reference Count : 1]<UL><LI> startup_stm32f746xx.o(RESET)
</UL>
<P><STRONG><a name="[1c]"></a>ADC_IRQHandler</STRONG> (Thumb, 0 bytes, Stack size 0 bytes, startup_stm32f746xx.o(.text))
<BR><BR>[Calls]<UL><LI><a href="#[1c]">&gt;&gt;</a>&nbsp;&nbsp;&nbsp;ADC_IRQHandler
</UL>
<BR>[Called By]<UL><LI><a href="#[1c]">&gt;&gt;</a>&nbsp;&nbsp;&nbsp;ADC_IRQHandler
</UL>
<BR>[Address Reference Count : 1]<UL><LI> startup_stm32f746xx.o(RESET)
</UL>
<P><STRONG><a name="[1e]"></a>CAN1_RX0_IRQHandler</STRONG> (Thumb, 0 bytes, Stack size 0 bytes, startup_stm32f746xx.o(.text))
<BR>[Address Reference Count : 1]<UL><LI> startup_stm32f746xx.o(RESET)
</UL>
<P><STRONG><a name="[1f]"></a>CAN1_RX1_IRQHandler</STRONG> (Thumb, 0 bytes, Stack size 0 bytes, startup_stm32f746xx.o(.text))
<BR>[Address Reference Count : 1]<UL><LI> startup_stm32f746xx.o(RESET)
</UL>
<P><STRONG><a name="[20]"></a>CAN1_SCE_IRQHandler</STRONG> (Thumb, 0 bytes, Stack size 0 bytes, startup_stm32f746xx.o(.text))
<BR>[Address Reference Count : 1]<UL><LI> startup_stm32f746xx.o(RESET)
</UL>
<P><STRONG><a name="[1d]"></a>CAN1_TX_IRQHandler</STRONG> (Thumb, 0 bytes, Stack size 0 bytes, startup_stm32f746xx.o(.text))
<BR>[Address Reference Count : 1]<UL><LI> startup_stm32f746xx.o(RESET)
</UL>
<P><STRONG><a name="[4a]"></a>CAN2_RX0_IRQHandler</STRONG> (Thumb, 0 bytes, Stack size 0 bytes, startup_stm32f746xx.o(.text))
<BR>[Address Reference Count : 1]<UL><LI> startup_stm32f746xx.o(RESET)
</UL>
<P><STRONG><a name="[4b]"></a>CAN2_RX1_IRQHandler</STRONG> (Thumb, 0 bytes, Stack size 0 bytes, startup_stm32f746xx.o(.text))
<BR>[Address Reference Count : 1]<UL><LI> startup_stm32f746xx.o(RESET)
</UL>
<P><STRONG><a name="[4c]"></a>CAN2_SCE_IRQHandler</STRONG> (Thumb, 0 bytes, Stack size 0 bytes, startup_stm32f746xx.o(.text))
<BR>[Address Reference Count : 1]<UL><LI> startup_stm32f746xx.o(RESET)
</UL>
<P><STRONG><a name="[49]"></a>CAN2_TX_IRQHandler</STRONG> (Thumb, 0 bytes, Stack size 0 bytes, startup_stm32f746xx.o(.text))
<BR>[Address Reference Count : 1]<UL><LI> startup_stm32f746xx.o(RESET)
</UL>
<P><STRONG><a name="[67]"></a>CEC_IRQHandler</STRONG> (Thumb, 0 bytes, Stack size 0 bytes, startup_stm32f746xx.o(.text))
<BR>[Address Reference Count : 1]<UL><LI> startup_stm32f746xx.o(RESET)
</UL>
<P><STRONG><a name="[58]"></a>DCMI_IRQHandler</STRONG> (Thumb, 0 bytes, Stack size 0 bytes, startup_stm32f746xx.o(.text))
<BR>[Address Reference Count : 1]<UL><LI> startup_stm32f746xx.o(RESET)
</UL>
<P><STRONG><a name="[15]"></a>DMA1_Stream0_IRQHandler</STRONG> (Thumb, 0 bytes, Stack size 0 bytes, startup_stm32f746xx.o(.text))
<BR>[Address Reference Count : 1]<UL><LI> startup_stm32f746xx.o(RESET)
</UL>
<P><STRONG><a name="[16]"></a>DMA1_Stream1_IRQHandler</STRONG> (Thumb, 0 bytes, Stack size 0 bytes, startup_stm32f746xx.o(.text))
<BR>[Address Reference Count : 1]<UL><LI> startup_stm32f746xx.o(RESET)
</UL>
<P><STRONG><a name="[17]"></a>DMA1_Stream2_IRQHandler</STRONG> (Thumb, 0 bytes, Stack size 0 bytes, startup_stm32f746xx.o(.text))
<BR>[Address Reference Count : 1]<UL><LI> startup_stm32f746xx.o(RESET)
</UL>
<P><STRONG><a name="[18]"></a>DMA1_Stream3_IRQHandler</STRONG> (Thumb, 0 bytes, Stack size 0 bytes, startup_stm32f746xx.o(.text))
<BR>[Address Reference Count : 1]<UL><LI> startup_stm32f746xx.o(RESET)
</UL>
<P><STRONG><a name="[19]"></a>DMA1_Stream4_IRQHandler</STRONG> (Thumb, 0 bytes, Stack size 0 bytes, startup_stm32f746xx.o(.text))
<BR>[Address Reference Count : 1]<UL><LI> startup_stm32f746xx.o(RESET)
</UL>
<P><STRONG><a name="[1a]"></a>DMA1_Stream5_IRQHandler</STRONG> (Thumb, 0 bytes, Stack size 0 bytes, startup_stm32f746xx.o(.text))
<BR>[Address Reference Count : 1]<UL><LI> startup_stm32f746xx.o(RESET)
</UL>
<P><STRONG><a name="[1b]"></a>DMA1_Stream6_IRQHandler</STRONG> (Thumb, 0 bytes, Stack size 0 bytes, startup_stm32f746xx.o(.text))
<BR>[Address Reference Count : 1]<UL><LI> startup_stm32f746xx.o(RESET)
</UL>
<P><STRONG><a name="[39]"></a>DMA1_Stream7_IRQHandler</STRONG> (Thumb, 0 bytes, Stack size 0 bytes, startup_stm32f746xx.o(.text))
<BR>[Address Reference Count : 1]<UL><LI> startup_stm32f746xx.o(RESET)
</UL>
<P><STRONG><a name="[63]"></a>DMA2D_IRQHandler</STRONG> (Thumb, 0 bytes, Stack size 0 bytes, startup_stm32f746xx.o(.text))
<BR>[Address Reference Count : 1]<UL><LI> startup_stm32f746xx.o(RESET)
</UL>
<P><STRONG><a name="[42]"></a>DMA2_Stream0_IRQHandler</STRONG> (Thumb, 0 bytes, Stack size 0 bytes, startup_stm32f746xx.o(.text))
<BR>[Address Reference Count : 1]<UL><LI> startup_stm32f746xx.o(RESET)
</UL>
<P><STRONG><a name="[43]"></a>DMA2_Stream1_IRQHandler</STRONG> (Thumb, 0 bytes, Stack size 0 bytes, startup_stm32f746xx.o(.text))
<BR>[Address Reference Count : 1]<UL><LI> startup_stm32f746xx.o(RESET)
</UL>
<P><STRONG><a name="[44]"></a>DMA2_Stream2_IRQHandler</STRONG> (Thumb, 0 bytes, Stack size 0 bytes, startup_stm32f746xx.o(.text))
<BR>[Address Reference Count : 1]<UL><LI> startup_stm32f746xx.o(RESET)
</UL>
<P><STRONG><a name="[45]"></a>DMA2_Stream3_IRQHandler</STRONG> (Thumb, 0 bytes, Stack size 0 bytes, startup_stm32f746xx.o(.text))
<BR>[Address Reference Count : 1]<UL><LI> startup_stm32f746xx.o(RESET)
</UL>
<P><STRONG><a name="[46]"></a>DMA2_Stream4_IRQHandler</STRONG> (Thumb, 0 bytes, Stack size 0 bytes, startup_stm32f746xx.o(.text))
<BR>[Address Reference Count : 1]<UL><LI> startup_stm32f746xx.o(RESET)
</UL>
<P><STRONG><a name="[4e]"></a>DMA2_Stream5_IRQHandler</STRONG> (Thumb, 0 bytes, Stack size 0 bytes, startup_stm32f746xx.o(.text))
<BR>[Address Reference Count : 1]<UL><LI> startup_stm32f746xx.o(RESET)
</UL>
<P><STRONG><a name="[4f]"></a>DMA2_Stream6_IRQHandler</STRONG> (Thumb, 0 bytes, Stack size 0 bytes, startup_stm32f746xx.o(.text))
<BR>[Address Reference Count : 1]<UL><LI> startup_stm32f746xx.o(RESET)
</UL>
<P><STRONG><a name="[50]"></a>DMA2_Stream7_IRQHandler</STRONG> (Thumb, 0 bytes, Stack size 0 bytes, startup_stm32f746xx.o(.text))
<BR>[Address Reference Count : 1]<UL><LI> startup_stm32f746xx.o(RESET)
</UL>
<P><STRONG><a name="[47]"></a>ETH_IRQHandler</STRONG> (Thumb, 0 bytes, Stack size 0 bytes, startup_stm32f746xx.o(.text))
<BR>[Address Reference Count : 1]<UL><LI> startup_stm32f746xx.o(RESET)
</UL>
<P><STRONG><a name="[48]"></a>ETH_WKUP_IRQHandler</STRONG> (Thumb, 0 bytes, Stack size 0 bytes, startup_stm32f746xx.o(.text))
<BR>[Address Reference Count : 1]<UL><LI> startup_stm32f746xx.o(RESET)
</UL>
<P><STRONG><a name="[10]"></a>EXTI0_IRQHandler</STRONG> (Thumb, 0 bytes, Stack size 0 bytes, startup_stm32f746xx.o(.text))
<BR>[Address Reference Count : 1]<UL><LI> startup_stm32f746xx.o(RESET)
</UL>
<P><STRONG><a name="[32]"></a>EXTI15_10_IRQHandler</STRONG> (Thumb, 0 bytes, Stack size 0 bytes, startup_stm32f746xx.o(.text))
<BR>[Address Reference Count : 1]<UL><LI> startup_stm32f746xx.o(RESET)
</UL>
<P><STRONG><a name="[11]"></a>EXTI1_IRQHandler</STRONG> (Thumb, 0 bytes, Stack size 0 bytes, startup_stm32f746xx.o(.text))
<BR>[Address Reference Count : 1]<UL><LI> startup_stm32f746xx.o(RESET)
</UL>
<P><STRONG><a name="[12]"></a>EXTI2_IRQHandler</STRONG> (Thumb, 0 bytes, Stack size 0 bytes, startup_stm32f746xx.o(.text))
<BR>[Address Reference Count : 1]<UL><LI> startup_stm32f746xx.o(RESET)
</UL>
<P><STRONG><a name="[13]"></a>EXTI3_IRQHandler</STRONG> (Thumb, 0 bytes, Stack size 0 bytes, startup_stm32f746xx.o(.text))
<BR>[Address Reference Count : 1]<UL><LI> startup_stm32f746xx.o(RESET)
</UL>
<P><STRONG><a name="[14]"></a>EXTI4_IRQHandler</STRONG> (Thumb, 0 bytes, Stack size 0 bytes, startup_stm32f746xx.o(.text))
<BR>[Address Reference Count : 1]<UL><LI> startup_stm32f746xx.o(RESET)
</UL>
<P><STRONG><a name="[21]"></a>EXTI9_5_IRQHandler</STRONG> (Thumb, 0 bytes, Stack size 0 bytes, startup_stm32f746xx.o(.text))
<BR>[Address Reference Count : 1]<UL><LI> startup_stm32f746xx.o(RESET)
</UL>
<P><STRONG><a name="[e]"></a>FLASH_IRQHandler</STRONG> (Thumb, 0 bytes, Stack size 0 bytes, startup_stm32f746xx.o(.text))
<BR>[Address Reference Count : 1]<UL><LI> startup_stm32f746xx.o(RESET)
</UL>
<P><STRONG><a name="[3a]"></a>FMC_IRQHandler</STRONG> (Thumb, 0 bytes, Stack size 0 bytes, startup_stm32f746xx.o(.text))
<BR>[Address Reference Count : 1]<UL><LI> startup_stm32f746xx.o(RESET)
</UL>
<P><STRONG><a name="[5a]"></a>FPU_IRQHandler</STRONG> (Thumb, 0 bytes, Stack size 0 bytes, startup_stm32f746xx.o(.text))
<BR>[Address Reference Count : 1]<UL><LI> startup_stm32f746xx.o(RESET)
</UL>
<P><STRONG><a name="[2a]"></a>I2C1_ER_IRQHandler</STRONG> (Thumb, 0 bytes, Stack size 0 bytes, startup_stm32f746xx.o(.text))
<BR>[Address Reference Count : 1]<UL><LI> startup_stm32f746xx.o(RESET)
</UL>
<P><STRONG><a name="[29]"></a>I2C1_EV_IRQHandler</STRONG> (Thumb, 0 bytes, Stack size 0 bytes, startup_stm32f746xx.o(.text))
<BR>[Address Reference Count : 1]<UL><LI> startup_stm32f746xx.o(RESET)
</UL>
<P><STRONG><a name="[2c]"></a>I2C2_ER_IRQHandler</STRONG> (Thumb, 0 bytes, Stack size 0 bytes, startup_stm32f746xx.o(.text))
<BR>[Address Reference Count : 1]<UL><LI> startup_stm32f746xx.o(RESET)
</UL>
<P><STRONG><a name="[2b]"></a>I2C2_EV_IRQHandler</STRONG> (Thumb, 0 bytes, Stack size 0 bytes, startup_stm32f746xx.o(.text))
<BR>[Address Reference Count : 1]<UL><LI> startup_stm32f746xx.o(RESET)
</UL>
<P><STRONG><a name="[53]"></a>I2C3_ER_IRQHandler</STRONG> (Thumb, 0 bytes, Stack size 0 bytes, startup_stm32f746xx.o(.text))
<BR>[Address Reference Count : 1]<UL><LI> startup_stm32f746xx.o(RESET)
</UL>
<P><STRONG><a name="[52]"></a>I2C3_EV_IRQHandler</STRONG> (Thumb, 0 bytes, Stack size 0 bytes, startup_stm32f746xx.o(.text))
<BR>[Address Reference Count : 1]<UL><LI> startup_stm32f746xx.o(RESET)
</UL>
<P><STRONG><a name="[69]"></a>I2C4_ER_IRQHandler</STRONG> (Thumb, 0 bytes, Stack size 0 bytes, startup_stm32f746xx.o(.text))
<BR>[Address Reference Count : 1]<UL><LI> startup_stm32f746xx.o(RESET)
</UL>
<P><STRONG><a name="[68]"></a>I2C4_EV_IRQHandler</STRONG> (Thumb, 0 bytes, Stack size 0 bytes, startup_stm32f746xx.o(.text))
<BR>[Address Reference Count : 1]<UL><LI> startup_stm32f746xx.o(RESET)
</UL>
<P><STRONG><a name="[66]"></a>LPTIM1_IRQHandler</STRONG> (Thumb, 0 bytes, Stack size 0 bytes, startup_stm32f746xx.o(.text))
<BR>[Address Reference Count : 1]<UL><LI> startup_stm32f746xx.o(RESET)
</UL>
<P><STRONG><a name="[62]"></a>LTDC_ER_IRQHandler</STRONG> (Thumb, 0 bytes, Stack size 0 bytes, startup_stm32f746xx.o(.text))
<BR>[Address Reference Count : 1]<UL><LI> startup_stm32f746xx.o(RESET)
</UL>
<P><STRONG><a name="[61]"></a>LTDC_IRQHandler</STRONG> (Thumb, 0 bytes, Stack size 0 bytes, startup_stm32f746xx.o(.text))
<BR>[Address Reference Count : 1]<UL><LI> startup_stm32f746xx.o(RESET)
</UL>
<P><STRONG><a name="[4d]"></a>OTG_FS_IRQHandler</STRONG> (Thumb, 0 bytes, Stack size 0 bytes, startup_stm32f746xx.o(.text))
<BR>[Address Reference Count : 1]<UL><LI> startup_stm32f746xx.o(RESET)
</UL>
<P><STRONG><a name="[34]"></a>OTG_FS_WKUP_IRQHandler</STRONG> (Thumb, 0 bytes, Stack size 0 bytes, startup_stm32f746xx.o(.text))
<BR>[Address Reference Count : 1]<UL><LI> startup_stm32f746xx.o(RESET)
</UL>
<P><STRONG><a name="[55]"></a>OTG_HS_EP1_IN_IRQHandler</STRONG> (Thumb, 0 bytes, Stack size 0 bytes, startup_stm32f746xx.o(.text))
<BR>[Address Reference Count : 1]<UL><LI> startup_stm32f746xx.o(RESET)
</UL>
<P><STRONG><a name="[54]"></a>OTG_HS_EP1_OUT_IRQHandler</STRONG> (Thumb, 0 bytes, Stack size 0 bytes, startup_stm32f746xx.o(.text))
<BR>[Address Reference Count : 1]<UL><LI> startup_stm32f746xx.o(RESET)
</UL>
<P><STRONG><a name="[57]"></a>OTG_HS_IRQHandler</STRONG> (Thumb, 0 bytes, Stack size 0 bytes, startup_stm32f746xx.o(.text))
<BR>[Address Reference Count : 1]<UL><LI> startup_stm32f746xx.o(RESET)
</UL>
<P><STRONG><a name="[56]"></a>OTG_HS_WKUP_IRQHandler</STRONG> (Thumb, 0 bytes, Stack size 0 bytes, startup_stm32f746xx.o(.text))
<BR>[Address Reference Count : 1]<UL><LI> startup_stm32f746xx.o(RESET)
</UL>
<P><STRONG><a name="[b]"></a>PVD_IRQHandler</STRONG> (Thumb, 0 bytes, Stack size 0 bytes, startup_stm32f746xx.o(.text))
<BR>[Address Reference Count : 1]<UL><LI> startup_stm32f746xx.o(RESET)
</UL>
<P><STRONG><a name="[65]"></a>QUADSPI_IRQHandler</STRONG> (Thumb, 0 bytes, Stack size 0 bytes, startup_stm32f746xx.o(.text))
<BR>[Address Reference Count : 1]<UL><LI> startup_stm32f746xx.o(RESET)
</UL>
<P><STRONG><a name="[f]"></a>RCC_IRQHandler</STRONG> (Thumb, 0 bytes, Stack size 0 bytes, startup_stm32f746xx.o(.text))
<BR>[Address Reference Count : 1]<UL><LI> startup_stm32f746xx.o(RESET)
</UL>
<P><STRONG><a name="[59]"></a>RNG_IRQHandler</STRONG> (Thumb, 0 bytes, Stack size 0 bytes, startup_stm32f746xx.o(.text))
<BR>[Address Reference Count : 1]<UL><LI> startup_stm32f746xx.o(RESET)
</UL>
<P><STRONG><a name="[33]"></a>RTC_Alarm_IRQHandler</STRONG> (Thumb, 0 bytes, Stack size 0 bytes, startup_stm32f746xx.o(.text))
<BR>[Address Reference Count : 1]<UL><LI> startup_stm32f746xx.o(RESET)
</UL>
<P><STRONG><a name="[d]"></a>RTC_WKUP_IRQHandler</STRONG> (Thumb, 0 bytes, Stack size 0 bytes, startup_stm32f746xx.o(.text))
<BR>[Address Reference Count : 1]<UL><LI> startup_stm32f746xx.o(RESET)
</UL>
<P><STRONG><a name="[60]"></a>SAI1_IRQHandler</STRONG> (Thumb, 0 bytes, Stack size 0 bytes, startup_stm32f746xx.o(.text))
<BR>[Address Reference Count : 1]<UL><LI> startup_stm32f746xx.o(RESET)
</UL>
<P><STRONG><a name="[64]"></a>SAI2_IRQHandler</STRONG> (Thumb, 0 bytes, Stack size 0 bytes, startup_stm32f746xx.o(.text))
<BR>[Address Reference Count : 1]<UL><LI> startup_stm32f746xx.o(RESET)
</UL>
<P><STRONG><a name="[3b]"></a>SDMMC1_IRQHandler</STRONG> (Thumb, 0 bytes, Stack size 0 bytes, startup_stm32f746xx.o(.text))
<BR>[Address Reference Count : 1]<UL><LI> startup_stm32f746xx.o(RESET)
</UL>
<P><STRONG><a name="[6a]"></a>SPDIF_RX_IRQHandler</STRONG> (Thumb, 0 bytes, Stack size 0 bytes, startup_stm32f746xx.o(.text))
<BR>[Address Reference Count : 1]<UL><LI> startup_stm32f746xx.o(RESET)
</UL>
<P><STRONG><a name="[2d]"></a>SPI1_IRQHandler</STRONG> (Thumb, 0 bytes, Stack size 0 bytes, startup_stm32f746xx.o(.text))
<BR>[Address Reference Count : 1]<UL><LI> startup_stm32f746xx.o(RESET)
</UL>
<P><STRONG><a name="[2e]"></a>SPI2_IRQHandler</STRONG> (Thumb, 0 bytes, Stack size 0 bytes, startup_stm32f746xx.o(.text))
<BR>[Address Reference Count : 1]<UL><LI> startup_stm32f746xx.o(RESET)
</UL>
<P><STRONG><a name="[3d]"></a>SPI3_IRQHandler</STRONG> (Thumb, 0 bytes, Stack size 0 bytes, startup_stm32f746xx.o(.text))
<BR>[Address Reference Count : 1]<UL><LI> startup_stm32f746xx.o(RESET)
</UL>
<P><STRONG><a name="[5d]"></a>SPI4_IRQHandler</STRONG> (Thumb, 0 bytes, Stack size 0 bytes, startup_stm32f746xx.o(.text))
<BR>[Address Reference Count : 1]<UL><LI> startup_stm32f746xx.o(RESET)
</UL>
<P><STRONG><a name="[5e]"></a>SPI5_IRQHandler</STRONG> (Thumb, 0 bytes, Stack size 0 bytes, startup_stm32f746xx.o(.text))
<BR>[Address Reference Count : 1]<UL><LI> startup_stm32f746xx.o(RESET)
</UL>
<P><STRONG><a name="[5f]"></a>SPI6_IRQHandler</STRONG> (Thumb, 0 bytes, Stack size 0 bytes, startup_stm32f746xx.o(.text))
<BR>[Address Reference Count : 1]<UL><LI> startup_stm32f746xx.o(RESET)
</UL>
<P><STRONG><a name="[c]"></a>TAMP_STAMP_IRQHandler</STRONG> (Thumb, 0 bytes, Stack size 0 bytes, startup_stm32f746xx.o(.text))
<BR>[Address Reference Count : 1]<UL><LI> startup_stm32f746xx.o(RESET)
</UL>
<P><STRONG><a name="[22]"></a>TIM1_BRK_TIM9_IRQHandler</STRONG> (Thumb, 0 bytes, Stack size 0 bytes, startup_stm32f746xx.o(.text))
<BR>[Address Reference Count : 1]<UL><LI> startup_stm32f746xx.o(RESET)
</UL>
<P><STRONG><a name="[25]"></a>TIM1_CC_IRQHandler</STRONG> (Thumb, 0 bytes, Stack size 0 bytes, startup_stm32f746xx.o(.text))
<BR>[Address Reference Count : 1]<UL><LI> startup_stm32f746xx.o(RESET)
</UL>
<P><STRONG><a name="[24]"></a>TIM1_TRG_COM_TIM11_IRQHandler</STRONG> (Thumb, 0 bytes, Stack size 0 bytes, startup_stm32f746xx.o(.text))
<BR>[Address Reference Count : 1]<UL><LI> startup_stm32f746xx.o(RESET)
</UL>
<P><STRONG><a name="[23]"></a>TIM1_UP_TIM10_IRQHandler</STRONG> (Thumb, 0 bytes, Stack size 0 bytes, startup_stm32f746xx.o(.text))
<BR>[Address Reference Count : 1]<UL><LI> startup_stm32f746xx.o(RESET)
</UL>
<P><STRONG><a name="[26]"></a>TIM2_IRQHandler</STRONG> (Thumb, 0 bytes, Stack size 0 bytes, startup_stm32f746xx.o(.text))
<BR>[Address Reference Count : 1]<UL><LI> startup_stm32f746xx.o(RESET)
</UL>
<P><STRONG><a name="[27]"></a>TIM3_IRQHandler</STRONG> (Thumb, 0 bytes, Stack size 0 bytes, startup_stm32f746xx.o(.text))
<BR>[Address Reference Count : 1]<UL><LI> startup_stm32f746xx.o(RESET)
</UL>
<P><STRONG><a name="[28]"></a>TIM4_IRQHandler</STRONG> (Thumb, 0 bytes, Stack size 0 bytes, startup_stm32f746xx.o(.text))
<BR>[Address Reference Count : 1]<UL><LI> startup_stm32f746xx.o(RESET)
</UL>
<P><STRONG><a name="[3c]"></a>TIM5_IRQHandler</STRONG> (Thumb, 0 bytes, Stack size 0 bytes, startup_stm32f746xx.o(.text))
<BR>[Address Reference Count : 1]<UL><LI> startup_stm32f746xx.o(RESET)
</UL>
<P><STRONG><a name="[40]"></a>TIM6_DAC_IRQHandler</STRONG> (Thumb, 0 bytes, Stack size 0 bytes, startup_stm32f746xx.o(.text))
<BR>[Address Reference Count : 1]<UL><LI> startup_stm32f746xx.o(RESET)
</UL>
<P><STRONG><a name="[35]"></a>TIM8_BRK_TIM12_IRQHandler</STRONG> (Thumb, 0 bytes, Stack size 0 bytes, startup_stm32f746xx.o(.text))
<BR>[Address Reference Count : 1]<UL><LI> startup_stm32f746xx.o(RESET)
</UL>
<P><STRONG><a name="[38]"></a>TIM8_CC_IRQHandler</STRONG> (Thumb, 0 bytes, Stack size 0 bytes, startup_stm32f746xx.o(.text))
<BR>[Address Reference Count : 1]<UL><LI> startup_stm32f746xx.o(RESET)
</UL>
<P><STRONG><a name="[37]"></a>TIM8_TRG_COM_TIM14_IRQHandler</STRONG> (Thumb, 0 bytes, Stack size 0 bytes, startup_stm32f746xx.o(.text))
<BR>[Address Reference Count : 1]<UL><LI> startup_stm32f746xx.o(RESET)
</UL>
<P><STRONG><a name="[36]"></a>TIM8_UP_TIM13_IRQHandler</STRONG> (Thumb, 0 bytes, Stack size 0 bytes, startup_stm32f746xx.o(.text))
<BR>[Address Reference Count : 1]<UL><LI> startup_stm32f746xx.o(RESET)
</UL>
<P><STRONG><a name="[3e]"></a>UART4_IRQHandler</STRONG> (Thumb, 0 bytes, Stack size 0 bytes, startup_stm32f746xx.o(.text))
<BR>[Address Reference Count : 1]<UL><LI> startup_stm32f746xx.o(RESET)
</UL>
<P><STRONG><a name="[3f]"></a>UART5_IRQHandler</STRONG> (Thumb, 0 bytes, Stack size 0 bytes, startup_stm32f746xx.o(.text))
<BR>[Address Reference Count : 1]<UL><LI> startup_stm32f746xx.o(RESET)
</UL>
<P><STRONG><a name="[5b]"></a>UART7_IRQHandler</STRONG> (Thumb, 0 bytes, Stack size 0 bytes, startup_stm32f746xx.o(.text))
<BR>[Address Reference Count : 1]<UL><LI> startup_stm32f746xx.o(RESET)
</UL>
<P><STRONG><a name="[5c]"></a>UART8_IRQHandler</STRONG> (Thumb, 0 bytes, Stack size 0 bytes, startup_stm32f746xx.o(.text))
<BR>[Address Reference Count : 1]<UL><LI> startup_stm32f746xx.o(RESET)
</UL>
<P><STRONG><a name="[2f]"></a>USART1_IRQHandler</STRONG> (Thumb, 0 bytes, Stack size 0 bytes, startup_stm32f746xx.o(.text))
<BR>[Address Reference Count : 1]<UL><LI> startup_stm32f746xx.o(RESET)
</UL>
<P><STRONG><a name="[30]"></a>USART2_IRQHandler</STRONG> (Thumb, 0 bytes, Stack size 0 bytes, startup_stm32f746xx.o(.text))
<BR>[Address Reference Count : 1]<UL><LI> startup_stm32f746xx.o(RESET)
</UL>
<P><STRONG><a name="[31]"></a>USART3_IRQHandler</STRONG> (Thumb, 0 bytes, Stack size 0 bytes, startup_stm32f746xx.o(.text))
<BR>[Address Reference Count : 1]<UL><LI> startup_stm32f746xx.o(RESET)
</UL>
<P><STRONG><a name="[51]"></a>USART6_IRQHandler</STRONG> (Thumb, 0 bytes, Stack size 0 bytes, startup_stm32f746xx.o(.text))
<BR>[Address Reference Count : 1]<UL><LI> startup_stm32f746xx.o(RESET)
</UL>
<P><STRONG><a name="[a]"></a>WWDG_IRQHandler</STRONG> (Thumb, 0 bytes, Stack size 0 bytes, startup_stm32f746xx.o(.text))
<BR>[Address Reference Count : 1]<UL><LI> startup_stm32f746xx.o(RESET)
</UL>
<P><STRONG><a name="[7c]"></a>__aeabi_uldivmod</STRONG> (Thumb, 98 bytes, Stack size 40 bytes, uldiv.o(.text))
<BR><BR>[Stack]<UL><LI>Max Depth = 40<LI>Call Chain = __aeabi_uldivmod
</UL>
<BR>[Calls]<UL><LI><a href="#[7d]">&gt;&gt;</a>&nbsp;&nbsp;&nbsp;__aeabi_llsr
<LI><a href="#[7e]">&gt;&gt;</a>&nbsp;&nbsp;&nbsp;__aeabi_llsl
</UL>
<BR>[Called By]<UL><LI><a href="#[d2]">&gt;&gt;</a>&nbsp;&nbsp;&nbsp;HAL_RCC_GetSysClockFreq
</UL>

<P><STRONG><a name="[124]"></a>rand</STRONG> (Thumb, 20 bytes, Stack size 0 bytes, rand.o(.text))
<BR><BR>[Called By]<UL><LI><a href="#[6f]">&gt;&gt;</a>&nbsp;&nbsp;&nbsp;vDetectPress_NewDel
</UL>

<P><STRONG><a name="[123]"></a>srand</STRONG> (Thumb, 6 bytes, Stack size 0 bytes, rand.o(.text))
<BR><BR>[Called By]<UL><LI><a href="#[6f]">&gt;&gt;</a>&nbsp;&nbsp;&nbsp;vDetectPress_NewDel
</UL>

<P><STRONG><a name="[141]"></a>__aeabi_memcpy</STRONG> (Thumb, 36 bytes, Stack size 0 bytes, memcpya.o(.text), UNUSED)

<P><STRONG><a name="[cc]"></a>__aeabi_memcpy4</STRONG> (Thumb, 0 bytes, Stack size 0 bytes, memcpya.o(.text))
<BR><BR>[Called By]<UL><LI><a href="#[9d]">&gt;&gt;</a>&nbsp;&nbsp;&nbsp;HAL_LTDC_ConfigLayer
</UL>

<P><STRONG><a name="[142]"></a>__aeabi_memcpy8</STRONG> (Thumb, 0 bytes, Stack size 0 bytes, memcpya.o(.text), UNUSED)

<P><STRONG><a name="[80]"></a>__aeabi_memset</STRONG> (Thumb, 14 bytes, Stack size 0 bytes, memseta.o(.text), UNUSED)
<BR><BR>[Called By]<UL><LI><a href="#[81]">&gt;&gt;</a>&nbsp;&nbsp;&nbsp;_memset$wrapper
<LI><a href="#[7f]">&gt;&gt;</a>&nbsp;&nbsp;&nbsp;__aeabi_memclr
</UL>

<P><STRONG><a name="[143]"></a>__aeabi_memset4</STRONG> (Thumb, 0 bytes, Stack size 0 bytes, memseta.o(.text), UNUSED)

<P><STRONG><a name="[144]"></a>__aeabi_memset8</STRONG> (Thumb, 0 bytes, Stack size 0 bytes, memseta.o(.text), UNUSED)

<P><STRONG><a name="[7f]"></a>__aeabi_memclr</STRONG> (Thumb, 4 bytes, Stack size 0 bytes, memseta.o(.text), UNUSED)
<BR><BR>[Calls]<UL><LI><a href="#[80]">&gt;&gt;</a>&nbsp;&nbsp;&nbsp;__aeabi_memset
</UL>

<P><STRONG><a name="[ba]"></a>__aeabi_memclr4</STRONG> (Thumb, 0 bytes, Stack size 0 bytes, memseta.o(.text))
<BR><BR>[Called By]<UL><LI><a href="#[e7]">&gt;&gt;</a>&nbsp;&nbsp;&nbsp;HAL_UART_MspInit
<LI><a href="#[ce]">&gt;&gt;</a>&nbsp;&nbsp;&nbsp;HAL_LTDC_MspInit
<LI><a href="#[b9]">&gt;&gt;</a>&nbsp;&nbsp;&nbsp;HAL_FMC_MspInit
<LI><a href="#[fd]">&gt;&gt;</a>&nbsp;&nbsp;&nbsp;SystemClock_Config
<LI><a href="#[f9]">&gt;&gt;</a>&nbsp;&nbsp;&nbsp;MX_LTDC_Init
<LI><a href="#[f8]">&gt;&gt;</a>&nbsp;&nbsp;&nbsp;MX_GPIO_Init
<LI><a href="#[f7]">&gt;&gt;</a>&nbsp;&nbsp;&nbsp;MX_FMC_Init
</UL>

<P><STRONG><a name="[145]"></a>__aeabi_memclr8</STRONG> (Thumb, 0 bytes, Stack size 0 bytes, memseta.o(.text), UNUSED)

<P><STRONG><a name="[81]"></a>_memset$wrapper</STRONG> (Thumb, 18 bytes, Stack size 8 bytes, memseta.o(.text), UNUSED)
<BR><BR>[Calls]<UL><LI><a href="#[80]">&gt;&gt;</a>&nbsp;&nbsp;&nbsp;__aeabi_memset
</UL>

<P><STRONG><a name="[82]"></a>calloc</STRONG> (Thumb, 28 bytes, Stack size 8 bytes, calloc.o(.text))
<BR><BR>[Stack]<UL><LI>Max Depth = 28<LI>Call Chain = calloc &rArr; malloc
</UL>
<BR>[Calls]<UL><LI><a href="#[83]">&gt;&gt;</a>&nbsp;&nbsp;&nbsp;malloc
</UL>
<BR>[Called By]<UL><LI><a href="#[114]">&gt;&gt;</a>&nbsp;&nbsp;&nbsp;xObjectGroup_New
<LI><a href="#[116]">&gt;&gt;</a>&nbsp;&nbsp;&nbsp;vPressMove_Group
<LI><a href="#[ae]">&gt;&gt;</a>&nbsp;&nbsp;&nbsp;DrawCircleToPicture
<LI><a href="#[121]">&gt;&gt;</a>&nbsp;&nbsp;&nbsp;xObjectGroup_AddObj
<LI><a href="#[12d]">&gt;&gt;</a>&nbsp;&nbsp;&nbsp;xObjectData
<LI><a href="#[12e]">&gt;&gt;</a>&nbsp;&nbsp;&nbsp;xPyObjData
</UL>

<P><STRONG><a name="[135]"></a>__aeabi_f2d</STRONG> (Thumb, 38 bytes, Stack size 0 bytes, f2d.o(.text))
<BR><BR>[Called By]<UL><LI><a href="#[11e]">&gt;&gt;</a>&nbsp;&nbsp;&nbsp;xMovePyObj
</UL>

<P><STRONG><a name="[84]"></a>__aeabi_d2f</STRONG> (Thumb, 56 bytes, Stack size 8 bytes, d2f.o(.text))
<BR><BR>[Stack]<UL><LI>Max Depth = 8<LI>Call Chain = __aeabi_d2f
</UL>
<BR>[Calls]<UL><LI><a href="#[85]">&gt;&gt;</a>&nbsp;&nbsp;&nbsp;_float_round
</UL>
<BR>[Called By]<UL><LI><a href="#[11e]">&gt;&gt;</a>&nbsp;&nbsp;&nbsp;xMovePyObj
</UL>

<P><STRONG><a name="[7e]"></a>__aeabi_llsl</STRONG> (Thumb, 30 bytes, Stack size 0 bytes, llshl.o(.text))
<BR><BR>[Called By]<UL><LI><a href="#[89]">&gt;&gt;</a>&nbsp;&nbsp;&nbsp;_double_epilogue
<LI><a href="#[7c]">&gt;&gt;</a>&nbsp;&nbsp;&nbsp;__aeabi_uldivmod
</UL>

<P><STRONG><a name="[146]"></a>_ll_shift_l</STRONG> (Thumb, 0 bytes, Stack size 0 bytes, llshl.o(.text), UNUSED)

<P><STRONG><a name="[7d]"></a>__aeabi_llsr</STRONG> (Thumb, 32 bytes, Stack size 0 bytes, llushr.o(.text))
<BR><BR>[Called By]<UL><LI><a href="#[89]">&gt;&gt;</a>&nbsp;&nbsp;&nbsp;_double_epilogue
<LI><a href="#[7c]">&gt;&gt;</a>&nbsp;&nbsp;&nbsp;__aeabi_uldivmod
<LI><a href="#[86]">&gt;&gt;</a>&nbsp;&nbsp;&nbsp;_dsqrt
</UL>

<P><STRONG><a name="[147]"></a>_ll_ushift_r</STRONG> (Thumb, 0 bytes, Stack size 0 bytes, llushr.o(.text), UNUSED)

<P><STRONG><a name="[148]"></a>__I$use$fp</STRONG> (Thumb, 0 bytes, Stack size 0 bytes, iusefp.o(.text), UNUSED)

<P><STRONG><a name="[85]"></a>_float_round</STRONG> (Thumb, 18 bytes, Stack size 0 bytes, fepilogue.o(.text))
<BR><BR>[Called By]<UL><LI><a href="#[84]">&gt;&gt;</a>&nbsp;&nbsp;&nbsp;__aeabi_d2f
</UL>

<P><STRONG><a name="[149]"></a>_float_epilogue</STRONG> (Thumb, 92 bytes, Stack size 4 bytes, fepilogue.o(.text), UNUSED)

<P><STRONG><a name="[86]"></a>_dsqrt</STRONG> (Thumb, 162 bytes, Stack size 32 bytes, dsqrt.o(.text))
<BR><BR>[Stack]<UL><LI>Max Depth = 40<LI>Call Chain = _dsqrt &rArr; _double_round
</UL>
<BR>[Calls]<UL><LI><a href="#[87]">&gt;&gt;</a>&nbsp;&nbsp;&nbsp;_double_round
<LI><a href="#[7d]">&gt;&gt;</a>&nbsp;&nbsp;&nbsp;__aeabi_llsr
</UL>
<BR>[Called By]<UL><LI><a href="#[106]">&gt;&gt;</a>&nbsp;&nbsp;&nbsp;__hardfp_sqrt
</UL>

<P><STRONG><a name="[7b]"></a>__scatterload</STRONG> (Thumb, 28 bytes, Stack size 0 bytes, init.o(.text))
<BR><BR>[Calls]<UL><LI><a href="#[88]">&gt;&gt;</a>&nbsp;&nbsp;&nbsp;__main_after_scatterload
</UL>
<BR>[Called By]<UL><LI><a href="#[7a]">&gt;&gt;</a>&nbsp;&nbsp;&nbsp;_main_scatterload
</UL>

<P><STRONG><a name="[14a]"></a>__scatterload_rt2</STRONG> (Thumb, 0 bytes, Stack size 0 bytes, init.o(.text), UNUSED)

<P><STRONG><a name="[87]"></a>_double_round</STRONG> (Thumb, 30 bytes, Stack size 8 bytes, depilogue.o(.text))
<BR><BR>[Stack]<UL><LI>Max Depth = 8<LI>Call Chain = _double_round
</UL>
<BR>[Called By]<UL><LI><a href="#[89]">&gt;&gt;</a>&nbsp;&nbsp;&nbsp;_double_epilogue
<LI><a href="#[86]">&gt;&gt;</a>&nbsp;&nbsp;&nbsp;_dsqrt
</UL>

<P><STRONG><a name="[89]"></a>_double_epilogue</STRONG> (Thumb, 156 bytes, Stack size 32 bytes, depilogue.o(.text), UNUSED)
<BR><BR>[Calls]<UL><LI><a href="#[87]">&gt;&gt;</a>&nbsp;&nbsp;&nbsp;_double_round
<LI><a href="#[7d]">&gt;&gt;</a>&nbsp;&nbsp;&nbsp;__aeabi_llsr
<LI><a href="#[7e]">&gt;&gt;</a>&nbsp;&nbsp;&nbsp;__aeabi_llsl
</UL>

<P><STRONG><a name="[8a]"></a>BSP_LCD_Clear</STRONG> (Thumb, 48 bytes, Stack size 16 bytes, stm32746g_discovery_lcd.o(i.BSP_LCD_Clear))
<BR><BR>[Stack]<UL><LI>Max Depth = 92<LI>Call Chain = BSP_LCD_Clear &rArr; LL_FillBuffer &rArr; HAL_DMA2D_Start &rArr; DMA2D_SetConfig
</UL>
<BR>[Calls]<UL><LI><a href="#[8b]">&gt;&gt;</a>&nbsp;&nbsp;&nbsp;BSP_LCD_GetYSize
<LI><a href="#[8c]">&gt;&gt;</a>&nbsp;&nbsp;&nbsp;BSP_LCD_GetXSize
<LI><a href="#[8d]">&gt;&gt;</a>&nbsp;&nbsp;&nbsp;LL_FillBuffer
</UL>
<BR>[Called By]<UL><LI><a href="#[6b]">&gt;&gt;</a>&nbsp;&nbsp;&nbsp;main
</UL>

<P><STRONG><a name="[8e]"></a>BSP_LCD_ClockConfig</STRONG> (Thumb, 26 bytes, Stack size 8 bytes, stm32746g_discovery_lcd.o(i.BSP_LCD_ClockConfig))
<BR><BR>[Stack]<UL><LI>Max Depth = 48<LI>Call Chain = BSP_LCD_ClockConfig &rArr; HAL_RCCEx_PeriphCLKConfig
</UL>
<BR>[Calls]<UL><LI><a href="#[8f]">&gt;&gt;</a>&nbsp;&nbsp;&nbsp;HAL_RCCEx_PeriphCLKConfig
</UL>
<BR>[Called By]<UL><LI><a href="#[96]">&gt;&gt;</a>&nbsp;&nbsp;&nbsp;BSP_LCD_Init
</UL>

<P><STRONG><a name="[90]"></a>BSP_LCD_DisplayChar</STRONG> (Thumb, 44 bytes, Stack size 8 bytes, stm32746g_discovery_lcd.o(i.BSP_LCD_DisplayChar))
<BR><BR>[Stack]<UL><LI>Max Depth = 72<LI>Call Chain = BSP_LCD_DisplayChar &rArr; DrawChar &rArr; BSP_LCD_DrawPixel
</UL>
<BR>[Calls]<UL><LI><a href="#[91]">&gt;&gt;</a>&nbsp;&nbsp;&nbsp;DrawChar
</UL>
<BR>[Called By]<UL><LI><a href="#[94]">&gt;&gt;</a>&nbsp;&nbsp;&nbsp;BSP_LCD_DisplayStringAt
</UL>

<P><STRONG><a name="[92]"></a>BSP_LCD_DisplayOn</STRONG> (Thumb, 38 bytes, Stack size 8 bytes, stm32746g_discovery_lcd.o(i.BSP_LCD_DisplayOn))
<BR><BR>[Stack]<UL><LI>Max Depth = 8<LI>Call Chain = BSP_LCD_DisplayOn
</UL>
<BR>[Calls]<UL><LI><a href="#[93]">&gt;&gt;</a>&nbsp;&nbsp;&nbsp;HAL_GPIO_WritePin
</UL>
<BR>[Called By]<UL><LI><a href="#[6b]">&gt;&gt;</a>&nbsp;&nbsp;&nbsp;main
</UL>

<P><STRONG><a name="[94]"></a>BSP_LCD_DisplayStringAt</STRONG> (Thumb, 192 bytes, Stack size 32 bytes, stm32746g_discovery_lcd.o(i.BSP_LCD_DisplayStringAt))
<BR><BR>[Stack]<UL><LI>Max Depth = 104<LI>Call Chain = BSP_LCD_DisplayStringAt &rArr; BSP_LCD_DisplayChar &rArr; DrawChar &rArr; BSP_LCD_DrawPixel
</UL>
<BR>[Calls]<UL><LI><a href="#[8c]">&gt;&gt;</a>&nbsp;&nbsp;&nbsp;BSP_LCD_GetXSize
<LI><a href="#[90]">&gt;&gt;</a>&nbsp;&nbsp;&nbsp;BSP_LCD_DisplayChar
</UL>
<BR>[Called By]<UL><LI><a href="#[6f]">&gt;&gt;</a>&nbsp;&nbsp;&nbsp;vDetectPress_NewDel
</UL>

<P><STRONG><a name="[95]"></a>BSP_LCD_DrawPixel</STRONG> (Thumb, 90 bytes, Stack size 16 bytes, stm32746g_discovery_lcd.o(i.BSP_LCD_DrawPixel))
<BR><BR>[Stack]<UL><LI>Max Depth = 16<LI>Call Chain = BSP_LCD_DrawPixel
</UL>
<BR>[Calls]<UL><LI><a href="#[8c]">&gt;&gt;</a>&nbsp;&nbsp;&nbsp;BSP_LCD_GetXSize
</UL>
<BR>[Called By]<UL><LI><a href="#[91]">&gt;&gt;</a>&nbsp;&nbsp;&nbsp;DrawChar
<LI><a href="#[fb]">&gt;&gt;</a>&nbsp;&nbsp;&nbsp;ObjectLCDSetPixel
</UL>

<P><STRONG><a name="[8c]"></a>BSP_LCD_GetXSize</STRONG> (Thumb, 22 bytes, Stack size 0 bytes, stm32746g_discovery_lcd.o(i.BSP_LCD_GetXSize))
<BR><BR>[Called By]<UL><LI><a href="#[9c]">&gt;&gt;</a>&nbsp;&nbsp;&nbsp;BSP_LCD_LayerDefaultInit
<LI><a href="#[8a]">&gt;&gt;</a>&nbsp;&nbsp;&nbsp;BSP_LCD_Clear
<LI><a href="#[6b]">&gt;&gt;</a>&nbsp;&nbsp;&nbsp;main
<LI><a href="#[9f]">&gt;&gt;</a>&nbsp;&nbsp;&nbsp;BSP_LCD_ReadPixel
<LI><a href="#[95]">&gt;&gt;</a>&nbsp;&nbsp;&nbsp;BSP_LCD_DrawPixel
<LI><a href="#[94]">&gt;&gt;</a>&nbsp;&nbsp;&nbsp;BSP_LCD_DisplayStringAt
</UL>

<P><STRONG><a name="[8b]"></a>BSP_LCD_GetYSize</STRONG> (Thumb, 22 bytes, Stack size 0 bytes, stm32746g_discovery_lcd.o(i.BSP_LCD_GetYSize))
<BR><BR>[Called By]<UL><LI><a href="#[9c]">&gt;&gt;</a>&nbsp;&nbsp;&nbsp;BSP_LCD_LayerDefaultInit
<LI><a href="#[8a]">&gt;&gt;</a>&nbsp;&nbsp;&nbsp;BSP_LCD_Clear
<LI><a href="#[6b]">&gt;&gt;</a>&nbsp;&nbsp;&nbsp;main
</UL>

<P><STRONG><a name="[96]"></a>BSP_LCD_Init</STRONG> (Thumb, 142 bytes, Stack size 24 bytes, stm32746g_discovery_lcd.o(i.BSP_LCD_Init))
<BR><BR>[Stack]<UL><LI>Max Depth = 152<LI>Call Chain = BSP_LCD_Init &rArr; BSP_SDRAM_Init &rArr; HAL_SDRAM_Init &rArr; HAL_SDRAM_MspInit &rArr; HAL_FMC_MspInit &rArr; HAL_GPIO_Init
</UL>
<BR>[Calls]<UL><LI><a href="#[99]">&gt;&gt;</a>&nbsp;&nbsp;&nbsp;HAL_LTDC_Init
<LI><a href="#[93]">&gt;&gt;</a>&nbsp;&nbsp;&nbsp;HAL_GPIO_WritePin
<LI><a href="#[9a]">&gt;&gt;</a>&nbsp;&nbsp;&nbsp;BSP_SDRAM_Init
<LI><a href="#[97]">&gt;&gt;</a>&nbsp;&nbsp;&nbsp;HAL_LTDC_GetState
<LI><a href="#[98]">&gt;&gt;</a>&nbsp;&nbsp;&nbsp;BSP_LCD_MspInit
<LI><a href="#[8e]">&gt;&gt;</a>&nbsp;&nbsp;&nbsp;BSP_LCD_ClockConfig
<LI><a href="#[9b]">&gt;&gt;</a>&nbsp;&nbsp;&nbsp;BSP_LCD_SetFont
</UL>
<BR>[Called By]<UL><LI><a href="#[6b]">&gt;&gt;</a>&nbsp;&nbsp;&nbsp;main
</UL>

<P><STRONG><a name="[9c]"></a>BSP_LCD_LayerDefaultInit</STRONG> (Thumb, 112 bytes, Stack size 64 bytes, stm32746g_discovery_lcd.o(i.BSP_LCD_LayerDefaultInit))
<BR><BR>[Stack]<UL><LI>Max Depth = 136<LI>Call Chain = BSP_LCD_LayerDefaultInit &rArr; HAL_LTDC_ConfigLayer &rArr; LTDC_SetConfig
</UL>
<BR>[Calls]<UL><LI><a href="#[9d]">&gt;&gt;</a>&nbsp;&nbsp;&nbsp;HAL_LTDC_ConfigLayer
<LI><a href="#[8b]">&gt;&gt;</a>&nbsp;&nbsp;&nbsp;BSP_LCD_GetYSize
<LI><a href="#[8c]">&gt;&gt;</a>&nbsp;&nbsp;&nbsp;BSP_LCD_GetXSize
</UL>
<BR>[Called By]<UL><LI><a href="#[6b]">&gt;&gt;</a>&nbsp;&nbsp;&nbsp;main
</UL>

<P><STRONG><a name="[98]"></a>BSP_LCD_MspInit</STRONG> (Thumb, 286 bytes, Stack size 48 bytes, stm32746g_discovery_lcd.o(i.BSP_LCD_MspInit))
<BR><BR>[Stack]<UL><LI>Max Depth = 88<LI>Call Chain = BSP_LCD_MspInit &rArr; HAL_GPIO_Init
</UL>
<BR>[Calls]<UL><LI><a href="#[9e]">&gt;&gt;</a>&nbsp;&nbsp;&nbsp;HAL_GPIO_Init
</UL>
<BR>[Called By]<UL><LI><a href="#[96]">&gt;&gt;</a>&nbsp;&nbsp;&nbsp;BSP_LCD_Init
</UL>

<P><STRONG><a name="[9f]"></a>BSP_LCD_ReadPixel</STRONG> (Thumb, 168 bytes, Stack size 12 bytes, stm32746g_discovery_lcd.o(i.BSP_LCD_ReadPixel))
<BR><BR>[Stack]<UL><LI>Max Depth = 12<LI>Call Chain = BSP_LCD_ReadPixel
</UL>
<BR>[Calls]<UL><LI><a href="#[8c]">&gt;&gt;</a>&nbsp;&nbsp;&nbsp;BSP_LCD_GetXSize
</UL>
<BR>[Called By]<UL><LI><a href="#[fb]">&gt;&gt;</a>&nbsp;&nbsp;&nbsp;ObjectLCDSetPixel
</UL>

<P><STRONG><a name="[10d]"></a>BSP_LCD_SelectLayer</STRONG> (Thumb, 6 bytes, Stack size 0 bytes, stm32746g_discovery_lcd.o(i.BSP_LCD_SelectLayer))
<BR><BR>[Called By]<UL><LI><a href="#[6b]">&gt;&gt;</a>&nbsp;&nbsp;&nbsp;main
</UL>

<P><STRONG><a name="[10e]"></a>BSP_LCD_SetBackColor</STRONG> (Thumb, 18 bytes, Stack size 0 bytes, stm32746g_discovery_lcd.o(i.BSP_LCD_SetBackColor))
<BR><BR>[Called By]<UL><LI><a href="#[6b]">&gt;&gt;</a>&nbsp;&nbsp;&nbsp;main
</UL>

<P><STRONG><a name="[9b]"></a>BSP_LCD_SetFont</STRONG> (Thumb, 18 bytes, Stack size 0 bytes, stm32746g_discovery_lcd.o(i.BSP_LCD_SetFont))
<BR><BR>[Called By]<UL><LI><a href="#[96]">&gt;&gt;</a>&nbsp;&nbsp;&nbsp;BSP_LCD_Init
</UL>

<P><STRONG><a name="[10f]"></a>BSP_LCD_SetTextColor</STRONG> (Thumb, 16 bytes, Stack size 0 bytes, stm32746g_discovery_lcd.o(i.BSP_LCD_SetTextColor))
<BR><BR>[Called By]<UL><LI><a href="#[6f]">&gt;&gt;</a>&nbsp;&nbsp;&nbsp;vDetectPress_NewDel
<LI><a href="#[6b]">&gt;&gt;</a>&nbsp;&nbsp;&nbsp;main
</UL>

<P><STRONG><a name="[9a]"></a>BSP_SDRAM_Init</STRONG> (Thumb, 108 bytes, Stack size 24 bytes, stm32746g_discovery_sdram.o(i.BSP_SDRAM_Init))
<BR><BR>[Stack]<UL><LI>Max Depth = 128<LI>Call Chain = BSP_SDRAM_Init &rArr; HAL_SDRAM_Init &rArr; HAL_SDRAM_MspInit &rArr; HAL_FMC_MspInit &rArr; HAL_GPIO_Init
</UL>
<BR>[Calls]<UL><LI><a href="#[a1]">&gt;&gt;</a>&nbsp;&nbsp;&nbsp;HAL_SDRAM_Init
<LI><a href="#[a0]">&gt;&gt;</a>&nbsp;&nbsp;&nbsp;BSP_SDRAM_MspInit
<LI><a href="#[a2]">&gt;&gt;</a>&nbsp;&nbsp;&nbsp;BSP_SDRAM_Initialization_sequence
</UL>
<BR>[Called By]<UL><LI><a href="#[96]">&gt;&gt;</a>&nbsp;&nbsp;&nbsp;BSP_LCD_Init
<LI><a href="#[6b]">&gt;&gt;</a>&nbsp;&nbsp;&nbsp;main
</UL>

<P><STRONG><a name="[a2]"></a>BSP_SDRAM_Initialization_sequence</STRONG> (Thumb, 134 bytes, Stack size 32 bytes, stm32746g_discovery_sdram.o(i.BSP_SDRAM_Initialization_sequence))
<BR><BR>[Stack]<UL><LI>Max Depth = 64<LI>Call Chain = BSP_SDRAM_Initialization_sequence &rArr; HAL_SDRAM_SendCommand &rArr; FMC_SDRAM_SendCommand
</UL>
<BR>[Calls]<UL><LI><a href="#[a3]">&gt;&gt;</a>&nbsp;&nbsp;&nbsp;HAL_SDRAM_SendCommand
<LI><a href="#[a5]">&gt;&gt;</a>&nbsp;&nbsp;&nbsp;HAL_SDRAM_ProgramRefreshRate
<LI><a href="#[a4]">&gt;&gt;</a>&nbsp;&nbsp;&nbsp;HAL_Delay
</UL>
<BR>[Called By]<UL><LI><a href="#[9a]">&gt;&gt;</a>&nbsp;&nbsp;&nbsp;BSP_SDRAM_Init
</UL>

<P><STRONG><a name="[a0]"></a>BSP_SDRAM_MspInit</STRONG> (Thumb, 322 bytes, Stack size 48 bytes, stm32746g_discovery_sdram.o(i.BSP_SDRAM_MspInit))
<BR><BR>[Stack]<UL><LI>Max Depth = 88<LI>Call Chain = BSP_SDRAM_MspInit &rArr; HAL_GPIO_Init
</UL>
<BR>[Calls]<UL><LI><a href="#[a8]">&gt;&gt;</a>&nbsp;&nbsp;&nbsp;HAL_NVIC_SetPriority
<LI><a href="#[a9]">&gt;&gt;</a>&nbsp;&nbsp;&nbsp;HAL_NVIC_EnableIRQ
<LI><a href="#[9e]">&gt;&gt;</a>&nbsp;&nbsp;&nbsp;HAL_GPIO_Init
<LI><a href="#[a7]">&gt;&gt;</a>&nbsp;&nbsp;&nbsp;HAL_DMA_Init
<LI><a href="#[a6]">&gt;&gt;</a>&nbsp;&nbsp;&nbsp;HAL_DMA_DeInit
</UL>
<BR>[Called By]<UL><LI><a href="#[9a]">&gt;&gt;</a>&nbsp;&nbsp;&nbsp;BSP_SDRAM_Init
</UL>

<P><STRONG><a name="[aa]"></a>BSP_TS_GetState</STRONG> (Thumb, 360 bytes, Stack size 120 bytes, stm32746g_discovery_ts.o(i.BSP_TS_GetState))
<BR><BR>[Stack]<UL><LI>Max Depth = 352<LI>Call Chain = BSP_TS_GetState &rArr; BSP_TS_Get_GestureId &rArr; ft5336_TS_GetGestureID &rArr; TS_IO_Read &rArr; I2Cx_ReadMultiple &rArr; HAL_I2C_Mem_Read &rArr; I2C_RequestMemoryRead &rArr; I2C_WaitOnTXISFlagUntilTimeout &rArr; I2C_IsAcknowledgeFailed
</UL>
<BR>[Calls]<UL><LI><a href="#[ab]">&gt;&gt;</a>&nbsp;&nbsp;&nbsp;ft5336_TS_GetTouchInfo
<LI><a href="#[ac]">&gt;&gt;</a>&nbsp;&nbsp;&nbsp;BSP_TS_Get_GestureId
</UL>
<BR>[Called By]<UL><LI><a href="#[115]">&gt;&gt;</a>&nbsp;&nbsp;&nbsp;vTS_PressControl
<LI><a href="#[116]">&gt;&gt;</a>&nbsp;&nbsp;&nbsp;vPressMove_Group
</UL>

<P><STRONG><a name="[ac]"></a>BSP_TS_Get_GestureId</STRONG> (Thumb, 88 bytes, Stack size 24 bytes, stm32746g_discovery_ts.o(i.BSP_TS_Get_GestureId))
<BR><BR>[Stack]<UL><LI>Max Depth = 232<LI>Call Chain = BSP_TS_Get_GestureId &rArr; ft5336_TS_GetGestureID &rArr; TS_IO_Read &rArr; I2Cx_ReadMultiple &rArr; HAL_I2C_Mem_Read &rArr; I2C_RequestMemoryRead &rArr; I2C_WaitOnTXISFlagUntilTimeout &rArr; I2C_IsAcknowledgeFailed
</UL>
<BR>[Calls]<UL><LI><a href="#[ad]">&gt;&gt;</a>&nbsp;&nbsp;&nbsp;ft5336_TS_GetGestureID
</UL>
<BR>[Called By]<UL><LI><a href="#[aa]">&gt;&gt;</a>&nbsp;&nbsp;&nbsp;BSP_TS_GetState
</UL>

<P><STRONG><a name="[110]"></a>BSP_TS_Init</STRONG> (Thumb, 50 bytes, Stack size 16 bytes, stm32746g_discovery_ts.o(i.BSP_TS_Init))
<BR><BR>[Stack]<UL><LI>Max Depth = 16<LI>Call Chain = BSP_TS_Init
</UL>
<BR>[Called By]<UL><LI><a href="#[6b]">&gt;&gt;</a>&nbsp;&nbsp;&nbsp;main
</UL>

<P><STRONG><a name="[4]"></a>BusFault_Handler</STRONG> (Thumb, 2 bytes, Stack size 0 bytes, stm32f7xx_it.o(i.BusFault_Handler))
<BR><BR>[Calls]<UL><LI><a href="#[4]">&gt;&gt;</a>&nbsp;&nbsp;&nbsp;BusFault_Handler
</UL>
<BR>[Called By]<UL><LI><a href="#[4]">&gt;&gt;</a>&nbsp;&nbsp;&nbsp;BusFault_Handler
</UL>
<BR>[Address Reference Count : 1]<UL><LI> startup_stm32f746xx.o(RESET)
</UL>
<P><STRONG><a name="[7]"></a>DebugMon_Handler</STRONG> (Thumb, 2 bytes, Stack size 0 bytes, stm32f7xx_it.o(i.DebugMon_Handler))
<BR>[Address Reference Count : 1]<UL><LI> startup_stm32f746xx.o(RESET)
</UL>
<P><STRONG><a name="[ae]"></a>DrawCircleToPicture</STRONG> (Thumb, 474 bytes, Stack size 64 bytes, object.o(i.DrawCircleToPicture))
<BR><BR>[Stack]<UL><LI>Max Depth = 92<LI>Call Chain = DrawCircleToPicture &rArr; calloc &rArr; malloc
</UL>
<BR>[Calls]<UL><LI><a href="#[82]">&gt;&gt;</a>&nbsp;&nbsp;&nbsp;calloc
<LI><a href="#[af]">&gt;&gt;</a>&nbsp;&nbsp;&nbsp;free
<LI><a href="#[b0]">&gt;&gt;</a>&nbsp;&nbsp;&nbsp;__2printf
</UL>
<BR>[Called By]<UL><LI><a href="#[6b]">&gt;&gt;</a>&nbsp;&nbsp;&nbsp;main
</UL>

<P><STRONG><a name="[d5]"></a>FMC_SDRAM_Init</STRONG> (Thumb, 94 bytes, Stack size 20 bytes, stm32f7xx_ll_fmc.o(i.FMC_SDRAM_Init))
<BR><BR>[Stack]<UL><LI>Max Depth = 20<LI>Call Chain = FMC_SDRAM_Init
</UL>
<BR>[Called By]<UL><LI><a href="#[a1]">&gt;&gt;</a>&nbsp;&nbsp;&nbsp;HAL_SDRAM_Init
</UL>

<P><STRONG><a name="[d7]"></a>FMC_SDRAM_ProgramRefreshRate</STRONG> (Thumb, 12 bytes, Stack size 0 bytes, stm32f7xx_ll_fmc.o(i.FMC_SDRAM_ProgramRefreshRate))
<BR><BR>[Called By]<UL><LI><a href="#[a5]">&gt;&gt;</a>&nbsp;&nbsp;&nbsp;HAL_SDRAM_ProgramRefreshRate
</UL>

<P><STRONG><a name="[d8]"></a>FMC_SDRAM_SendCommand</STRONG> (Thumb, 32 bytes, Stack size 16 bytes, stm32f7xx_ll_fmc.o(i.FMC_SDRAM_SendCommand))
<BR><BR>[Stack]<UL><LI>Max Depth = 16<LI>Call Chain = FMC_SDRAM_SendCommand
</UL>
<BR>[Called By]<UL><LI><a href="#[a3]">&gt;&gt;</a>&nbsp;&nbsp;&nbsp;HAL_SDRAM_SendCommand
</UL>

<P><STRONG><a name="[d6]"></a>FMC_SDRAM_Timing_Init</STRONG> (Thumb, 134 bytes, Stack size 28 bytes, stm32f7xx_ll_fmc.o(i.FMC_SDRAM_Timing_Init))
<BR><BR>[Stack]<UL><LI>Max Depth = 28<LI>Call Chain = FMC_SDRAM_Timing_Init
</UL>
<BR>[Called By]<UL><LI><a href="#[a1]">&gt;&gt;</a>&nbsp;&nbsp;&nbsp;HAL_SDRAM_Init
</UL>

<P><STRONG><a name="[f5]"></a>HAL_DMA2D_ConfigLayer</STRONG> (Thumb, 156 bytes, Stack size 16 bytes, stm32f7xx_hal_dma2d.o(i.HAL_DMA2D_ConfigLayer))
<BR><BR>[Stack]<UL><LI>Max Depth = 16<LI>Call Chain = HAL_DMA2D_ConfigLayer
</UL>
<BR>[Called By]<UL><LI><a href="#[f6]">&gt;&gt;</a>&nbsp;&nbsp;&nbsp;MX_DMA2D_Init
<LI><a href="#[8d]">&gt;&gt;</a>&nbsp;&nbsp;&nbsp;LL_FillBuffer
</UL>

<P><STRONG><a name="[b1]"></a>HAL_DMA2D_Init</STRONG> (Thumb, 90 bytes, Stack size 16 bytes, stm32f7xx_hal_dma2d.o(i.HAL_DMA2D_Init))
<BR><BR>[Stack]<UL><LI>Max Depth = 24<LI>Call Chain = HAL_DMA2D_Init &rArr; HAL_DMA2D_MspInit
</UL>
<BR>[Calls]<UL><LI><a href="#[b2]">&gt;&gt;</a>&nbsp;&nbsp;&nbsp;HAL_DMA2D_MspInit
</UL>
<BR>[Called By]<UL><LI><a href="#[f6]">&gt;&gt;</a>&nbsp;&nbsp;&nbsp;MX_DMA2D_Init
<LI><a href="#[8d]">&gt;&gt;</a>&nbsp;&nbsp;&nbsp;LL_FillBuffer
</UL>

<P><STRONG><a name="[b2]"></a>HAL_DMA2D_MspInit</STRONG> (Thumb, 30 bytes, Stack size 8 bytes, stm32f7xx_hal_msp.o(i.HAL_DMA2D_MspInit))
<BR><BR>[Stack]<UL><LI>Max Depth = 8<LI>Call Chain = HAL_DMA2D_MspInit
</UL>
<BR>[Called By]<UL><LI><a href="#[b1]">&gt;&gt;</a>&nbsp;&nbsp;&nbsp;HAL_DMA2D_Init
</UL>

<P><STRONG><a name="[b3]"></a>HAL_DMA2D_PollForTransfer</STRONG> (Thumb, 270 bytes, Stack size 32 bytes, stm32f7xx_hal_dma2d.o(i.HAL_DMA2D_PollForTransfer))
<BR><BR>[Stack]<UL><LI>Max Depth = 32<LI>Call Chain = HAL_DMA2D_PollForTransfer
</UL>
<BR>[Calls]<UL><LI><a href="#[b4]">&gt;&gt;</a>&nbsp;&nbsp;&nbsp;HAL_GetTick
</UL>
<BR>[Called By]<UL><LI><a href="#[8d]">&gt;&gt;</a>&nbsp;&nbsp;&nbsp;LL_FillBuffer
</UL>

<P><STRONG><a name="[b5]"></a>HAL_DMA2D_Start</STRONG> (Thumb, 52 bytes, Stack size 24 bytes, stm32f7xx_hal_dma2d.o(i.HAL_DMA2D_Start))
<BR><BR>[Stack]<UL><LI>Max Depth = 44<LI>Call Chain = HAL_DMA2D_Start &rArr; DMA2D_SetConfig
</UL>
<BR>[Calls]<UL><LI><a href="#[b6]">&gt;&gt;</a>&nbsp;&nbsp;&nbsp;DMA2D_SetConfig
</UL>
<BR>[Called By]<UL><LI><a href="#[8d]">&gt;&gt;</a>&nbsp;&nbsp;&nbsp;LL_FillBuffer
</UL>

<P><STRONG><a name="[a6]"></a>HAL_DMA_DeInit</STRONG> (Thumb, 98 bytes, Stack size 16 bytes, stm32f7xx_hal_dma.o(i.HAL_DMA_DeInit))
<BR><BR>[Stack]<UL><LI>Max Depth = 16<LI>Call Chain = HAL_DMA_DeInit
</UL>
<BR>[Calls]<UL><LI><a href="#[b7]">&gt;&gt;</a>&nbsp;&nbsp;&nbsp;DMA_CalcBaseAndBitshift
</UL>
<BR>[Called By]<UL><LI><a href="#[a0]">&gt;&gt;</a>&nbsp;&nbsp;&nbsp;BSP_SDRAM_MspInit
</UL>

<P><STRONG><a name="[a7]"></a>HAL_DMA_Init</STRONG> (Thumb, 222 bytes, Stack size 32 bytes, stm32f7xx_hal_dma.o(i.HAL_DMA_Init))
<BR><BR>[Stack]<UL><LI>Max Depth = 40<LI>Call Chain = HAL_DMA_Init &rArr; DMA_CheckFifoParam
</UL>
<BR>[Calls]<UL><LI><a href="#[b8]">&gt;&gt;</a>&nbsp;&nbsp;&nbsp;DMA_CheckFifoParam
<LI><a href="#[b7]">&gt;&gt;</a>&nbsp;&nbsp;&nbsp;DMA_CalcBaseAndBitshift
<LI><a href="#[b4]">&gt;&gt;</a>&nbsp;&nbsp;&nbsp;HAL_GetTick
</UL>
<BR>[Called By]<UL><LI><a href="#[a0]">&gt;&gt;</a>&nbsp;&nbsp;&nbsp;BSP_SDRAM_MspInit
</UL>

<P><STRONG><a name="[a4]"></a>HAL_Delay</STRONG> (Thumb, 32 bytes, Stack size 16 bytes, stm32f7xx_hal.o(i.HAL_Delay))
<BR><BR>[Stack]<UL><LI>Max Depth = 16<LI>Call Chain = HAL_Delay
</UL>
<BR>[Calls]<UL><LI><a href="#[b4]">&gt;&gt;</a>&nbsp;&nbsp;&nbsp;HAL_GetTick
</UL>
<BR>[Called By]<UL><LI><a href="#[fe]">&gt;&gt;</a>&nbsp;&nbsp;&nbsp;TS_IO_Delay
<LI><a href="#[a2]">&gt;&gt;</a>&nbsp;&nbsp;&nbsp;BSP_SDRAM_Initialization_sequence
</UL>

<P><STRONG><a name="[9e]"></a>HAL_GPIO_Init</STRONG> (Thumb, 420 bytes, Stack size 40 bytes, stm32f7xx_hal_gpio.o(i.HAL_GPIO_Init))
<BR><BR>[Stack]<UL><LI>Max Depth = 40<LI>Call Chain = HAL_GPIO_Init
</UL>
<BR>[Called By]<UL><LI><a href="#[e7]">&gt;&gt;</a>&nbsp;&nbsp;&nbsp;HAL_UART_MspInit
<LI><a href="#[ce]">&gt;&gt;</a>&nbsp;&nbsp;&nbsp;HAL_LTDC_MspInit
<LI><a href="#[b9]">&gt;&gt;</a>&nbsp;&nbsp;&nbsp;HAL_FMC_MspInit
<LI><a href="#[f8]">&gt;&gt;</a>&nbsp;&nbsp;&nbsp;MX_GPIO_Init
<LI><a href="#[f2]">&gt;&gt;</a>&nbsp;&nbsp;&nbsp;I2Cx_MspInit
<LI><a href="#[a0]">&gt;&gt;</a>&nbsp;&nbsp;&nbsp;BSP_SDRAM_MspInit
<LI><a href="#[98]">&gt;&gt;</a>&nbsp;&nbsp;&nbsp;BSP_LCD_MspInit
</UL>

<P><STRONG><a name="[93]"></a>HAL_GPIO_WritePin</STRONG> (Thumb, 10 bytes, Stack size 0 bytes, stm32f7xx_hal_gpio.o(i.HAL_GPIO_WritePin))
<BR><BR>[Called By]<UL><LI><a href="#[96]">&gt;&gt;</a>&nbsp;&nbsp;&nbsp;BSP_LCD_Init
<LI><a href="#[92]">&gt;&gt;</a>&nbsp;&nbsp;&nbsp;BSP_LCD_DisplayOn
<LI><a href="#[f8]">&gt;&gt;</a>&nbsp;&nbsp;&nbsp;MX_GPIO_Init
</UL>

<P><STRONG><a name="[b4]"></a>HAL_GetTick</STRONG> (Thumb, 6 bytes, Stack size 0 bytes, stm32f7xx_hal.o(i.HAL_GetTick))
<BR><BR>[Called By]<UL><LI><a href="#[eb]">&gt;&gt;</a>&nbsp;&nbsp;&nbsp;HAL_UART_Transmit
<LI><a href="#[d3]">&gt;&gt;</a>&nbsp;&nbsp;&nbsp;HAL_RCC_OscConfig
<LI><a href="#[d1]">&gt;&gt;</a>&nbsp;&nbsp;&nbsp;HAL_RCC_ClockConfig
<LI><a href="#[8f]">&gt;&gt;</a>&nbsp;&nbsp;&nbsp;HAL_RCCEx_PeriphCLKConfig
<LI><a href="#[d0]">&gt;&gt;</a>&nbsp;&nbsp;&nbsp;HAL_PWREx_EnableOverDrive
<LI><a href="#[a7]">&gt;&gt;</a>&nbsp;&nbsp;&nbsp;HAL_DMA_Init
<LI><a href="#[b3]">&gt;&gt;</a>&nbsp;&nbsp;&nbsp;HAL_DMA2D_PollForTransfer
<LI><a href="#[c4]">&gt;&gt;</a>&nbsp;&nbsp;&nbsp;HAL_I2C_Mem_Write
<LI><a href="#[bf]">&gt;&gt;</a>&nbsp;&nbsp;&nbsp;HAL_I2C_Mem_Read
<LI><a href="#[c6]">&gt;&gt;</a>&nbsp;&nbsp;&nbsp;I2C_WaitOnTXISFlagUntilTimeout
<LI><a href="#[c3]">&gt;&gt;</a>&nbsp;&nbsp;&nbsp;I2C_WaitOnSTOPFlagUntilTimeout
<LI><a href="#[c0]">&gt;&gt;</a>&nbsp;&nbsp;&nbsp;I2C_WaitOnFlagUntilTimeout
<LI><a href="#[ed]">&gt;&gt;</a>&nbsp;&nbsp;&nbsp;I2C_IsAcknowledgeFailed
<LI><a href="#[a4]">&gt;&gt;</a>&nbsp;&nbsp;&nbsp;HAL_Delay
<LI><a href="#[ec]">&gt;&gt;</a>&nbsp;&nbsp;&nbsp;UART_WaitOnFlagUntilTimeout
<LI><a href="#[ea]">&gt;&gt;</a>&nbsp;&nbsp;&nbsp;UART_CheckIdleState
</UL>

<P><STRONG><a name="[bb]"></a>HAL_I2C_DeInit</STRONG> (Thumb, 52 bytes, Stack size 8 bytes, stm32f7xx_hal_i2c.o(i.HAL_I2C_DeInit))
<BR><BR>[Stack]<UL><LI>Max Depth = 8<LI>Call Chain = HAL_I2C_DeInit
</UL>
<BR>[Calls]<UL><LI><a href="#[bc]">&gt;&gt;</a>&nbsp;&nbsp;&nbsp;HAL_I2C_MspDeInit
</UL>
<BR>[Called By]<UL><LI><a href="#[ef]">&gt;&gt;</a>&nbsp;&nbsp;&nbsp;I2Cx_Error
</UL>

<P><STRONG><a name="[f1]"></a>HAL_I2C_GetState</STRONG> (Thumb, 6 bytes, Stack size 0 bytes, stm32f7xx_hal_i2c.o(i.HAL_I2C_GetState))
<BR><BR>[Called By]<UL><LI><a href="#[f0]">&gt;&gt;</a>&nbsp;&nbsp;&nbsp;I2Cx_Init
</UL>

<P><STRONG><a name="[bd]"></a>HAL_I2C_Init</STRONG> (Thumb, 180 bytes, Stack size 16 bytes, stm32f7xx_hal_i2c.o(i.HAL_I2C_Init))
<BR><BR>[Stack]<UL><LI>Max Depth = 16<LI>Call Chain = HAL_I2C_Init
</UL>
<BR>[Calls]<UL><LI><a href="#[be]">&gt;&gt;</a>&nbsp;&nbsp;&nbsp;HAL_I2C_MspInit
</UL>
<BR>[Called By]<UL><LI><a href="#[f0]">&gt;&gt;</a>&nbsp;&nbsp;&nbsp;I2Cx_Init
</UL>

<P><STRONG><a name="[bf]"></a>HAL_I2C_Mem_Read</STRONG> (Thumb, 346 bytes, Stack size 64 bytes, stm32f7xx_hal_i2c.o(i.HAL_I2C_Mem_Read))
<BR><BR>[Stack]<UL><LI>Max Depth = 136<LI>Call Chain = HAL_I2C_Mem_Read &rArr; I2C_RequestMemoryRead &rArr; I2C_WaitOnTXISFlagUntilTimeout &rArr; I2C_IsAcknowledgeFailed
</UL>
<BR>[Calls]<UL><LI><a href="#[b4]">&gt;&gt;</a>&nbsp;&nbsp;&nbsp;HAL_GetTick
<LI><a href="#[c3]">&gt;&gt;</a>&nbsp;&nbsp;&nbsp;I2C_WaitOnSTOPFlagUntilTimeout
<LI><a href="#[c0]">&gt;&gt;</a>&nbsp;&nbsp;&nbsp;I2C_WaitOnFlagUntilTimeout
<LI><a href="#[c2]">&gt;&gt;</a>&nbsp;&nbsp;&nbsp;I2C_TransferConfig
<LI><a href="#[c1]">&gt;&gt;</a>&nbsp;&nbsp;&nbsp;I2C_RequestMemoryRead
</UL>
<BR>[Called By]<UL><LI><a href="#[f3]">&gt;&gt;</a>&nbsp;&nbsp;&nbsp;I2Cx_ReadMultiple
</UL>

<P><STRONG><a name="[c4]"></a>HAL_I2C_Mem_Write</STRONG> (Thumb, 340 bytes, Stack size 64 bytes, stm32f7xx_hal_i2c.o(i.HAL_I2C_Mem_Write))
<BR><BR>[Stack]<UL><LI>Max Depth = 136<LI>Call Chain = HAL_I2C_Mem_Write &rArr; I2C_RequestMemoryWrite &rArr; I2C_WaitOnTXISFlagUntilTimeout &rArr; I2C_IsAcknowledgeFailed
</UL>
<BR>[Calls]<UL><LI><a href="#[b4]">&gt;&gt;</a>&nbsp;&nbsp;&nbsp;HAL_GetTick
<LI><a href="#[c6]">&gt;&gt;</a>&nbsp;&nbsp;&nbsp;I2C_WaitOnTXISFlagUntilTimeout
<LI><a href="#[c3]">&gt;&gt;</a>&nbsp;&nbsp;&nbsp;I2C_WaitOnSTOPFlagUntilTimeout
<LI><a href="#[c0]">&gt;&gt;</a>&nbsp;&nbsp;&nbsp;I2C_WaitOnFlagUntilTimeout
<LI><a href="#[c2]">&gt;&gt;</a>&nbsp;&nbsp;&nbsp;I2C_TransferConfig
<LI><a href="#[c5]">&gt;&gt;</a>&nbsp;&nbsp;&nbsp;I2C_RequestMemoryWrite
</UL>
<BR>[Called By]<UL><LI><a href="#[f4]">&gt;&gt;</a>&nbsp;&nbsp;&nbsp;I2Cx_WriteMultiple
</UL>

<P><STRONG><a name="[bc]"></a>HAL_I2C_MspDeInit</STRONG> (Thumb, 2 bytes, Stack size 0 bytes, stm32f7xx_hal_i2c.o(i.HAL_I2C_MspDeInit))
<BR><BR>[Called By]<UL><LI><a href="#[bb]">&gt;&gt;</a>&nbsp;&nbsp;&nbsp;HAL_I2C_DeInit
</UL>

<P><STRONG><a name="[be]"></a>HAL_I2C_MspInit</STRONG> (Thumb, 2 bytes, Stack size 0 bytes, stm32f7xx_hal_i2c.o(i.HAL_I2C_MspInit))
<BR><BR>[Called By]<UL><LI><a href="#[bd]">&gt;&gt;</a>&nbsp;&nbsp;&nbsp;HAL_I2C_Init
</UL>

<P><STRONG><a name="[fc]"></a>HAL_IncTick</STRONG> (Thumb, 12 bytes, Stack size 0 bytes, stm32f7xx_hal.o(i.HAL_IncTick))
<BR><BR>[Called By]<UL><LI><a href="#[9]">&gt;&gt;</a>&nbsp;&nbsp;&nbsp;SysTick_Handler
</UL>

<P><STRONG><a name="[c7]"></a>HAL_Init</STRONG> (Thumb, 22 bytes, Stack size 8 bytes, stm32f7xx_hal.o(i.HAL_Init))
<BR><BR>[Stack]<UL><LI>Max Depth = 40<LI>Call Chain = HAL_Init &rArr; HAL_InitTick &rArr; HAL_NVIC_SetPriority
</UL>
<BR>[Calls]<UL><LI><a href="#[ca]">&gt;&gt;</a>&nbsp;&nbsp;&nbsp;HAL_MspInit
<LI><a href="#[c9]">&gt;&gt;</a>&nbsp;&nbsp;&nbsp;HAL_InitTick
<LI><a href="#[c8]">&gt;&gt;</a>&nbsp;&nbsp;&nbsp;HAL_NVIC_SetPriorityGrouping
</UL>
<BR>[Called By]<UL><LI><a href="#[6b]">&gt;&gt;</a>&nbsp;&nbsp;&nbsp;main
</UL>

<P><STRONG><a name="[c9]"></a>HAL_InitTick</STRONG> (Thumb, 54 bytes, Stack size 16 bytes, stm32f7xx_hal.o(i.HAL_InitTick))
<BR><BR>[Stack]<UL><LI>Max Depth = 32<LI>Call Chain = HAL_InitTick &rArr; HAL_NVIC_SetPriority
</UL>
<BR>[Calls]<UL><LI><a href="#[a8]">&gt;&gt;</a>&nbsp;&nbsp;&nbsp;HAL_NVIC_SetPriority
<LI><a href="#[cb]">&gt;&gt;</a>&nbsp;&nbsp;&nbsp;HAL_SYSTICK_Config
</UL>
<BR>[Called By]<UL><LI><a href="#[d1]">&gt;&gt;</a>&nbsp;&nbsp;&nbsp;HAL_RCC_ClockConfig
<LI><a href="#[c7]">&gt;&gt;</a>&nbsp;&nbsp;&nbsp;HAL_Init
</UL>

<P><STRONG><a name="[9d]"></a>HAL_LTDC_ConfigLayer</STRONG> (Thumb, 82 bytes, Stack size 24 bytes, stm32f7xx_hal_ltdc.o(i.HAL_LTDC_ConfigLayer))
<BR><BR>[Stack]<UL><LI>Max Depth = 72<LI>Call Chain = HAL_LTDC_ConfigLayer &rArr; LTDC_SetConfig
</UL>
<BR>[Calls]<UL><LI><a href="#[cd]">&gt;&gt;</a>&nbsp;&nbsp;&nbsp;LTDC_SetConfig
<LI><a href="#[cc]">&gt;&gt;</a>&nbsp;&nbsp;&nbsp;__aeabi_memcpy4
</UL>
<BR>[Called By]<UL><LI><a href="#[9c]">&gt;&gt;</a>&nbsp;&nbsp;&nbsp;BSP_LCD_LayerDefaultInit
<LI><a href="#[f9]">&gt;&gt;</a>&nbsp;&nbsp;&nbsp;MX_LTDC_Init
</UL>

<P><STRONG><a name="[97]"></a>HAL_LTDC_GetState</STRONG> (Thumb, 6 bytes, Stack size 0 bytes, stm32f7xx_hal_ltdc.o(i.HAL_LTDC_GetState))
<BR><BR>[Called By]<UL><LI><a href="#[96]">&gt;&gt;</a>&nbsp;&nbsp;&nbsp;BSP_LCD_Init
</UL>

<P><STRONG><a name="[99]"></a>HAL_LTDC_Init</STRONG> (Thumb, 242 bytes, Stack size 24 bytes, stm32f7xx_hal_ltdc.o(i.HAL_LTDC_Init))
<BR><BR>[Stack]<UL><LI>Max Depth = 104<LI>Call Chain = HAL_LTDC_Init &rArr; HAL_LTDC_MspInit &rArr; HAL_GPIO_Init
</UL>
<BR>[Calls]<UL><LI><a href="#[ce]">&gt;&gt;</a>&nbsp;&nbsp;&nbsp;HAL_LTDC_MspInit
</UL>
<BR>[Called By]<UL><LI><a href="#[96]">&gt;&gt;</a>&nbsp;&nbsp;&nbsp;BSP_LCD_Init
<LI><a href="#[f9]">&gt;&gt;</a>&nbsp;&nbsp;&nbsp;MX_LTDC_Init
</UL>

<P><STRONG><a name="[ce]"></a>HAL_LTDC_MspInit</STRONG> (Thumb, 240 bytes, Stack size 40 bytes, stm32f7xx_hal_msp.o(i.HAL_LTDC_MspInit))
<BR><BR>[Stack]<UL><LI>Max Depth = 80<LI>Call Chain = HAL_LTDC_MspInit &rArr; HAL_GPIO_Init
</UL>
<BR>[Calls]<UL><LI><a href="#[9e]">&gt;&gt;</a>&nbsp;&nbsp;&nbsp;HAL_GPIO_Init
<LI><a href="#[ba]">&gt;&gt;</a>&nbsp;&nbsp;&nbsp;__aeabi_memclr4
</UL>
<BR>[Called By]<UL><LI><a href="#[99]">&gt;&gt;</a>&nbsp;&nbsp;&nbsp;HAL_LTDC_Init
</UL>

<P><STRONG><a name="[10b]"></a>HAL_MPU_ConfigRegion</STRONG> (Thumb, 86 bytes, Stack size 20 bytes, stm32f7xx_hal_cortex.o(i.HAL_MPU_ConfigRegion))
<BR><BR>[Stack]<UL><LI>Max Depth = 20<LI>Call Chain = HAL_MPU_ConfigRegion
</UL>
<BR>[Called By]<UL><LI><a href="#[6b]">&gt;&gt;</a>&nbsp;&nbsp;&nbsp;main
</UL>

<P><STRONG><a name="[10a]"></a>HAL_MPU_Disable</STRONG> (Thumb, 24 bytes, Stack size 0 bytes, stm32f7xx_hal_cortex.o(i.HAL_MPU_Disable))
<BR><BR>[Called By]<UL><LI><a href="#[6b]">&gt;&gt;</a>&nbsp;&nbsp;&nbsp;main
</UL>

<P><STRONG><a name="[10c]"></a>HAL_MPU_Enable</STRONG> (Thumb, 30 bytes, Stack size 0 bytes, stm32f7xx_hal_cortex.o(i.HAL_MPU_Enable))
<BR><BR>[Called By]<UL><LI><a href="#[6b]">&gt;&gt;</a>&nbsp;&nbsp;&nbsp;main
</UL>

<P><STRONG><a name="[ca]"></a>HAL_MspInit</STRONG> (Thumb, 42 bytes, Stack size 8 bytes, stm32f7xx_hal_msp.o(i.HAL_MspInit))
<BR><BR>[Stack]<UL><LI>Max Depth = 8<LI>Call Chain = HAL_MspInit
</UL>
<BR>[Called By]<UL><LI><a href="#[c7]">&gt;&gt;</a>&nbsp;&nbsp;&nbsp;HAL_Init
</UL>

<P><STRONG><a name="[a9]"></a>HAL_NVIC_EnableIRQ</STRONG> (Thumb, 26 bytes, Stack size 0 bytes, stm32f7xx_hal_cortex.o(i.HAL_NVIC_EnableIRQ))
<BR><BR>[Called By]<UL><LI><a href="#[da]">&gt;&gt;</a>&nbsp;&nbsp;&nbsp;HAL_TIM_Base_MspInit
<LI><a href="#[f2]">&gt;&gt;</a>&nbsp;&nbsp;&nbsp;I2Cx_MspInit
<LI><a href="#[a0]">&gt;&gt;</a>&nbsp;&nbsp;&nbsp;BSP_SDRAM_MspInit
</UL>

<P><STRONG><a name="[a8]"></a>HAL_NVIC_SetPriority</STRONG> (Thumb, 60 bytes, Stack size 16 bytes, stm32f7xx_hal_cortex.o(i.HAL_NVIC_SetPriority))
<BR><BR>[Stack]<UL><LI>Max Depth = 16<LI>Call Chain = HAL_NVIC_SetPriority
</UL>
<BR>[Calls]<UL><LI><a href="#[cf]">&gt;&gt;</a>&nbsp;&nbsp;&nbsp;__NVIC_SetPriority
</UL>
<BR>[Called By]<UL><LI><a href="#[da]">&gt;&gt;</a>&nbsp;&nbsp;&nbsp;HAL_TIM_Base_MspInit
<LI><a href="#[c9]">&gt;&gt;</a>&nbsp;&nbsp;&nbsp;HAL_InitTick
<LI><a href="#[f2]">&gt;&gt;</a>&nbsp;&nbsp;&nbsp;I2Cx_MspInit
<LI><a href="#[a0]">&gt;&gt;</a>&nbsp;&nbsp;&nbsp;BSP_SDRAM_MspInit
</UL>

<P><STRONG><a name="[c8]"></a>HAL_NVIC_SetPriorityGrouping</STRONG> (Thumb, 28 bytes, Stack size 8 bytes, stm32f7xx_hal_cortex.o(i.HAL_NVIC_SetPriorityGrouping))
<BR><BR>[Stack]<UL><LI>Max Depth = 8<LI>Call Chain = HAL_NVIC_SetPriorityGrouping
</UL>
<BR>[Called By]<UL><LI><a href="#[c7]">&gt;&gt;</a>&nbsp;&nbsp;&nbsp;HAL_Init
</UL>

<P><STRONG><a name="[d0]"></a>HAL_PWREx_EnableOverDrive</STRONG> (Thumb, 100 bytes, Stack size 24 bytes, stm32f7xx_hal_pwr_ex.o(i.HAL_PWREx_EnableOverDrive))
<BR><BR>[Stack]<UL><LI>Max Depth = 24<LI>Call Chain = HAL_PWREx_EnableOverDrive
</UL>
<BR>[Calls]<UL><LI><a href="#[b4]">&gt;&gt;</a>&nbsp;&nbsp;&nbsp;HAL_GetTick
</UL>
<BR>[Called By]<UL><LI><a href="#[fd]">&gt;&gt;</a>&nbsp;&nbsp;&nbsp;SystemClock_Config
</UL>

<P><STRONG><a name="[8f]"></a>HAL_RCCEx_PeriphCLKConfig</STRONG> (Thumb, 1276 bytes, Stack size 40 bytes, stm32f7xx_hal_rcc_ex.o(i.HAL_RCCEx_PeriphCLKConfig))
<BR><BR>[Stack]<UL><LI>Max Depth = 40<LI>Call Chain = HAL_RCCEx_PeriphCLKConfig
</UL>
<BR>[Calls]<UL><LI><a href="#[b4]">&gt;&gt;</a>&nbsp;&nbsp;&nbsp;HAL_GetTick
</UL>
<BR>[Called By]<UL><LI><a href="#[fd]">&gt;&gt;</a>&nbsp;&nbsp;&nbsp;SystemClock_Config
<LI><a href="#[8e]">&gt;&gt;</a>&nbsp;&nbsp;&nbsp;BSP_LCD_ClockConfig
</UL>

<P><STRONG><a name="[d1]"></a>HAL_RCC_ClockConfig</STRONG> (Thumb, 284 bytes, Stack size 32 bytes, stm32f7xx_hal_rcc.o(i.HAL_RCC_ClockConfig))
<BR><BR>[Stack]<UL><LI>Max Depth = 80<LI>Call Chain = HAL_RCC_ClockConfig &rArr; HAL_RCC_GetSysClockFreq &rArr; __aeabi_uldivmod
</UL>
<BR>[Calls]<UL><LI><a href="#[c9]">&gt;&gt;</a>&nbsp;&nbsp;&nbsp;HAL_InitTick
<LI><a href="#[d2]">&gt;&gt;</a>&nbsp;&nbsp;&nbsp;HAL_RCC_GetSysClockFreq
<LI><a href="#[b4]">&gt;&gt;</a>&nbsp;&nbsp;&nbsp;HAL_GetTick
</UL>
<BR>[Called By]<UL><LI><a href="#[fd]">&gt;&gt;</a>&nbsp;&nbsp;&nbsp;SystemClock_Config
</UL>

<P><STRONG><a name="[102]"></a>HAL_RCC_GetPCLK1Freq</STRONG> (Thumb, 20 bytes, Stack size 0 bytes, stm32f7xx_hal_rcc.o(i.HAL_RCC_GetPCLK1Freq))
<BR><BR>[Called By]<UL><LI><a href="#[e8]">&gt;&gt;</a>&nbsp;&nbsp;&nbsp;UART_SetConfig
</UL>

<P><STRONG><a name="[103]"></a>HAL_RCC_GetPCLK2Freq</STRONG> (Thumb, 20 bytes, Stack size 0 bytes, stm32f7xx_hal_rcc.o(i.HAL_RCC_GetPCLK2Freq))
<BR><BR>[Called By]<UL><LI><a href="#[e8]">&gt;&gt;</a>&nbsp;&nbsp;&nbsp;UART_SetConfig
</UL>

<P><STRONG><a name="[d2]"></a>HAL_RCC_GetSysClockFreq</STRONG> (Thumb, 88 bytes, Stack size 8 bytes, stm32f7xx_hal_rcc.o(i.HAL_RCC_GetSysClockFreq))
<BR><BR>[Stack]<UL><LI>Max Depth = 48<LI>Call Chain = HAL_RCC_GetSysClockFreq &rArr; __aeabi_uldivmod
</UL>
<BR>[Calls]<UL><LI><a href="#[7c]">&gt;&gt;</a>&nbsp;&nbsp;&nbsp;__aeabi_uldivmod
</UL>
<BR>[Called By]<UL><LI><a href="#[d1]">&gt;&gt;</a>&nbsp;&nbsp;&nbsp;HAL_RCC_ClockConfig
<LI><a href="#[e8]">&gt;&gt;</a>&nbsp;&nbsp;&nbsp;UART_SetConfig
</UL>

<P><STRONG><a name="[d3]"></a>HAL_RCC_OscConfig</STRONG> (Thumb, 888 bytes, Stack size 40 bytes, stm32f7xx_hal_rcc.o(i.HAL_RCC_OscConfig))
<BR><BR>[Stack]<UL><LI>Max Depth = 40<LI>Call Chain = HAL_RCC_OscConfig
</UL>
<BR>[Calls]<UL><LI><a href="#[b4]">&gt;&gt;</a>&nbsp;&nbsp;&nbsp;HAL_GetTick
</UL>
<BR>[Called By]<UL><LI><a href="#[fd]">&gt;&gt;</a>&nbsp;&nbsp;&nbsp;SystemClock_Config
</UL>

<P><STRONG><a name="[a1]"></a>HAL_SDRAM_Init</STRONG> (Thumb, 66 bytes, Stack size 16 bytes, stm32f7xx_hal_sdram.o(i.HAL_SDRAM_Init))
<BR><BR>[Stack]<UL><LI>Max Depth = 104<LI>Call Chain = HAL_SDRAM_Init &rArr; HAL_SDRAM_MspInit &rArr; HAL_FMC_MspInit &rArr; HAL_GPIO_Init
</UL>
<BR>[Calls]<UL><LI><a href="#[d4]">&gt;&gt;</a>&nbsp;&nbsp;&nbsp;HAL_SDRAM_MspInit
<LI><a href="#[d6]">&gt;&gt;</a>&nbsp;&nbsp;&nbsp;FMC_SDRAM_Timing_Init
<LI><a href="#[d5]">&gt;&gt;</a>&nbsp;&nbsp;&nbsp;FMC_SDRAM_Init
</UL>
<BR>[Called By]<UL><LI><a href="#[9a]">&gt;&gt;</a>&nbsp;&nbsp;&nbsp;BSP_SDRAM_Init
<LI><a href="#[f7]">&gt;&gt;</a>&nbsp;&nbsp;&nbsp;MX_FMC_Init
</UL>

<P><STRONG><a name="[d4]"></a>HAL_SDRAM_MspInit</STRONG> (Thumb, 4 bytes, Stack size 0 bytes, stm32f7xx_hal_msp.o(i.HAL_SDRAM_MspInit))
<BR><BR>[Stack]<UL><LI>Max Depth = 88<LI>Call Chain = HAL_SDRAM_MspInit &rArr; HAL_FMC_MspInit &rArr; HAL_GPIO_Init
</UL>
<BR>[Calls]<UL><LI><a href="#[b9]">&gt;&gt;</a>&nbsp;&nbsp;&nbsp;HAL_FMC_MspInit
</UL>
<BR>[Called By]<UL><LI><a href="#[a1]">&gt;&gt;</a>&nbsp;&nbsp;&nbsp;HAL_SDRAM_Init
</UL>

<P><STRONG><a name="[a5]"></a>HAL_SDRAM_ProgramRefreshRate</STRONG> (Thumb, 34 bytes, Stack size 8 bytes, stm32f7xx_hal_sdram.o(i.HAL_SDRAM_ProgramRefreshRate))
<BR><BR>[Stack]<UL><LI>Max Depth = 8<LI>Call Chain = HAL_SDRAM_ProgramRefreshRate
</UL>
<BR>[Calls]<UL><LI><a href="#[d7]">&gt;&gt;</a>&nbsp;&nbsp;&nbsp;FMC_SDRAM_ProgramRefreshRate
</UL>
<BR>[Called By]<UL><LI><a href="#[a2]">&gt;&gt;</a>&nbsp;&nbsp;&nbsp;BSP_SDRAM_Initialization_sequence
</UL>

<P><STRONG><a name="[a3]"></a>HAL_SDRAM_SendCommand</STRONG> (Thumb, 48 bytes, Stack size 16 bytes, stm32f7xx_hal_sdram.o(i.HAL_SDRAM_SendCommand))
<BR><BR>[Stack]<UL><LI>Max Depth = 32<LI>Call Chain = HAL_SDRAM_SendCommand &rArr; FMC_SDRAM_SendCommand
</UL>
<BR>[Calls]<UL><LI><a href="#[d8]">&gt;&gt;</a>&nbsp;&nbsp;&nbsp;FMC_SDRAM_SendCommand
</UL>
<BR>[Called By]<UL><LI><a href="#[a2]">&gt;&gt;</a>&nbsp;&nbsp;&nbsp;BSP_SDRAM_Initialization_sequence
</UL>

<P><STRONG><a name="[cb]"></a>HAL_SYSTICK_Config</STRONG> (Thumb, 38 bytes, Stack size 8 bytes, stm32f7xx_hal_cortex.o(i.HAL_SYSTICK_Config))
<BR><BR>[Stack]<UL><LI>Max Depth = 8<LI>Call Chain = HAL_SYSTICK_Config
</UL>
<BR>[Calls]<UL><LI><a href="#[cf]">&gt;&gt;</a>&nbsp;&nbsp;&nbsp;__NVIC_SetPriority
</UL>
<BR>[Called By]<UL><LI><a href="#[c9]">&gt;&gt;</a>&nbsp;&nbsp;&nbsp;HAL_InitTick
</UL>

<P><STRONG><a name="[e2]"></a>HAL_TIMEx_Break2Callback</STRONG> (Thumb, 2 bytes, Stack size 0 bytes, stm32f7xx_hal_tim_ex.o(i.HAL_TIMEx_Break2Callback))
<BR><BR>[Called By]<UL><LI><a href="#[dc]">&gt;&gt;</a>&nbsp;&nbsp;&nbsp;HAL_TIM_IRQHandler
</UL>

<P><STRONG><a name="[e1]"></a>HAL_TIMEx_BreakCallback</STRONG> (Thumb, 2 bytes, Stack size 0 bytes, stm32f7xx_hal_tim_ex.o(i.HAL_TIMEx_BreakCallback))
<BR><BR>[Called By]<UL><LI><a href="#[dc]">&gt;&gt;</a>&nbsp;&nbsp;&nbsp;HAL_TIM_IRQHandler
</UL>

<P><STRONG><a name="[e4]"></a>HAL_TIMEx_CommutCallback</STRONG> (Thumb, 2 bytes, Stack size 0 bytes, stm32f7xx_hal_tim_ex.o(i.HAL_TIMEx_CommutCallback))
<BR><BR>[Called By]<UL><LI><a href="#[dc]">&gt;&gt;</a>&nbsp;&nbsp;&nbsp;HAL_TIM_IRQHandler
</UL>

<P><STRONG><a name="[109]"></a>HAL_TIMEx_MasterConfigSynchronization</STRONG> (Thumb, 134 bytes, Stack size 20 bytes, stm32f7xx_hal_tim_ex.o(i.HAL_TIMEx_MasterConfigSynchronization))
<BR><BR>[Stack]<UL><LI>Max Depth = 20<LI>Call Chain = HAL_TIMEx_MasterConfigSynchronization
</UL>
<BR>[Called By]<UL><LI><a href="#[6b]">&gt;&gt;</a>&nbsp;&nbsp;&nbsp;main
</UL>

<P><STRONG><a name="[d9]"></a>HAL_TIM_Base_Init</STRONG> (Thumb, 54 bytes, Stack size 8 bytes, stm32f7xx_hal_tim.o(i.HAL_TIM_Base_Init))
<BR><BR>[Stack]<UL><LI>Max Depth = 32<LI>Call Chain = HAL_TIM_Base_Init &rArr; HAL_TIM_Base_MspInit &rArr; HAL_NVIC_SetPriority
</UL>
<BR>[Calls]<UL><LI><a href="#[da]">&gt;&gt;</a>&nbsp;&nbsp;&nbsp;HAL_TIM_Base_MspInit
<LI><a href="#[db]">&gt;&gt;</a>&nbsp;&nbsp;&nbsp;TIM_Base_SetConfig
</UL>
<BR>[Called By]<UL><LI><a href="#[6b]">&gt;&gt;</a>&nbsp;&nbsp;&nbsp;main
</UL>

<P><STRONG><a name="[da]"></a>HAL_TIM_Base_MspInit</STRONG> (Thumb, 50 bytes, Stack size 8 bytes, stm32f7xx_hal_msp.o(i.HAL_TIM_Base_MspInit))
<BR><BR>[Stack]<UL><LI>Max Depth = 24<LI>Call Chain = HAL_TIM_Base_MspInit &rArr; HAL_NVIC_SetPriority
</UL>
<BR>[Calls]<UL><LI><a href="#[a8]">&gt;&gt;</a>&nbsp;&nbsp;&nbsp;HAL_NVIC_SetPriority
<LI><a href="#[a9]">&gt;&gt;</a>&nbsp;&nbsp;&nbsp;HAL_NVIC_EnableIRQ
</UL>
<BR>[Called By]<UL><LI><a href="#[d9]">&gt;&gt;</a>&nbsp;&nbsp;&nbsp;HAL_TIM_Base_Init
</UL>

<P><STRONG><a name="[111]"></a>HAL_TIM_Base_Start_IT</STRONG> (Thumb, 40 bytes, Stack size 0 bytes, stm32f7xx_hal_tim.o(i.HAL_TIM_Base_Start_IT))
<BR><BR>[Called By]<UL><LI><a href="#[6b]">&gt;&gt;</a>&nbsp;&nbsp;&nbsp;main
</UL>

[...]
</UL>

<P><STRONG><a name="[12d]"></a>xObjectData</STRONG> (Thumb, 206 bytes, Stack size 32 bytes, object.o(i.xObjectData))
<BR><BR>[Stack]<UL><LI>Max Depth = 264<LI>Call Chain = xObjectData &rArr; xSetVisible &rArr; xSetObjectTo &rArr; xFindPicOverlapXYWL &rArr; xIsPicOverlapping
</UL>
<BR>[Calls]<UL><LI><a href="#[126]">&gt;&gt;</a>&nbsp;&nbsp;&nbsp;xSetVisible
<LI><a href="#[82]">&gt;&gt;</a>&nbsp;&nbsp;&nbsp;calloc
<LI><a href="#[af]">&gt;&gt;</a>&nbsp;&nbsp;&nbsp;free
</UL>
<BR>[Called By]<UL><LI><a href="#[112]">&gt;&gt;</a>&nbsp;&nbsp;&nbsp;xInitObject
<LI><a href="#[138]">&gt;&gt;</a>&nbsp;&nbsp;&nbsp;xNewObject
<LI><a href="#[11a]">&gt;&gt;</a>&nbsp;&nbsp;&nbsp;xGetObject
<LI><a href="#[12b]">&gt;&gt;</a>&nbsp;&nbsp;&nbsp;xDeleteObject
</UL>

<P><STRONG><a name="[121]"></a>xObjectGroup_AddObj</STRONG> (Thumb, 64 bytes, Stack size 16 bytes, objectgroup.o(i.xObjectGroup_AddObj))
<BR><BR>[Stack]<UL><LI>Max Depth = 44<LI>Call Chain = xObjectGroup_AddObj &rArr; calloc &rArr; malloc
</UL>
<BR>[Calls]<UL><LI><a href="#[82]">&gt;&gt;</a>&nbsp;&nbsp;&nbsp;calloc
</UL>
<BR>[Called By]<UL><LI><a href="#[6f]">&gt;&gt;</a>&nbsp;&nbsp;&nbsp;vDetectPress_NewDel
</UL>

<P><STRONG><a name="[11f]"></a>xObjectGroup_GetObj</STRONG> (Thumb, 30 bytes, Stack size 0 bytes, objectgroup.o(i.xObjectGroup_GetObj))
<BR><BR>[Called By]<UL><LI><a href="#[116]">&gt;&gt;</a>&nbsp;&nbsp;&nbsp;vPressMove_Group
<LI><a href="#[6f]">&gt;&gt;</a>&nbsp;&nbsp;&nbsp;vDetectPress_NewDel
<LI><a href="#[117]">&gt;&gt;</a>&nbsp;&nbsp;&nbsp;vBallJump_Group
<LI><a href="#[11e]">&gt;&gt;</a>&nbsp;&nbsp;&nbsp;xMovePyObj
</UL>

<P><STRONG><a name="[133]"></a>xObjectGroup_GetTop</STRONG> (Thumb, 6 bytes, Stack size 0 bytes, objectgroup.o(i.xObjectGroup_GetTop))
<BR><BR>[Called By]<UL><LI><a href="#[11e]">&gt;&gt;</a>&nbsp;&nbsp;&nbsp;xMovePyObj
</UL>

<P><STRONG><a name="[134]"></a>xObjectGroup_IsObjInGroup</STRONG> (Thumb, 20 bytes, Stack size 0 bytes, objectgroup.o(i.xObjectGroup_IsObjInGroup))
<BR><BR>[Called By]<UL><LI><a href="#[11e]">&gt;&gt;</a>&nbsp;&nbsp;&nbsp;xMovePyObj
</UL>

<P><STRONG><a name="[114]"></a>xObjectGroup_New</STRONG> (Thumb, 60 bytes, Stack size 16 bytes, objectgroup.o(i.xObjectGroup_New))
<BR><BR>[Stack]<UL><LI>Max Depth = 44<LI>Call Chain = xObjectGroup_New &rArr; calloc &rArr; malloc
</UL>
<BR>[Calls]<UL><LI><a href="#[139]">&gt;&gt;</a>&nbsp;&nbsp;&nbsp;xObjectGroup_FindEmptyGroupNum
<LI><a href="#[82]">&gt;&gt;</a>&nbsp;&nbsp;&nbsp;calloc
</UL>
<BR>[Called By]<UL><LI><a href="#[6b]">&gt;&gt;</a>&nbsp;&nbsp;&nbsp;main
</UL>

<P><STRONG><a name="[12c]"></a>xObjectGroup_RemoveObjFromAllGroup</STRONG> (Thumb, 66 bytes, Stack size 16 bytes, objectgroup.o(i.xObjectGroup_RemoveObjFromAllGroup))
<BR><BR>[Stack]<UL><LI>Max Depth = 24<LI>Call Chain = xObjectGroup_RemoveObjFromAllGroup &rArr; free
</UL>
<BR>[Calls]<UL><LI><a href="#[af]">&gt;&gt;</a>&nbsp;&nbsp;&nbsp;free
</UL>
<BR>[Called By]<UL><LI><a href="#[12b]">&gt;&gt;</a>&nbsp;&nbsp;&nbsp;xDeleteObject
</UL>

<P><STRONG><a name="[122]"></a>xObjectType_ImportPic</STRONG> (Thumb, 20 bytes, Stack size 0 bytes, object.o(i.xObjectType_ImportPic))
<BR><BR>[Called By]<UL><LI><a href="#[6f]">&gt;&gt;</a>&nbsp;&nbsp;&nbsp;vDetectPress_NewDel
</UL>

<P><STRONG><a name="[129]"></a>xPointInObject</STRONG> (Thumb, 40 bytes, Stack size 8 bytes, object.o(i.xPointInObject))
<BR><BR>[Stack]<UL><LI>Max Depth = 8<LI>Call Chain = xPointInObject
</UL>
<BR>[Called By]<UL><LI><a href="#[116]">&gt;&gt;</a>&nbsp;&nbsp;&nbsp;vPressMove_Group
</UL>

<P><STRONG><a name="[12e]"></a>xPyObjData</STRONG> (Thumb, 234 bytes, Stack size 32 bytes, pyobj.o(i.xPyObjData))
<BR><BR>[Stack]<UL><LI>Max Depth = 304<LI>Call Chain = xPyObjData &rArr; xDeleteObject &rArr; xObjectData &rArr; xSetVisible &rArr; xSetObjectTo &rArr; xFindPicOverlapXYWL &rArr; xIsPicOverlapping
</UL>
<BR>[Calls]<UL><LI><a href="#[138]">&gt;&gt;</a>&nbsp;&nbsp;&nbsp;xNewObject
<LI><a href="#[12b]">&gt;&gt;</a>&nbsp;&nbsp;&nbsp;xDeleteObject
<LI><a href="#[82]">&gt;&gt;</a>&nbsp;&nbsp;&nbsp;calloc
<LI><a href="#[af]">&gt;&gt;</a>&nbsp;&nbsp;&nbsp;free
</UL>
<BR>[Called By]<UL><LI><a href="#[113]">&gt;&gt;</a>&nbsp;&nbsp;&nbsp;xInitPyObj
<LI><a href="#[11d]">&gt;&gt;</a>&nbsp;&nbsp;&nbsp;xGetPyObjByObj
<LI><a href="#[120]">&gt;&gt;</a>&nbsp;&nbsp;&nbsp;xNewPyObj
<LI><a href="#[127]">&gt;&gt;</a>&nbsp;&nbsp;&nbsp;xDeletePyObj
</UL>

<P><STRONG><a name="[125]"></a>xSetObjectTo</STRONG> (Thumb, 382 bytes, Stack size 128 bytes, object.o(i.xSetObjectTo))
<BR><BR>[Stack]<UL><LI>Max Depth = 224<LI>Call Chain = xSetObjectTo &rArr; xFindPicOverlapXYWL &rArr; xIsPicOverlapping
</UL>
<BR>[Calls]<UL><LI><a href="#[12f]">&gt;&gt;</a>&nbsp;&nbsp;&nbsp;xFindPicOverlapXYWL
<LI><a href="#[11b]">&gt;&gt;</a>&nbsp;&nbsp;&nbsp;uiGetObjectPixel
<LI><a href="#[119]">&gt;&gt;</a>&nbsp;&nbsp;&nbsp;uiFindObjectAtPixel
<LI><a href="#[fb]">&gt;&gt;</a>&nbsp;&nbsp;&nbsp;ObjectLCDSetPixel
<LI><a href="#[13a]">&gt;&gt;</a>&nbsp;&nbsp;&nbsp;vInLCDRange
</UL>
<BR>[Called By]<UL><LI><a href="#[6f]">&gt;&gt;</a>&nbsp;&nbsp;&nbsp;vDetectPress_NewDel
<LI><a href="#[126]">&gt;&gt;</a>&nbsp;&nbsp;&nbsp;xSetVisible
<LI><a href="#[12a]">&gt;&gt;</a>&nbsp;&nbsp;&nbsp;xMoveObject
</UL>

<P><STRONG><a name="[126]"></a>xSetVisible</STRONG> (Thumb, 22 bytes, Stack size 8 bytes, object.o(i.xSetVisible))
<BR><BR>[Stack]<UL><LI>Max Depth = 232<LI>Call Chain = xSetVisible &rArr; xSetObjectTo &rArr; xFindPicOverlapXYWL &rArr; xIsPicOverlapping
</UL>
<BR>[Calls]<UL><LI><a href="#[125]">&gt;&gt;</a>&nbsp;&nbsp;&nbsp;xSetObjectTo
</UL>
<BR>[Called By]<UL><LI><a href="#[6f]">&gt;&gt;</a>&nbsp;&nbsp;&nbsp;vDetectPress_NewDel
<LI><a href="#[12d]">&gt;&gt;</a>&nbsp;&nbsp;&nbsp;xObjectData
</UL>
<P>
<H3>
Local Symbols
</H3>
<P><STRONG><a name="[f6]"></a>MX_DMA2D_Init</STRONG> (Thumb, 52 bytes, Stack size 8 bytes, main.o(i.MX_DMA2D_Init))
<BR><BR>[Stack]<UL><LI>Max Depth = 32<LI>Call Chain = MX_DMA2D_Init &rArr; HAL_DMA2D_Init &rArr; HAL_DMA2D_MspInit
</UL>
<BR>[Calls]<UL><LI><a href="#[b1]">&gt;&gt;</a>&nbsp;&nbsp;&nbsp;HAL_DMA2D_Init
<LI><a href="#[f5]">&gt;&gt;</a>&nbsp;&nbsp;&nbsp;HAL_DMA2D_ConfigLayer
</UL>
<BR>[Called By]<UL><LI><a href="#[6b]">&gt;&gt;</a>&nbsp;&nbsp;&nbsp;main
</UL>

<P><STRONG><a name="[f7]"></a>MX_FMC_Init</STRONG> (Thumb, 80 bytes, Stack size 48 bytes, main.o(i.MX_FMC_Init))
<BR><BR>[Stack]<UL><LI>Max Depth = 152<LI>Call Chain = MX_FMC_Init &rArr; HAL_SDRAM_Init &rArr; HAL_SDRAM_MspInit &rArr; HAL_FMC_MspInit &rArr; HAL_GPIO_Init
</UL>
<BR>[Calls]<UL><LI><a href="#[a1]">&gt;&gt;</a>&nbsp;&nbsp;&nbsp;HAL_SDRAM_Init
<LI><a href="#[ba]">&gt;&gt;</a>&nbsp;&nbsp;&nbsp;__aeabi_memclr4
</UL>
<BR>[Called By]<UL><LI><a href="#[6b]">&gt;&gt;</a>&nbsp;&nbsp;&nbsp;main
</UL>

<P><STRONG><a name="[f8]"></a>MX_GPIO_Init</STRONG> (Thumb, 1258 bytes, Stack size 64 bytes, main.o(i.MX_GPIO_Init))
<BR><BR>[Stack]<UL><LI>Max Depth = 104<LI>Call Chain = MX_GPIO_Init &rArr; HAL_GPIO_Init
</UL>
<BR>[Calls]<UL><LI><a href="#[93]">&gt;&gt;</a>&nbsp;&nbsp;&nbsp;HAL_GPIO_WritePin
<LI><a href="#[9e]">&gt;&gt;</a>&nbsp;&nbsp;&nbsp;HAL_GPIO_Init
<LI><a href="#[ba]">&gt;&gt;</a>&nbsp;&nbsp;&nbsp;__aeabi_memclr4
</UL>
<BR>[Called By]<UL><LI><a href="#[6b]">&gt;&gt;</a>&nbsp;&nbsp;&nbsp;main
</UL>

<P><STRONG><a name="[f9]"></a>MX_LTDC_Init</STRONG> (Thumb, 204 bytes, Stack size 128 bytes, main.o(i.MX_LTDC_Init))
<BR><BR>[Stack]<UL><LI>Max Depth = 232<LI>Call Chain = MX_LTDC_Init &rArr; HAL_LTDC_Init &rArr; HAL_LTDC_MspInit &rArr; HAL_GPIO_Init
</UL>
<BR>[Calls]<UL><LI><a href="#[99]">&gt;&gt;</a>&nbsp;&nbsp;&nbsp;HAL_LTDC_Init
<LI><a href="#[9d]">&gt;&gt;</a>&nbsp;&nbsp;&nbsp;HAL_LTDC_ConfigLayer
<LI><a href="#[ba]">&gt;&gt;</a>&nbsp;&nbsp;&nbsp;__aeabi_memclr4
</UL>
<BR>[Called By]<UL><LI><a href="#[6b]">&gt;&gt;</a>&nbsp;&nbsp;&nbsp;main
</UL>

<P><STRONG><a name="[fa]"></a>MX_USART1_UART_Init</STRONG> (Thumb, 48 bytes, Stack size 8 bytes, main.o(i.MX_USART1_UART_Init))
<BR><BR>[Stack]<UL><LI>Max Depth = 96<LI>Call Chain = MX_USART1_UART_Init &rArr; HAL_UART_Init &rArr; HAL_UART_MspInit &rArr; HAL_GPIO_Init
</UL>
<BR>[Calls]<UL><LI><a href="#[e6]">&gt;&gt;</a>&nbsp;&nbsp;&nbsp;HAL_UART_Init
</UL>
<BR>[Called By]<UL><LI><a href="#[6b]">&gt;&gt;</a>&nbsp;&nbsp;&nbsp;main
</UL>

<P><STRONG><a name="[b9]"></a>HAL_FMC_MspInit</STRONG> (Thumb, 146 bytes, Stack size 48 bytes, stm32f7xx_hal_msp.o(i.HAL_FMC_MspInit))
<BR><BR>[Stack]<UL><LI>Max Depth = 88<LI>Call Chain = HAL_FMC_MspInit &rArr; HAL_GPIO_Init
</UL>
<BR>[Calls]<UL><LI><a href="#[9e]">&gt;&gt;</a>&nbsp;&nbsp;&nbsp;HAL_GPIO_Init
<LI><a href="#[ba]">&gt;&gt;</a>&nbsp;&nbsp;&nbsp;__aeabi_memclr4
</UL>
<BR>[Called By]<UL><LI><a href="#[d4]">&gt;&gt;</a>&nbsp;&nbsp;&nbsp;HAL_SDRAM_MspInit
</UL>

<P><STRONG><a name="[cf]"></a>__NVIC_SetPriority</STRONG> (Thumb, 34 bytes, Stack size 0 bytes, stm32f7xx_hal_cortex.o(i.__NVIC_SetPriority))
<BR><BR>[Called By]<UL><LI><a href="#[a8]">&gt;&gt;</a>&nbsp;&nbsp;&nbsp;HAL_NVIC_SetPriority
<LI><a href="#[cb]">&gt;&gt;</a>&nbsp;&nbsp;&nbsp;HAL_SYSTICK_Config
</UL>

<P><STRONG><a name="[b6]"></a>DMA2D_SetConfig</STRONG> (Thumb, 146 bytes, Stack size 20 bytes, stm32f7xx_hal_dma2d.o(i.DMA2D_SetConfig))
<BR><BR>[Stack]<UL><LI>Max Depth = 20<LI>Call Chain = DMA2D_SetConfig
</UL>
<BR>[Called By]<UL><LI><a href="#[b5]">&gt;&gt;</a>&nbsp;&nbsp;&nbsp;HAL_DMA2D_Start
</UL>

<P><STRONG><a name="[b7]"></a>DMA_CalcBaseAndBitshift</STRONG> (Thumb, 34 bytes, Stack size 0 bytes, stm32f7xx_hal_dma.o(i.DMA_CalcBaseAndBitshift))
<BR><BR>[Called By]<UL><LI><a href="#[a7]">&gt;&gt;</a>&nbsp;&nbsp;&nbsp;HAL_DMA_Init
<LI><a href="#[a6]">&gt;&gt;</a>&nbsp;&nbsp;&nbsp;HAL_DMA_DeInit
</UL>

<P><STRONG><a name="[b8]"></a>DMA_CheckFifoParam</STRONG> (Thumb, 84 bytes, Stack size 8 bytes, stm32f7xx_hal_dma.o(i.DMA_CheckFifoParam))
<BR><BR>[Stack]<UL><LI>Max Depth = 8<LI>Call Chain = DMA_CheckFifoParam
</UL>
<BR>[Called By]<UL><LI><a href="#[a7]">&gt;&gt;</a>&nbsp;&nbsp;&nbsp;HAL_DMA_Init
</UL>

<P><STRONG><a name="[ee]"></a>I2C_Flush_TXDR</STRONG> (Thumb, 34 bytes, Stack size 0 bytes, stm32f7xx_hal_i2c.o(i.I2C_Flush_TXDR))
<BR><BR>[Called By]<UL><LI><a href="#[ed]">&gt;&gt;</a>&nbsp;&nbsp;&nbsp;I2C_IsAcknowledgeFailed
</UL>

<P><STRONG><a name="[ed]"></a>I2C_IsAcknowledgeFailed</STRONG> (Thumb, 132 bytes, Stack size 24 bytes, stm32f7xx_hal_i2c.o(i.I2C_IsAcknowledgeFailed))
<BR><BR>[Stack]<UL><LI>Max Depth = 24<LI>Call Chain = I2C_IsAcknowledgeFailed
</UL>
<BR>[Calls]<UL><LI><a href="#[b4]">&gt;&gt;</a>&nbsp;&nbsp;&nbsp;HAL_GetTick
<LI><a href="#[ee]">&gt;&gt;</a>&nbsp;&nbsp;&nbsp;I2C_Flush_TXDR
</UL>
<BR>[Called By]<UL><LI><a href="#[c6]">&gt;&gt;</a>&nbsp;&nbsp;&nbsp;I2C_WaitOnTXISFlagUntilTimeout
<LI><a href="#[c3]">&gt;&gt;</a>&nbsp;&nbsp;&nbsp;I2C_WaitOnSTOPFlagUntilTimeout
</UL>

<P><STRONG><a name="[c1]"></a>I2C_RequestMemoryRead</STRONG> (Thumb, 94 bytes, Stack size 32 bytes, stm32f7xx_hal_i2c.o(i.I2C_RequestMemoryRead))
<BR><BR>[Stack]<UL><LI>Max Depth = 72<LI>Call Chain = I2C_RequestMemoryRead &rArr; I2C_WaitOnTXISFlagUntilTimeout &rArr; I2C_IsAcknowledgeFailed
</UL>
<BR>[Calls]<UL><LI><a href="#[c6]">&gt;&gt;</a>&nbsp;&nbsp;&nbsp;I2C_WaitOnTXISFlagUntilTimeout
<LI><a href="#[c0]">&gt;&gt;</a>&nbsp;&nbsp;&nbsp;I2C_WaitOnFlagUntilTimeout
<LI><a href="#[c2]">&gt;&gt;</a>&nbsp;&nbsp;&nbsp;I2C_TransferConfig
</UL>
<BR>[Called By]<UL><LI><a href="#[bf]">&gt;&gt;</a>&nbsp;&nbsp;&nbsp;HAL_I2C_Mem_Read
</UL>

<P><STRONG><a name="[c5]"></a>I2C_RequestMemoryWrite</STRONG> (Thumb, 94 bytes, Stack size 32 bytes, stm32f7xx_hal_i2c.o(i.I2C_RequestMemoryWrite))
<BR><BR>[Stack]<UL><LI>Max Depth = 72<LI>Call Chain = I2C_RequestMemoryWrite &rArr; I2C_WaitOnTXISFlagUntilTimeout &rArr; I2C_IsAcknowledgeFailed
</UL>
<BR>[Calls]<UL><LI><a href="#[c6]">&gt;&gt;</a>&nbsp;&nbsp;&nbsp;I2C_WaitOnTXISFlagUntilTimeout
<LI><a href="#[c0]">&gt;&gt;</a>&nbsp;&nbsp;&nbsp;I2C_WaitOnFlagUntilTimeout
<LI><a href="#[c2]">&gt;&gt;</a>&nbsp;&nbsp;&nbsp;I2C_TransferConfig
</UL>
<BR>[Called By]<UL><LI><a href="#[c4]">&gt;&gt;</a>&nbsp;&nbsp;&nbsp;HAL_I2C_Mem_Write
</UL>

<P><STRONG><a name="[c2]"></a>I2C_TransferConfig</STRONG> (Thumb, 40 bytes, Stack size 16 bytes, stm32f7xx_hal_i2c.o(i.I2C_TransferConfig))
<BR><BR>[Stack]<UL><LI>Max Depth = 16<LI>Call Chain = I2C_TransferConfig
</UL>
<BR>[Called By]<UL><LI><a href="#[c4]">&gt;&gt;</a>&nbsp;&nbsp;&nbsp;HAL_I2C_Mem_Write
<LI><a href="#[bf]">&gt;&gt;</a>&nbsp;&nbsp;&nbsp;HAL_I2C_Mem_Read
<LI><a href="#[c5]">&gt;&gt;</a>&nbsp;&nbsp;&nbsp;I2C_RequestMemoryWrite
<LI><a href="#[c1]">&gt;&gt;</a>&nbsp;&nbsp;&nbsp;I2C_RequestMemoryRead
</UL>

<P><STRONG><a name="[c0]"></a>I2C_WaitOnFlagUntilTimeout</STRONG> (Thumb, 90 bytes, Stack size 24 bytes, stm32f7xx_hal_i2c.o(i.I2C_WaitOnFlagUntilTimeout))
<BR><BR>[Stack]<UL><LI>Max Depth = 24<LI>Call Chain = I2C_WaitOnFlagUntilTimeout
</UL>
<BR>[Calls]<UL><LI><a href="#[b4]">&gt;&gt;</a>&nbsp;&nbsp;&nbsp;HAL_GetTick
</UL>
<BR>[Called By]<UL><LI><a href="#[c4]">&gt;&gt;</a>&nbsp;&nbsp;&nbsp;HAL_I2C_Mem_Write
<LI><a href="#[bf]">&gt;&gt;</a>&nbsp;&nbsp;&nbsp;HAL_I2C_Mem_Read
<LI><a href="#[c5]">&gt;&gt;</a>&nbsp;&nbsp;&nbsp;I2C_RequestMemoryWrite
<LI><a href="#[c1]">&gt;&gt;</a>&nbsp;&nbsp;&nbsp;I2C_RequestMemoryRead
</UL>

<P><STRONG><a name="[c3]"></a>I2C_WaitOnSTOPFlagUntilTimeout</STRONG> (Thumb, 78 bytes, Stack size 16 bytes, stm32f7xx_hal_i2c.o(i.I2C_WaitOnSTOPFlagUntilTimeout))
<BR><BR>[Stack]<UL><LI>Max Depth = 40<LI>Call Chain = I2C_WaitOnSTOPFlagUntilTimeout &rArr; I2C_IsAcknowledgeFailed
</UL>
<BR>[Calls]<UL><LI><a href="#[b4]">&gt;&gt;</a>&nbsp;&nbsp;&nbsp;HAL_GetTick
<LI><a href="#[ed]">&gt;&gt;</a>&nbsp;&nbsp;&nbsp;I2C_IsAcknowledgeFailed
</UL>
<BR>[Called By]<UL><LI><a href="#[c4]">&gt;&gt;</a>&nbsp;&nbsp;&nbsp;HAL_I2C_Mem_Write
<LI><a href="#[bf]">&gt;&gt;</a>&nbsp;&nbsp;&nbsp;HAL_I2C_Mem_Read
</UL>

<P><STRONG><a name="[c6]"></a>I2C_WaitOnTXISFlagUntilTimeout</STRONG> (Thumb, 82 bytes, Stack size 16 bytes, stm32f7xx_hal_i2c.o(i.I2C_WaitOnTXISFlagUntilTimeout))
<BR><BR>[Stack]<UL><LI>Max Depth = 40<LI>Call Chain = I2C_WaitOnTXISFlagUntilTimeout &rArr; I2C_IsAcknowledgeFailed
</UL>
<BR>[Calls]<UL><LI><a href="#[b4]">&gt;&gt;</a>&nbsp;&nbsp;&nbsp;HAL_GetTick
<LI><a href="#[ed]">&gt;&gt;</a>&nbsp;&nbsp;&nbsp;I2C_IsAcknowledgeFailed
</UL>
<BR>[Called By]<UL><LI><a href="#[c4]">&gt;&gt;</a>&nbsp;&nbsp;&nbsp;HAL_I2C_Mem_Write
<LI><a href="#[c5]">&gt;&gt;</a>&nbsp;&nbsp;&nbsp;I2C_RequestMemoryWrite
<LI><a href="#[c1]">&gt;&gt;</a>&nbsp;&nbsp;&nbsp;I2C_RequestMemoryRead
</UL>

<P><STRONG><a name="[cd]"></a>LTDC_SetConfig</STRONG> (Thumb, 464 bytes, Stack size 48 bytes, stm32f7xx_hal_ltdc.o(i.LTDC_SetConfig))
<BR><BR>[Stack]<UL><LI>Max Depth = 48<LI>Call Chain = LTDC_SetConfig
</UL>
<BR>[Called By]<UL><LI><a href="#[9d]">&gt;&gt;</a>&nbsp;&nbsp;&nbsp;HAL_LTDC_ConfigLayer
</UL>

<P><STRONG><a name="[ef]"></a>I2Cx_Error</STRONG> (Thumb, 18 bytes, Stack size 8 bytes, stm32746g_discovery.o(i.I2Cx_Error))
<BR><BR>[Stack]<UL><LI>Max Depth = 16<LI>Call Chain = I2Cx_Error &rArr; HAL_I2C_DeInit
</UL>
<BR>[Calls]<UL><LI><a href="#[bb]">&gt;&gt;</a>&nbsp;&nbsp;&nbsp;HAL_I2C_DeInit
</UL>
<BR>[Called By]<UL><LI><a href="#[f4]">&gt;&gt;</a>&nbsp;&nbsp;&nbsp;I2Cx_WriteMultiple
<LI><a href="#[f3]">&gt;&gt;</a>&nbsp;&nbsp;&nbsp;I2Cx_ReadMultiple
</UL>

<P><STRONG><a name="[f0]"></a>I2Cx_Init</STRONG> (Thumb, 64 bytes, Stack size 8 bytes, stm32746g_discovery.o(i.I2Cx_Init))
<BR><BR>[Stack]<UL><LI>Max Depth = 96<LI>Call Chain = I2Cx_Init &rArr; I2Cx_MspInit &rArr; HAL_GPIO_Init
</UL>
<BR>[Calls]<UL><LI><a href="#[bd]">&gt;&gt;</a>&nbsp;&nbsp;&nbsp;HAL_I2C_Init
<LI><a href="#[f1]">&gt;&gt;</a>&nbsp;&nbsp;&nbsp;HAL_I2C_GetState
<LI><a href="#[f2]">&gt;&gt;</a>&nbsp;&nbsp;&nbsp;I2Cx_MspInit
</UL>
<BR>[Called By]<UL><LI><a href="#[ff]">&gt;&gt;</a>&nbsp;&nbsp;&nbsp;TS_IO_Init
</UL>

<P><STRONG><a name="[f2]"></a>I2Cx_MspInit</STRONG> (Thumb, 266 bytes, Stack size 48 bytes, stm32746g_discovery.o(i.I2Cx_MspInit))
<BR><BR>[Stack]<UL><LI>Max Depth = 88<LI>Call Chain = I2Cx_MspInit &rArr; HAL_GPIO_Init
</UL>
<BR>[Calls]<UL><LI><a href="#[a8]">&gt;&gt;</a>&nbsp;&nbsp;&nbsp;HAL_NVIC_SetPriority
<LI><a href="#[a9]">&gt;&gt;</a>&nbsp;&nbsp;&nbsp;HAL_NVIC_EnableIRQ
<LI><a href="#[9e]">&gt;&gt;</a>&nbsp;&nbsp;&nbsp;HAL_GPIO_Init
</UL>
<BR>[Called By]<UL><LI><a href="#[f0]">&gt;&gt;</a>&nbsp;&nbsp;&nbsp;I2Cx_Init
</UL>

<P><STRONG><a name="[f3]"></a>I2Cx_ReadMultiple</STRONG> (Thumb, 42 bytes, Stack size 32 bytes, stm32746g_discovery.o(i.I2Cx_ReadMultiple))
<BR><BR>[Stack]<UL><LI>Max Depth = 168<LI>Call Chain = I2Cx_ReadMultiple &rArr; HAL_I2C_Mem_Read &rArr; I2C_RequestMemoryRead &rArr; I2C_WaitOnTXISFlagUntilTimeout &rArr; I2C_IsAcknowledgeFailed
</UL>
<BR>[Calls]<UL><LI><a href="#[bf]">&gt;&gt;</a>&nbsp;&nbsp;&nbsp;HAL_I2C_Mem_Read
<LI><a href="#[ef]">&gt;&gt;</a>&nbsp;&nbsp;&nbsp;I2Cx_Error
</UL>
<BR>[Called By]<UL><LI><a href="#[100]">&gt;&gt;</a>&nbsp;&nbsp;&nbsp;TS_IO_Read
</UL>

<P><STRONG><a name="[f4]"></a>I2Cx_WriteMultiple</STRONG> (Thumb, 42 bytes, Stack size 32 bytes, stm32746g_discovery.o(i.I2Cx_WriteMultiple))
<BR><BR>[Stack]<UL><LI>Max Depth = 168<LI>Call Chain = I2Cx_WriteMultiple &rArr; HAL_I2C_Mem_Write &rArr; I2C_RequestMemoryWrite &rArr; I2C_WaitOnTXISFlagUntilTimeout &rArr; I2C_IsAcknowledgeFailed
</UL>
<BR>[Calls]<UL><LI><a href="#[c4]">&gt;&gt;</a>&nbsp;&nbsp;&nbsp;HAL_I2C_Mem_Write
<LI><a href="#[ef]">&gt;&gt;</a>&nbsp;&nbsp;&nbsp;I2Cx_Error
</UL>
<BR>[Called By]<UL><LI><a href="#[101]">&gt;&gt;</a>&nbsp;&nbsp;&nbsp;TS_IO_Write
</UL>

<P><STRONG><a name="[91]"></a>DrawChar</STRONG> (Thumb, 168 bytes, Stack size 48 bytes, stm32746g_discovery_lcd.o(i.DrawChar))
<BR><BR>[Stack]<UL><LI>Max Depth = 64<LI>Call Chain = DrawChar &rArr; BSP_LCD_DrawPixel
</UL>
<BR>[Calls]<UL><LI><a href="#[95]">&gt;&gt;</a>&nbsp;&nbsp;&nbsp;BSP_LCD_DrawPixel
</UL>
<BR>[Called By]<UL><LI><a href="#[90]">&gt;&gt;</a>&nbsp;&nbsp;&nbsp;BSP_LCD_DisplayChar
</UL>

<P><STRONG><a name="[8d]"></a>LL_FillBuffer</STRONG> (Thumb, 116 bytes, Stack size 32 bytes, stm32746g_discovery_lcd.o(i.LL_FillBuffer))
<BR><BR>[Stack]<UL><LI>Max Depth = 76<LI>Call Chain = LL_FillBuffer &rArr; HAL_DMA2D_Start &rArr; DMA2D_SetConfig
</UL>
<BR>[Calls]<UL><LI><a href="#[b1]">&gt;&gt;</a>&nbsp;&nbsp;&nbsp;HAL_DMA2D_Init
<LI><a href="#[f5]">&gt;&gt;</a>&nbsp;&nbsp;&nbsp;HAL_DMA2D_ConfigLayer
<LI><a href="#[b5]">&gt;&gt;</a>&nbsp;&nbsp;&nbsp;HAL_DMA2D_Start
<LI><a href="#[b3]">&gt;&gt;</a>&nbsp;&nbsp;&nbsp;HAL_DMA2D_PollForTransfer
</UL>
<BR>[Called By]<UL><LI><a href="#[8a]">&gt;&gt;</a>&nbsp;&nbsp;&nbsp;BSP_LCD_Clear
</UL>

<P><STRONG><a name="[108]"></a>ft5336_I2C_InitializeIfRequired</STRONG> (Thumb, 20 bytes, Stack size 8 bytes, ft5336.o(i.ft5336_I2C_InitializeIfRequired))
<BR><BR>[Stack]<UL><LI>Max Depth = 104<LI>Call Chain = ft5336_I2C_InitializeIfRequired &rArr; TS_IO_Init &rArr; I2Cx_Init &rArr; I2Cx_MspInit &rArr; HAL_GPIO_Init
</UL>
<BR>[Calls]<UL><LI><a href="#[ff]">&gt;&gt;</a>&nbsp;&nbsp;&nbsp;TS_IO_Init
</UL>
<BR>[Called By]<UL><LI><a href="#[71]">&gt;&gt;</a>&nbsp;&nbsp;&nbsp;ft5336_ReadID
<LI><a href="#[70]">&gt;&gt;</a>&nbsp;&nbsp;&nbsp;ft5336_Init
</UL>

<P><STRONG><a name="[13a]"></a>vInLCDRange</STRONG> (Thumb, 110 bytes, Stack size 28 bytes, object.o(i.vInLCDRange))
<BR><BR>[Stack]<UL><LI>Max Depth = 28<LI>Call Chain = vInLCDRange
</UL>
<BR>[Called By]<UL><LI><a href="#[125]">&gt;&gt;</a>&nbsp;&nbsp;&nbsp;xSetObjectTo
</UL>

<P><STRONG><a name="[139]"></a>xObjectGroup_FindEmptyGroupNum</STRONG> (Thumb, 64 bytes, Stack size 20 bytes, objectgroup.o(i.xObjectGroup_FindEmptyGroupNum))
<BR><BR>[Stack]<UL><LI>Max Depth = 20<LI>Call Chain = xObjectGroup_FindEmptyGroupNum
</UL>
<BR>[Called By]<UL><LI><a href="#[114]">&gt;&gt;</a>&nbsp;&nbsp;&nbsp;xObjectGroup_New
</UL>

<P><STRONG><a name="[105]"></a>_printf_core</STRONG> (Thumb, 34 bytes, Stack size 24 bytes, printfb.o(i._printf_core), UNUSED)
<BR><BR>[Called By]<UL><LI><a href="#[104]">&gt;&gt;</a>&nbsp;&nbsp;&nbsp;__0printf$bare
</UL>
<P>
<H3>
Undefined Global Symbols
</H3><HR></body></html>
